✔ sequential event budget protects full reading time and subsequent 75-second choice (1.229825ms)
✔ server rejects commands and AI advancement during presentation, preserving idempotence (22.523518ms)
✔ solo restart works during AI turn, queued animation and pending choice, retains party/monster only (7.374372ms)
✔ solo exit persists lounge state, keeps invitation code and prevents stale commands (5.514117ms)
✔ reset and exit reject all multi-human matches even when another player is disconnected (23.145429ms)
✔ spectators and outsiders cannot reset; sole player may retry after spectator leaves (16.771346ms)
✔ adventure map preserves all rule nodes and connections and keeps nodes inside painted world (1.280975ms)
✔ movement includes every traversed node; public status omits hidden cards (5.745347ms)
✔ all 116 cards have known ranks and concise readable summaries (4.690052ms)
✔ two draws interleave instant activation before the second draw (5.119487ms)
✔ ordinary, curse and set draws remain private for opponents and spectators (5.118471ms)
✔ hacker-held instant is private; public activation has explicit cause (0.970902ms)
✔ per-event hands and counts reflect one draw at a time (0.755351ms)
✔ steal exposes opaque back slots and advances remaining count one by one (2.140612ms)
✔ awakening occurs only for acquired special, with full pacing budget (1.690051ms)
✔ local order keeps duplicate card instances distinct and appends newly drawn cards (0.474648ms)
300 matches: { min: 58, mean: 79.44333333333333, max: 107 }
✔ 333 cards, secret opening, attribute semantics and conservation across 300 complete matches (18275.448353ms)
✔ dice count and +2 movement are separate; explicit landing exception is preserved (1.738674ms)
✔ curse transfers via concealed draw, blocks overshoot goal once, and finish scores freeze (1.260001ms)
✔ one defense cancels every remaining effect from the same card for this target (0.740227ms)
✔ new public special is compared, set is optional and cannot loop, duplicate uid cannot be replayed in one turn (1.252766ms)
✔ public-special score multiplier includes negative score; none stays independent (0.48104ms)
✔ authenticated coordinator: persistent party, all ready, idempotence, spectators, restart, host transfer and game switch (80.119267ms)
✔ bad instant immunity applies to the recipient of an area event; reflection never chains (1.150031ms)
✔ five-card adjustment has only one copy in the 333-card deck (3.383696ms)
✔ human waits to tap dice even with no playable cards; AI and empty post turn progress (2.148561ms)
✔ all main nodes sit on the traced painted road, board rules and 3 detours preserved (2.443476ms)
✔ batch discard exactly selected cards in one command, including discard-trigger movement (6.164338ms)
✔ invalid duplicate, stale, wrong count and foreign batch choices reject without changing state (4.204427ms)
✔ adjust hand to five with greed preserves exactly five; batch requires excess count (1.486123ms)
✔ bad instant publicly reveals only when activated; ordinary held curse stays concealed (3.549847ms)
ℹ tests 31
ℹ suites 0
ℹ pass 31
ℹ fail 0
ℹ cancelled 0
ℹ skipped 0
ℹ todo 0
ℹ duration_ms 18593.140936
