✔ all seven tickets validate and settle exactly against podium, including order sensitivity (1.655771ms)
✔ manual boost changes real distance and can change finishing order with the same random seed (87.913664ms)
✔ tap counter, sequence, cooldown, stamina and post-finish guards are authoritative (1.306377ms)
✔ chunked simulation and persisted roundtrip are deterministic, monotonic, no early finish (16.195322ms)
✔ all four effects occur; debuffs are bounded and barriers block an incoming hit (53.942303ms)
✔ forecast gives finite quotes for every combination of seven types and does not determine actual race (144.418752ms)
✔ course selection is host-only, locks on start, and alternates for the next race (299.481799ms)
✔ real coordinator snapshots/restart/duplicate command keep exactly one boost and one payout (357.332382ms)
✔ new tickets are rejected in legacy rooms and refunded once, never priced with old rules (2.250989ms)
✔ snapshot write failure rolls back movement and accepted controls; retry succeeds once (240.227333ms)
✔ five taps may stack in one tick to +90%, cost exactly50 and each expires after1.4s (2.52233ms)
✔ individual windows expire independently; no cooldown in v5 but retained in v4 (1.529696ms)
✔ burst, split and saved-for-finish inputs lead to different real motion with same seed (10.452884ms)
✔ rapid input counts pending taps immediately; acknowledgements never reset remaining count (0.855121ms)
✔ cumulative controls survive reorder, duplicates and real persistence/restart without excess cost (392.679495ms)
✔ failed burst is atomic; rejected save and low stamina cannot half-accept a cumulative intent (630.891982ms)
✔ v4 rooms retain stored forecast, cadence and cannot be joined by a v4 client into v5 (230.088341ms)
✔ MAX and integer payout cover actual55M balance and safe boundary, legacy rooms retain1M (1.373536ms)
✔ MAX debit and payout/refund remain atomic and once-only across server restart (537.257682ms)
✔ legacy over-limit packet refunds once, late max refund and unsupported clients are safe (526.976642ms)
✔ free participation at zero GOLD still settles prize and training without stake (185.040153ms)
✔ swipes distinguish horizontal/vertical, direction and long drags (0.220925ms)
✔ ordered slot correction swaps duplicate picks and never loses the other picks (1.136115ms)
✔ each panel remembers scroll and rerender restores current position (0.362314ms)
✔ all eight portraits fit without overlap at start, corners, finish and spread out (1636.385095ms)
✔ camera layout leaves progress immutable and is deterministic (1.032883ms)
✔ world positions stay on fixed race lanes and preserve centreline progress (7.310651ms)
✔ smooth camera contains all eight sprites during corners, spreads, laps, finish and resizes (689.132314ms)
✔ default following crops the course and moves smoothly with the pack; overlap is allowed (1.393394ms)
✔ party identity, ready gate, host authority, home presence, spectator admission, reuse and persistence (737.216233ms)
✔ disconnect preserves seats and transfers host after grace; game registry rejects unknown games (0.708665ms)
✔ 5/10/10/20 commands, idempotency, no over-limit, fixed total cost and capped stacking (9.784317ms)
✔ low bond produces bounded rests, bursts and missed commands; high bond obeys; seeded outcomes reproduce (125.349783ms)
✔ old room v7 keeps five uses and old temperament; overview height follows track shape (0.426679ms)
✔ sealed roof proves impossibility for all runners without waiting for timeout (4.122108ms)
✔ one open column keeps a potential cooperative escape alive (0.468971ms)
✔ one runner on the outer side of a closed roof prevents premature defeat (1.361357ms)
✔ closed cavity at a lower floor is detected, not just a full top row (0.410675ms)
✔ a falling piece does not seal the exit until it has settled (0.671931ms)
✔ topology invalidates when a new block closes the last opening (0.952194ms)
✔ the last runner with no usable hand and no reachable ledge is defeated (1.93256ms)
✔ a rotatable vertical I can still build a route in a narrow opening (4.80533ms)
✔ no usable current hand alone is not a team loss: head jumps remain possible (0.666914ms)
✔ upward momentum near the exit is included before declaring a sole runner stuck (0.585524ms)
✔ speed accelerates to 24 cells per second while the beginning stays gentle (0.295135ms)
✔ server result freezes outcome and gives every client the same 5.4 second ending (1.297394ms)
✔ escape finale rises from the escaped runner, kicks the operator away, and occupies the plinth (0.646604ms)
✔ dropper finale closes its seal before the celebration and respects reduced motion (0.22388ms)
Stairs ms: 8733 -> 3450
Quiz planned accuracy: [ '79.07', '71.20', '63.50' ] blind O% 50.10
✔ new runner clears identical two-block stairs in less than 60% of baseline time (389.697342ms)
✔ runner evades a visible falling block using normal movement after dash removal (52.864996ms)
✔ runners cooperate through head jumps to pass a three-block wall (258.965985ms)
✔ AI search never changes the actual board, hand, actors, random seed or result (29.259216ms)
✔ an unavoidable impact still kills the AI; no immunity or extra jump power (1.32965ms)
✔ dropper covers a narrow escape pocket instead of filling unrelated low ground (2.749334ms)
✔ dropper returns a legal choice across rotated hands and high stacks (38.278837ms)
✔ each quiz AI independently guesses once every two to four questions (8.282744ms)
✔ blind choices are independent of the correct answer, including hesitation (23.522125ms)
✔ quiz blind choices are approximately 50:50 and reduce all three difficulty accuracies (29.904898ms)
✔ quiz guessing schedule stays private and persisted plans survive serialization (1.26132ms)
✔ lobby selection preserves page, app, ancestor and roster scroll through rebuild/layout (0.579965ms)
✔ scroll restoration cannot drag a different game or a started match back to its lobby (0.246153ms)
✔ scroll snapshot refreshes from the current position and pending callback is cleaned up (0.14921ms)
✔ super jump rises four cells with ordinary sideways movement; normal jump stays two (4.854098ms)
✔ boost is initially ready, spends cooldown on launch and becomes available at exactly 10 seconds (0.459047ms)
✔ midair boost cannot reset velocity or consume cooldown; expired buffers cannot trigger later (0.244681ms)
✔ press just before landing buffers a single super jump (0.477785ms)
✔ super jump from a teammate head pushes an airborne lower teammate down and emits both cues (0.318921ms)
✔ boost cannot pass through a settled ceiling and old dash payloads grant no acceleration (1.062046ms)
✔ only the runner inside a newly sealed cavity dies; outside teammates keep playing (3.049677ms)
✔ a dropping roof is not a permanent seal until its landing tick (0.855552ms)
✔ all sealed runners lose in the same step, with no timeout or duplicate death events (0.693773ms)
✔ one open column is not a complete seal even if a current jump cannot reach it (0.610921ms)
✔ sole runner is allowed to wait for a four-cell boost when no hand can be placed (3.36382ms)
✔ saved Build519 active matches migrate once and persisted boost cooldown survives reloading (1.762148ms)
✔ wire v4 merges simultaneous action edges but rejects stale v2 clients and duplicate packets (1.042137ms)
✔ AI uses the same four-cell boost to climb a high platform without mutating a live decision state (52.132976ms)
✔ camera uses all but 24 pixels of screen width and keeps a boosted runner in view (10.371244ms)
✔ overview contains every playable row; resize resets camera safely (2.372969ms)
✔ touch directions support two fingers, sliding, cancellation and returning to the remaining thumb (1.269772ms)
✔ native canvas caches remain unchanged during camera travel and rebuild only for size/board changes (521.954772ms)
✔ Build521 exit is 20: boosting from 15 is insufficient, from 16 wins, normal jump from 18 wins (4.932694ms)
✔ Build521 all 200 cells participate in sealing, including the upper four new rows (0.917043ms)
✔ Build521 blocks fit up to row 20 without overflowing the new ceiling (0.388002ms)
✔ Build521 migration from Build520 preserves an existing boost cooldown (0.733041ms)
✔ Build521 three initially stacked runners cannot instantly clear by using all boosts together (6.202206ms)
✔ Build521 rejects the actual previous Build520 wire capability while accepting the new one (1.800775ms)
✔ greed doubles extra dice, caps at five, and amplifies roll and bonus exactly once (6.875249ms)
✔ greed +10 card becomes 20, including exact remaining distance through forks (2.043714ms)
✔ normal roll never doubles a second time after selecting a fork (20.12004ms)
✔ unvisited gates stop +10/greed before wasting remainder; preview matches authority (2.116461ms)
✔ visited gates are passable and preview shows the next first-visit stop (0.924914ms)
✔ negative movement and discards double; payment costs and fixed effects do not (1.691685ms)
✔ draw/recover/steal amplify once, and the receiver greed does not multiply incoming theft again (1.400265ms)
✔ greed expires after two playable own turns, and skipped turns do not spend it (1.850208ms)
✔ greed acquired after movement keeps two future turns; transfer preserves remaining lifetime (2.483843ms)
✔ pinch rage probability escalates with shared anger: 25 / 55 / 80 percent (6.468808ms)
✔ three consecutive pinches cannot escape: third always loses, even RNG 99 (1.111349ms)
✔ pending pinch outcome survives serialization, stays private, and duplicate input does not reroll (1.35575ms)
✔ wrong actor / expired / stale pinch rejects before RNG draw (0.38625ms)
✔ ordinary hair still uses the original mercy coin even at maximum anger (0.349295ms)
✔ 8/16 plans have unique hands and a finisher in every final box; mismatched plans reject (9.319964ms)
✔ complete 8/16-round matches with four humans and with three AI reach results exactly once (19.907245ms)
✔ crown fires on round16 only; round8 is an ordinary turn in a 16-round match (2.223649ms)
✔ round16 preserves exact enormous distances and other player hands stay secret (1.738514ms)
✔ host round selection validates phase/value, resets ready only on a change, and starts chosen length (8.103118ms)
✔ mixed old/new clients cannot start a changed minigame (0.324228ms)
✔ running frames target only subscribers in that race, omit account/forecast data and hide RNG (8.68698ms)
✔ visual ticks checkpoint every two seconds while boost acceptance is immediately durable and idempotent (41.139204ms)
✔ new visual update cadence has identical simulation state and authoritative finishing order (54.232953ms)
✔ compact client frames cannot switch rooms, roll back time or replace account state; boost ack clears pending (1.901914ms)
✔ snapshot corrections do not move racers backwards; packet gaps freeze after bounded extrapolation (3.710041ms)
✔ strictly less than half-width edge contacts slide out on both sides; half or greater crushes (2.805377ms)
✔ a blocked slide destination dies immediately; cannot pick the far side or teleport through a wall (0.479857ms)
✔ another falling cell at the slide destination also crushes immediately (0.267154ms)
✔ cell seams and stacked contacts use total covered width, never per-cell forgiveness (0.245602ms)
✔ safe downward displacement and support remain valid; only actual crushing kills deep contact (0.276788ms)
✔ super jump cooldown is 10000 ms; early repeat fails, ready repeat succeeds (0.416033ms)
✔ three runners wait calmly on a safe flat floor for 30 seconds, no head hopping (12.4372ms)
✔ old tower clients cannot send movement after the rules update (2.402372ms)
✔ calm AI still uses a ready super jump from the last four rows to escape (13.801171ms)
ℹ tests 120
ℹ suites 0
ℹ pass 120
ℹ fail 0
ℹ cancelled 0
ℹ skipped 0
ℹ todo 0
ℹ duration_ms 1750.473786
