✔ build305 keeps the first 4v4 reward useful (1.826327ms)
✔ build305 4v4 rewards are monotonic and economically capped through stage 10000 (16.327632ms)
✔ build305 grants 4v4 equipment only at the intended first-clear milestones (4.421443ms)
✔ build305 safeCurrencyGrant saturates without exceeding MAX_SAFE_INTEGER (0.260433ms)
✔ build308 offline campaign trophy uses the boss chest economy and reveals its currency (31.25951ms)
✔ build305 offline mimic crystals use the converted economy depth (6.252566ms)
✔ Build308 normal reentry merges per-boss receipts even when run identifiers differ (4.611951ms)
✔ Build308 local replay resets run receipts while retaining lifetime mythic ownership (0.518553ms)
✔ Build308 an explicit server replay is authoritative over a stale local replay (0.398201ms)
✔ Build308 legacy claimedBossIds safely seeds both split receipt ledgers (0.293933ms)
✔ Build308 save normalization preserves split ledgers and clears only explicit replay runs (69.859137ms)
✔ Build311 accepts every historical schema entry point and converges idempotently (348.394215ms)
✔ Build311 carries retired storyDaysSeen receipts through save migration exactly once (3.654155ms)
▶ Build311 owned multi-boss trophy equipment repairs the exact receipt without minting a duplicate
  ✔ equipment (5.418978ms)
  ✔ reserveEquipment (0.858616ms)
  ✔ bossEquipmentVault (1.840327ms)
✔ Build311 owned multi-boss trophy equipment repairs the exact receipt without minting a duplicate (8.833612ms)
✔ Build311 protects malformed save JSON from constructor and later save writes (7.845881ms)
✔ Build311 also protects syntactically valid primitive save payloads (3.635767ms)
✔ Build311 drops a malformed active battle while preserving the loaded player (55.948653ms)
✔ original scenes retain their URLs and the new scene loads only its own image (2.326622ms)
✔ motion has a fixed budget of at most 23 groups and 17 on small or constrained devices (0.648789ms)
✔ each scene and preview owns all gradient, mask and crop references (0.729251ms)
✔ motion OFF, reduced motion and image failure remove all enhanced layers and preserve the static image (1.118458ms)
✔ hidden tabs, offscreen previews, shared modals and page restoration pause and resume together (1.37213ms)
✔ settings preview does not watch unrelated page mutations and scene replacement releases every observer (0.396459ms)
✔ resource-constrained devices reduce optional details, including after a live data-saving change (0.226391ms)
✔ all unlocked homes retain formation controls, menu actions and untouched party stats (49.370995ms)
✔ current entry preserves guide/name and motion module aliases (5.493631ms)
✔ 100 home/preview replacements leave no listeners or observers after disposal (4.199869ms)
✔ ally: mirrors triggers its actual shared resonance effect (7.776477ms)
✔ ally: talismans triggers its actual shared resonance effect (3.186279ms)
✔ ally: wings triggers its actual shared resonance effect (0.524662ms)
✔ ally: garden triggers its actual shared resonance effect (0.734608ms)
✔ ally: foxmoon triggers its actual shared resonance effect (0.760328ms)
✔ ally: starthread triggers its actual shared resonance effect (0.779557ms)
✔ ally: stitch triggers its actual shared resonance effect (0.566685ms)
✔ ally: glassaria triggers its actual shared resonance effect (0.67645ms)
✔ ally: eclipsecrown triggers its actual shared resonance effect (0.573215ms)
✔ ally: oathguard triggers its actual shared resonance effect (0.806677ms)
✔ ally: rosevow triggers its actual shared resonance effect (0.488737ms)
✔ ally: twinclock triggers its actual shared resonance effect (0.46382ms)
✔ ally: wisteria triggers its actual shared resonance effect (0.381356ms)
✔ ally: twinthunder triggers its actual shared resonance effect (0.553064ms)
✔ ally: twinkeys triggers its actual shared resonance effect (0.278881ms)
✔ ally: frostshatter triggers its actual shared resonance effect (0.346323ms)
✔ ally: oathreturn triggers its actual shared resonance effect (0.810504ms)
✔ ally: starconfluence triggers its actual shared resonance effect (0.334665ms)
✔ ally: crimsonwings triggers its actual shared resonance effect (0.206251ms)
✔ ally: absolutionbells triggers its actual shared resonance effect (0.325521ms)
✔ ally: eclipserenewal triggers its actual shared resonance effect (0.233753ms)
✔ ally: dreamharvest triggers its actual shared resonance effect (0.183246ms)
✔ ally: dragonliberation triggers its actual shared resonance effect (0.207433ms)
✔ ally: crownsfinale triggers its actual shared resonance effect (0.559334ms)
✔ enemy: mirrors triggers its actual shared resonance effect (0.367074ms)
✔ enemy: talismans triggers its actual shared resonance effect (0.209927ms)
✔ enemy: wings triggers its actual shared resonance effect (0.087892ms)
✔ enemy: garden triggers its actual shared resonance effect (0.176977ms)
✔ enemy: foxmoon triggers its actual shared resonance effect (0.3178ms)
✔ enemy: starthread triggers its actual shared resonance effect (0.311871ms)
✔ enemy: stitch triggers its actual shared resonance effect (0.21225ms)
✔ enemy: glassaria triggers its actual shared resonance effect (0.288305ms)
✔ enemy: eclipsecrown triggers its actual shared resonance effect (0.228435ms)
✔ enemy: oathguard triggers its actual shared resonance effect (0.27826ms)
✔ enemy: rosevow triggers its actual shared resonance effect (0.312232ms)
✔ enemy: twinclock triggers its actual shared resonance effect (0.312261ms)
✔ enemy: wisteria triggers its actual shared resonance effect (0.400395ms)
✔ enemy: twinthunder triggers its actual shared resonance effect (0.375016ms)
✔ enemy: twinkeys triggers its actual shared resonance effect (0.166722ms)
✔ enemy: frostshatter triggers its actual shared resonance effect (0.211169ms)
✔ enemy: oathreturn triggers its actual shared resonance effect (0.295806ms)
✔ enemy: starconfluence triggers its actual shared resonance effect (0.212821ms)
✔ enemy: crimsonwings triggers its actual shared resonance effect (0.19868ms)
✔ enemy: absolutionbells triggers its actual shared resonance effect (0.366704ms)
✔ enemy: eclipserenewal triggers its actual shared resonance effect (0.275977ms)
✔ enemy: dreamharvest triggers its actual shared resonance effect (0.274034ms)
✔ enemy: dragonliberation triggers its actual shared resonance effect (0.395457ms)
✔ enemy: crownsfinale triggers its actual shared resonance effect (0.383329ms)
✔ 24 pairs stop on partner control, death, capture and isolation; copies do not add activations (6.576611ms)
✔ no false conditional benefits from misses, plain targets, empty cleansing or empty dispel (4.146639ms)
✔ only natural attacks record focus; effects use maximum rather than sum (4.412009ms)
✔ defensive event attribution, one battle rescue, lethal hits and DoT crossing (2.699805ms)
✔ save and restore keeps quotas, focus, charge and consumption without copying cues (1.195765ms)
✔ cutins have 24 themes, two escaped names, distinct phases and no input controls (1.289887ms)
✔ lowest-HP aid may heal a sleeping third member; no late perk after a partner falls mid-hit (1.125569ms)
✔ pair discount agrees between MP affordability, battle skill buttons and enemy native AI (159.113738ms)
✔ ally: atkDown converts before resistance, without derived stun (12.869789ms)
✔ ally: defDown converts before resistance, without derived stun (1.879858ms)
✔ ally: spdDown converts before resistance, without derived stun (1.598593ms)
✔ ally: accuracyDown converts before resistance, without derived stun (0.832491ms)
✔ ally: evasionDown converts before resistance, without derived stun (0.472503ms)
✔ ally: vulnerable converts before resistance, without derived stun (0.369067ms)
✔ ally: healDown converts before resistance, without derived stun (0.375026ms)
✔ ally: mpRecoveryDown converts before resistance, without derived stun (2.110175ms)
✔ ally: reviveSeal converts before resistance, without derived stun (0.738295ms)
✔ ally: curse converts before resistance, without derived stun (0.830784ms)
✔ ally: poison converts before resistance, without derived stun (0.365241ms)
✔ ally: burn converts before resistance, without derived stun (0.316368ms)
✔ ally: bleed converts before resistance, without derived stun (0.265321ms)
✔ ally: sleep converts before resistance, without derived stun (0.267294ms)
✔ ally: freeze converts before resistance, without derived stun (0.37767ms)
✔ ally: paralysis converts before resistance, without derived stun (0.383378ms)
✔ ally: shock converts before resistance, without derived stun (0.316167ms)
✔ ally: stun converts before resistance, without derived stun (0.430069ms)
✔ ally: charm converts before resistance, without derived stun (0.337419ms)
✔ ally: confusion converts before resistance, without derived stun (0.368826ms)
✔ ally: fear converts before resistance, without derived stun (0.715169ms)
✔ ally: pact once per species across revival; secondary pact cannot chain (15.389978ms)
✔ ally: pact ignores self, ally, reflection, costs and followups (3.194211ms)
✔ ally: pact killer selection and protected MATK coefficient (4.416215ms)
✔ ally: hibernation skips ten actions, discharges on eleven, no extra ticks (2.262224ms)
✔ ally: sleep/control does not count; death before first action and later revive permanently cancels (0.528237ms)
✔ ally: absorbed death count is unique, shared, capped and does not heal (1.90158ms)
✔ ally: dead absorber gets no simultaneous batch; captures and summons excluded (0.9743ms)
✔ ally: paper body stays HP100; all shields rejected; opening and actions share quota (2.008992ms)
✔ ally: automatic rescue precedes pact/growth/hibernation cancellation (0.557181ms)
✔ enemy: atkDown converts before resistance, without derived stun (0.341766ms)
✔ enemy: defDown converts before resistance, without derived stun (0.264829ms)
✔ enemy: spdDown converts before resistance, without derived stun (0.187113ms)
✔ enemy: accuracyDown converts before resistance, without derived stun (0.210738ms)
✔ enemy: evasionDown converts before resistance, without derived stun (0.231649ms)
✔ enemy: vulnerable converts before resistance, without derived stun (0.353143ms)
✔ enemy: healDown converts before resistance, without derived stun (0.260954ms)
✔ enemy: mpRecoveryDown converts before resistance, without derived stun (0.38417ms)
✔ enemy: reviveSeal converts before resistance, without derived stun (0.17906ms)
✔ enemy: curse converts before resistance, without derived stun (0.453013ms)
✔ enemy: poison converts before resistance, without derived stun (0.546535ms)
✔ enemy: burn converts before resistance, without derived stun (0.294314ms)
✔ enemy: bleed converts before resistance, without derived stun (0.271329ms)
✔ enemy: sleep converts before resistance, without derived stun (0.25127ms)
✔ enemy: freeze converts before resistance, without derived stun (0.2587ms)
✔ enemy: paralysis converts before resistance, without derived stun (0.256016ms)
✔ enemy: shock converts before resistance, without derived stun (0.277439ms)
✔ enemy: stun converts before resistance, without derived stun (0.375396ms)
✔ enemy: charm converts before resistance, without derived stun (0.253032ms)
✔ enemy: confusion converts before resistance, without derived stun (0.205019ms)
✔ enemy: fear converts before resistance, without derived stun (0.447646ms)
✔ enemy: pact once per species across revival; secondary pact cannot chain (0.660597ms)
✔ enemy: pact ignores self, ally, reflection, costs and followups (1.033239ms)
✔ enemy: pact killer selection and protected MATK coefficient (0.484842ms)
✔ enemy: hibernation skips ten actions, discharges on eleven, no extra ticks (0.575809ms)
✔ enemy: sleep/control does not count; death before first action and later revive permanently cancels (0.27869ms)
✔ enemy: absorbed death count is unique, shared, capped and does not heal (0.656361ms)
✔ enemy: dead absorber gets no simultaneous batch; captures and summons excluded (2.907998ms)
✔ enemy: paper body stays HP100; all shields rejected; opening and actions share quota (0.567366ms)
✔ enemy: automatic rescue precedes pact/growth/hibernation cancellation (0.312512ms)
✔ inversion requires actual hostile landing; no self costs, reflection or authority conversion (0.566575ms)
✔ native DoT records hostile killer on both sides (5.485299ms)
✔ terminal protection covers boss catalog, gods, abyss, raids and online (0.177708ms)
✔ trait state + HP JSON reload preserves spent pact, sleep ticks, growth and shield duration (2.108763ms)
✔ calculated weak bodies apply after gear; growth is removed without permanent stat mutations (1.210437ms)
✔ legacy control-as-stun keeps the original ailment mapping (1.025408ms)
✔ strong ordinary regeneration and conversion regeneration use the maximum, not a sum (0.727839ms)
✔ battle cleanup removes growth and clamps excess HP without granting healing (0.654948ms)
✔ an already fallen opening party member is not a new death to absorb (0.560436ms)
✔ legacy hostile status insertion retains its origin for lethal DoT after save (1.029604ms)
✔ equipment normalization before resume preserves grown HP rather than clamping to weak entry HP (0.61595ms)
✔ favorite-only gear is visible in protection filter after lock removal (3.638701ms)
✔ explicit combined release makes eligible materials available, retaining equipped/permanent protection (2.312851ms)
✔ lock-only release keeps favorites; failed combined release restores exact flags (1.37778ms)
✔ released material can be consumed once; selected base and protected items survive (1.740938ms)
✔ skill menu opens repeatedly without random-circle, hero quota or turn hooks (6.566601ms)
✔ item menu opens repeatedly without random-circle, hero quota or turn hooks (1.109454ms)
✔ picker rejects busy battle state (1.292711ms)
✔ picker rejects auto battle state (1.713416ms)
✔ picker rejects actionCommitted battle state (1.064236ms)
✔ enemy turn and intro block menu; switching pickers closes the other one (2.404409ms)
✔ actual submitted skill and attack still enter action pipeline (3.090885ms)
✔ summon [data-modal-primary] closes during intro and preserves all rewards (24.734461ms)
✔ summon [data-modal-primary] closes during premium and preserves all rewards (1.493224ms)
✔ summon [data-modal-primary] closes during transition and preserves all rewards (0.962693ms)
✔ summon [data-modal-primary] closes during complete and preserves all rewards (1.116345ms)
✔ summon [data-modal-dismiss] closes during intro and preserves all rewards (0.8878ms)
✔ summon [data-modal-dismiss] closes during premium and preserves all rewards (1.023324ms)
✔ summon [data-modal-dismiss] closes during transition and preserves all rewards (2.196345ms)
✔ summon [data-modal-dismiss] closes during complete and preserves all rewards (0.875772ms)
✔ beginner early dismissal uses correct return destination (1.014321ms)
✔ chapterTwo397 early dismissal uses correct return destination (0.876523ms)
✔ boot cache retains operation modules and the current config target (1.799756ms)
✔ item selection commits one inventory item and hero action; duplicate taps and invalid targets consume nothing (1.720787ms)
✔ protection manager renders an explicit combined release and favorites filter (1.78263ms)
✔ one-frame chapter-two and raid circles receive stable-frame treatment; three-frame animation remains (1.565353ms)
✔ visible art and circle fit at 320px, including narrow/tall artwork (0.66967ms)
✔ visible art and circle fit at 390px, including narrow/tall artwork (0.255375ms)
✔ visible art and circle fit at 430px, including narrow/tall artwork (0.211158ms)
✔ visible art and circle fit at 768px, including narrow/tall artwork (0.216056ms)
✔ visible art and circle fit at 1280px, including narrow/tall artwork (0.187053ms)
✔ real fitting positions ally visible feet above HP and labels above art; repeat fitting is stable (1.085618ms)
✔ latest cache targets and CSS ordering preserve Build412 logic (5.940997ms)
✔ UI distinguishes spent followups from synergy and restores the next round (2.684391ms)
✔ hard sleep immunity produces a consumable half-bonus, not sleep or full damage (0.990575ms)
✔ dual conditions require their own types; one mark never satisfies two debuffs (0.331431ms)
✔ marks expire, survive checkpoints, and are not generated by chance failure/resistance/cost (0.460935ms)
✔ trial HP stays out of the normal roster save; resume and repeated binding do not multiply (3.792855ms)
✔ paper body remains HP100; endgame and online receive no adaptation (0.931086ms)
✔ protected traits use bounded defense penetration; online-compatible legacy plan remains unchanged (0.293563ms)
✔ ordinary support recommendation includes a party heal, preserving manual loadouts (2.236115ms)
✔ online profiles and HP transfer never export chapter/trial multipliers (2.139859ms)
✔ all modified browser modules, including old importer aliases, resolve to the current code (3.353872ms)
✔ online combat cannot acquire trial stats; role condition is explicit (19.69796ms)
✔ enemy-side preparation belongs to its side, pair, target and status type (1.052128ms)
✔ protected damage caps final HP loss after shield absorption (2.078427ms)
✔ full outgoing online profile stays at its ordinary stats while local battle uses adaptation (15.324579ms)
✔ primary healing support has MP for at least three casts at benchmark levels (14.389267ms)
✔ Deep Abyss and Ten Gods preserve all 68 golden stat, MP and skill profiles (61.256828ms)
✔ team: actual resolver casts canonical ultimate once, preserves MP and rejects early reuse (2.925856ms)
✔ raid: actual resolver casts canonical ultimate once, preserves MP and rejects early reuse (0.862763ms)
✔ raid and 4v4 ordinary item recovery is intercepted by active enemy healing theft (2.47117ms)
✔ 411 shared ultimate damage cannot attach HP100 body rules to legacy online enemies (1.196135ms)
✔ first chapter: real checkpoint → SaveService migration → resume preserves HP, MP, effects and turn ownership (false) (88.869899ms)
✔ first chapter: real checkpoint → SaveService migration → resume preserves HP, MP, effects and turn ownership (true) (14.283858ms)
✔ chapter two: real checkpoint → SaveService migration → resume preserves HP, MP, effects and turn ownership (false) (57.89504ms)
✔ chapter two: real checkpoint → SaveService migration → resume preserves HP, MP, effects and turn ownership (true) (11.876835ms)
✔ manual trial: real checkpoint → SaveService migration → resume preserves HP, MP, effects and turn ownership (false) (16.781988ms)
✔ manual trial: real checkpoint → SaveService migration → resume preserves HP, MP, effects and turn ownership (true) (11.753931ms)
✔ normal victory grants gold, EXP, kills and history only once while its result remains open (432.407474ms)
✔ victory result HP and level gains use ordinary post-battle stats (11.154787ms)
✔ storage quota failure keeps the last valid save and retry writes the current state once (3.833055ms)
✔ 1 battle HP remains alive through serialization and removing large trial multipliers; KO remains zero (7.81195ms)
✔ native manual skill picker waits; choosing an authored skill consumes MP and exactly one turn (25.950617ms)
✔ native auto wait honors switching to manual before committing the queued action (17.490177ms)
✔ memory defeat rescues every member at HP1 and does not charge a second loss (12.610332ms)
✔ chapter victory saves the same normal HP displayed after rewards, including storage retry (false) (411.451335ms)
✔ chapter victory saves the same normal HP displayed after rewards, including storage retry (true) (10.467268ms)
✔ defeat at floor100 stays on its result when the biome collapse callback arrives late (55.396239ms)
✔ pagehide checkpoint after defeat cannot resurrect a settled battle or its exploration snapshot (42.035953ms)
✔ loading an old orphaned normal battle preserves rescue state and drops only inactive encounter data (17.090174ms)
✔ runtime resume refuses an ordinary checkpoint belonging to an ended run (8.49762ms)
✔ an ended field cannot start a transition and leave encountering/paused stuck (5.781706ms)
✔ cancelling an encounter transition releases its own field lock (6.234039ms)
✔ native cancellation during a transition releases pause even when it already cleared encountering (5.309694ms)
✔ cancelled transition cannot release a newer encounter or another screen modal (13.123126ms)
✔ normal floor100 encounters still start with HP1 / MP0 and the selected floor is retained (25.516982ms)
✔ HP1 / MP0 / poison at floor100 completes enemy turns and defeat once, including late timers (45.12749ms)
✔ late turn completion after settlement cannot advance the queue or modify saved rescue HP (12.321963ms)
✔ legitimate memory and special battle saves remain resumable outside a normal expedition (47.31426ms)
✔ reported Serene / Fairy / Shade Cat / Thorn Bud encounter uses native AI and exits at low HP (10 seeds) (553.304107ms)
✔ area 0: tap through spring, preserve route, heal once and rearm after leaving (98.668213ms)
✔ area 1: tap through spring, preserve route, heal once and rearm after leaving (63.08983ms)
✔ area 2: tap through spring, preserve route, heal once and rearm after leaving (33.10833ms)
✔ area 3: tap through spring, preserve route, heal once and rearm after leaving (100.587084ms)
✔ area 4: tap through spring, preserve route, heal once and rearm after leaving (39.795162ms)
✔ auto exploration continues through the spring to its intended treasure (9.43539ms)
✔ pause/modal suspends contact; resuming preserves the route and performs one recovery (10.679168ms)
✔ failed recovery save rolls back vitals and does not display success or persist abandoned run (9.213516ms)
✔ first-chapter spring keeps its one-use recovery and movement path (6.575554ms)
✔ legacy checkpoint preparation and both reported pairs: HP×28 is independent of followups; heal and shield use prepared HP (34.505589ms)
✔ legacy checkpoint preparation and both reported pairs: HP×42 is independent of followups; heal and shield use prepared HP (36.570104ms)
✔ detail reports the bound unit, is read-only, and excludes a Ten God in an otherwise eligible party (26.924588ms)
✔ HP100 fixed ability is explained as an exception; online has no preparation detail (14.69543ms)
✔ same regular enemies render identical name, rank, HP and magic-circle card markup in both chapters (12.955573ms)
✔ chapter-two bosses retain rank and full escaped names in the HP card, including long names (5.924742ms)
✔ battle display aliases retain their verified build and config resolves to the current release (1.225249ms)
✔ real exit contact transfers 99→100 once and survives SaveService reload with a fresh floor100 map (233.711687ms)
✔ actual floor100 map, player position and HP1/MP0 survive field save/hydration; old floor99 snapshot is rejected (79.856671ms)
✔ departure selection re-enters floor100 from rescue floor1 and clears the old field snapshot before saving (61.129122ms)
✔ chapter 1: skill picker is removed before the banner; a second tap cannot spend MP twice (63.926042ms)
✔ chapter 2: skill picker is removed before the banner; a second tap cannot spend MP twice (36.192715ms)
✔ rejected MP/cooldown choices keep the picker open and do not consume the turn (13.683743ms)
✔ hero and ultimate presentation paths also close the picker before presenting events (18.963752ms)
✔ fresh second chapter and mother battles use natural stats for every party size (23.376291ms)
✔ cleared second chapter unlocks the sanctum without replaying or changing chapter one (17.336916ms)
✔ attempt IDs, defeat, retreat-equivalent settlement and first rewards are idempotent (66.04484ms)
✔ dead parties cannot begin; partial dialogue and independent progression survive actual save reload (28.69567ms)
✔ both enemy and allied glass pairs use two followups, 10% healing and the same round reset (18.520358ms)
✔ mother uses registered native authored skills, complete atlas frames and existing battle markup (25.630353ms)
✔ all mother dialogue is authored, ending stays replayable and leaves an optional continuation (0.267013ms)
✔ mother native command reaches real enemy AI and can finish without a progress stall (114.14084ms)
✔ native mother result persists restored supplies/vitals before revealing contribution and cannot award twice (9.067396ms)
✔ native mother save checkpoint resumes in sanctum with its attempt and action commit preserved (9.003739ms)
✔ native mother dialogue preserves index on dismiss and only completes after final confirmation (14.564833ms)
✔ destination navigates section 4 -> 5 -> 4; primary enters the sanctum, never region 5 (59.499901ms)
✔ locked core cannot route to final battle; old cleared saves default to section 5 (28.897605ms)
✔ existing and new endings appear in chronological archive; counts and home agree without editing saves (9.764327ms)
✔ unseen stories remain locked; optional defeat is counted only when read (5.421813ms)
✔ all mother scenes use native cast presentation; ending has lines for all seven characters (6.013376ms)
✔ legacy partial scenes restart safely, new partial scenes resume and completed replay writes nothing (11.020123ms)
✔ mother cadence respects cooldowns and mana, and leaves old encounters unchanged (0.501998ms)
✔ native mother veil is a removable guard and HP shield, without extra divineBarrier (8.267898ms)
✔ all-enemy gold thread damages each survivor and applies recovery suppression through native effects (21.336754ms)
✔ mother decoration is absent in other battles and never changes sprite/card ordering (10.022166ms)
✔ native cue delegates to the in-arena animation and publishes phases only to this battle (37.212053ms)
✔ manual command waits until the round law ends, then spends exactly one normal skill turn (40.569831ms)
✔ ten Roman laws map to the actual ten signatures without mutating the characters (1.771143ms)
✔ all ten laws occur once per cycle; rematches and reloads use the same preview (0.456178ms)
✔ dial fires once despite zero MP, sealed skill cooldown and action-stopping effects; does not spend a natural turn (6.884682ms)
✔ two callbacks during the spin cannot trigger twice, and the overlay finishes before the attack (5.614994ms)
✔ ordinary, older active mother, dead mother and settled battles do not receive the new dial (4.961188ms)
✔ native turn flow resolves the round law before the enemy natural action (11.759808ms)
✔ native projection damage passes through defensive shields and damages the real party (14.356818ms)
✔ mother healing projection uses native heal suppression and expiring, removable guard/regen (6.682856ms)
✔ native checkpoint includes the completed round receipt; reopening does not repeat its law (7.329753ms)
✔ exclusive home skin stays locked until a real victory and selection rejects forged settings (5.138034ms)
✔ old cleared saves unlock the skin on read without migration, extra currency or a rematch (4.309935ms)
✔ skin selection and completion survive SaveService reload; failed skin saves roll back (18.234791ms)
✔ completion is gated by victory and ending; viewing grants no additional rewards (6.91737ms)
✔ completion dismiss waits for its receipt to save and exclusive skin is only equipped by its button (6.265576ms)
✔ pixel dial contains all ten pixel-drawn Roman numerals and no thin circle primitives (0.278451ms)
✔ field halo center follows the actual sprite body and zoom rather than an unrelated tile offset (0.438852ms)
✔ shared visible-pixel fitter lifts the mother entirely above her HP card (0.825026ms)
✔ HP barrier reuses the shield meter, remembers capacity after absorption, and preserves zero (54.60251ms)
✔ native mother shield grants remember the full value before it can be consumed (20.712141ms)
✔ mother art seeks triple ordinary size, respecting width and card/status headroom (0.244819ms)
✔ challenge center uses visible atlas bounds and the battle supplies a dedicated solo mother target (7.166116ms)
✔ upcoming result is absent until stopping, including a new round after checkpoint resume (0.274314ms)
✔ all ten stops point to the selected numeral after multiple full revolutions (0.31085ms)
✔ expanded dial stays inside the arena at narrow and wide viewports (0.283047ms)
✔ in-arena spin at x1 reveals only at stop, then releases the existing backdrop (1.222315ms)
✔ in-arena spin at x2 reveals only at stop, then releases the existing backdrop (0.303398ms)
✔ in-arena spin at x4 reveals only at stop, then releases the existing backdrop (0.334995ms)
✔ rerender during spin joins the same elapsed animation without a result preview (0.363679ms)
✔ reduced motion does not rotate before reveal; interrupted battles clean up without revealing (0.488928ms)
ℹ tests 312
ℹ suites 0
ℹ pass 312
ℹ fail 0
ℹ cancelled 0
ℹ skipped 0
ℹ todo 0
ℹ duration_ms 2358.340673
