✔ build305 keeps the first 4v4 reward useful (1.783618ms)
✔ build305 4v4 rewards are monotonic and economically capped through stage 10000 (11.188254ms)
✔ build305 grants 4v4 equipment only at the intended first-clear milestones (4.061061ms)
✔ build305 safeCurrencyGrant saturates without exceeding MAX_SAFE_INTEGER (0.23169ms)
✔ build308 offline campaign trophy uses the boss chest economy and reveals its currency (25.457243ms)
✔ build305 offline mimic crystals use the converted economy depth (14.049377ms)
✔ Build308 normal reentry merges per-boss receipts even when run identifiers differ (3.035475ms)
✔ Build308 local replay resets run receipts while retaining lifetime mythic ownership (0.389297ms)
✔ Build308 an explicit server replay is authoritative over a stale local replay (0.312541ms)
✔ Build308 legacy claimedBossIds safely seeds both split receipt ledgers (0.169416ms)
✔ Build308 save normalization preserves split ledgers and clears only explicit replay runs (105.574871ms)
✔ Build311 accepts every historical schema entry point and converges idempotently (394.167988ms)
✔ Build311 carries retired storyDaysSeen receipts through save migration exactly once (3.263469ms)
▶ Build311 owned multi-boss trophy equipment repairs the exact receipt without minting a duplicate
  ✔ equipment (2.84604ms)
  ✔ reserveEquipment (0.706044ms)
  ✔ bossEquipmentVault (0.509338ms)
✔ Build311 owned multi-boss trophy equipment repairs the exact receipt without minting a duplicate (4.771461ms)
✔ Build311 protects malformed save JSON from constructor and later save writes (5.359929ms)
✔ Build311 also protects syntactically valid primitive save payloads (2.08303ms)
✔ Build311 drops a malformed active battle while preserving the loaded player (40.631275ms)
✔ original scenes retain their URLs and the new scene loads only its own image (2.432106ms)
✔ motion has a fixed budget of at most 23 groups and 17 on small or constrained devices (0.742069ms)
✔ each scene and preview owns all gradient, mask and crop references (1.216844ms)
✔ motion OFF, reduced motion and image failure remove all enhanced layers and preserve the static image (0.672033ms)
✔ hidden tabs, offscreen previews, shared modals and page restoration pause and resume together (1.839112ms)
✔ settings preview does not watch unrelated page mutations and scene replacement releases every observer (0.604801ms)
✔ resource-constrained devices reduce optional details, including after a live data-saving change (0.314815ms)
✔ all unlocked homes retain formation controls, menu actions and untouched party stats (51.818628ms)
✔ current entry preserves guide/name and motion module aliases (2.789855ms)
✔ 100 home/preview replacements leave no listeners or observers after disposal (2.755153ms)
✔ ally: mirrors triggers its actual shared resonance effect (7.011518ms)
✔ ally: talismans triggers its actual shared resonance effect (1.872042ms)
✔ ally: wings triggers its actual shared resonance effect (0.639274ms)
✔ ally: garden triggers its actual shared resonance effect (1.084945ms)
✔ ally: foxmoon triggers its actual shared resonance effect (1.214971ms)
✔ ally: starthread triggers its actual shared resonance effect (0.953857ms)
✔ ally: stitch triggers its actual shared resonance effect (0.792975ms)
✔ ally: glassaria triggers its actual shared resonance effect (1.078095ms)
✔ ally: eclipsecrown triggers its actual shared resonance effect (0.659414ms)
✔ ally: oathguard triggers its actual shared resonance effect (0.740607ms)
✔ ally: rosevow triggers its actual shared resonance effect (0.629659ms)
✔ ally: twinclock triggers its actual shared resonance effect (0.732364ms)
✔ ally: wisteria triggers its actual shared resonance effect (0.480124ms)
✔ ally: twinthunder triggers its actual shared resonance effect (0.808529ms)
✔ ally: twinkeys triggers its actual shared resonance effect (0.319021ms)
✔ ally: frostshatter triggers its actual shared resonance effect (0.460334ms)
✔ ally: oathreturn triggers its actual shared resonance effect (1.050193ms)
✔ ally: starconfluence triggers its actual shared resonance effect (0.462257ms)
✔ ally: crimsonwings triggers its actual shared resonance effect (0.304199ms)
✔ ally: absolutionbells triggers its actual shared resonance effect (0.380184ms)
✔ ally: eclipserenewal triggers its actual shared resonance effect (0.363808ms)
✔ ally: dreamharvest triggers its actual shared resonance effect (0.202115ms)
✔ ally: dragonliberation triggers its actual shared resonance effect (0.258029ms)
✔ ally: crownsfinale triggers its actual shared resonance effect (0.87552ms)
✔ enemy: mirrors triggers its actual shared resonance effect (0.612644ms)
✔ enemy: talismans triggers its actual shared resonance effect (0.263567ms)
✔ enemy: wings triggers its actual shared resonance effect (0.117717ms)
✔ enemy: garden triggers its actual shared resonance effect (0.293562ms)
✔ enemy: foxmoon triggers its actual shared resonance effect (0.797342ms)
✔ enemy: starthread triggers its actual shared resonance effect (0.436748ms)
✔ enemy: stitch triggers its actual shared resonance effect (0.27147ms)
✔ enemy: glassaria triggers its actual shared resonance effect (0.413483ms)
✔ enemy: eclipsecrown triggers its actual shared resonance effect (0.436678ms)
✔ enemy: oathguard triggers its actual shared resonance effect (0.352ms)
✔ enemy: rosevow triggers its actual shared resonance effect (0.360543ms)
✔ enemy: twinclock triggers its actual shared resonance effect (0.347504ms)
✔ enemy: wisteria triggers its actual shared resonance effect (0.470028ms)
✔ enemy: twinthunder triggers its actual shared resonance effect (0.509728ms)
✔ enemy: twinkeys triggers its actual shared resonance effect (0.351099ms)
✔ enemy: frostshatter triggers its actual shared resonance effect (0.308565ms)
✔ enemy: oathreturn triggers its actual shared resonance effect (0.494134ms)
✔ enemy: starconfluence triggers its actual shared resonance effect (0.357548ms)
✔ enemy: crimsonwings triggers its actual shared resonance effect (0.247313ms)
✔ enemy: absolutionbells triggers its actual shared resonance effect (0.360864ms)
✔ enemy: eclipserenewal triggers its actual shared resonance effect (4.326402ms)
✔ enemy: dreamharvest triggers its actual shared resonance effect (0.293162ms)
✔ enemy: dragonliberation triggers its actual shared resonance effect (0.305631ms)
✔ enemy: crownsfinale triggers its actual shared resonance effect (0.582518ms)
✔ 24 pairs stop on partner control, death, capture and isolation; copies do not add activations (6.020565ms)
✔ no false conditional benefits from misses, plain targets, empty cleansing or empty dispel (2.784347ms)
✔ only natural attacks record focus; effects use maximum rather than sum (4.730701ms)
✔ defensive event attribution, one battle rescue, lethal hits and DoT crossing (3.163909ms)
✔ save and restore keeps quotas, focus, charge and consumption without copying cues (1.229844ms)
✔ cutins have 24 themes, two escaped names, distinct phases and no input controls (1.236544ms)
✔ lowest-HP aid may heal a sleeping third member; no late perk after a partner falls mid-hit (0.520284ms)
✔ pair discount agrees between MP affordability, battle skill buttons and enemy native AI (173.407842ms)
✔ ally: atkDown converts before resistance, without derived stun (6.625497ms)
✔ ally: defDown converts before resistance, without derived stun (0.533494ms)
✔ ally: spdDown converts before resistance, without derived stun (0.474806ms)
✔ ally: accuracyDown converts before resistance, without derived stun (0.973547ms)
✔ ally: evasionDown converts before resistance, without derived stun (0.667176ms)
✔ ally: vulnerable converts before resistance, without derived stun (0.494215ms)
✔ ally: healDown converts before resistance, without derived stun (0.285831ms)
✔ ally: mpRecoveryDown converts before resistance, without derived stun (0.242946ms)
✔ ally: reviveSeal converts before resistance, without derived stun (0.414385ms)
✔ ally: curse converts before resistance, without derived stun (0.741167ms)
✔ ally: poison converts before resistance, without derived stun (0.248655ms)
✔ ally: burn converts before resistance, without derived stun (0.216887ms)
✔ ally: bleed converts before resistance, without derived stun (0.166971ms)
✔ ally: sleep converts before resistance, without derived stun (0.31164ms)
✔ ally: freeze converts before resistance, without derived stun (0.158489ms)
✔ ally: paralysis converts before resistance, without derived stun (0.150657ms)
✔ ally: shock converts before resistance, without derived stun (0.197337ms)
✔ ally: stun converts before resistance, without derived stun (0.176536ms)
✔ ally: charm converts before resistance, without derived stun (0.187663ms)
✔ ally: confusion converts before resistance, without derived stun (0.1794ms)
✔ ally: fear converts before resistance, without derived stun (0.174183ms)
✔ ally: pact once per species across revival; secondary pact cannot chain (10.115678ms)
✔ ally: pact ignores self, ally, reflection, costs and followups (12.539296ms)
✔ ally: pact killer selection and protected MATK coefficient (0.518021ms)
✔ ally: hibernation skips ten actions, discharges on eleven, no extra ticks (1.236183ms)
✔ ally: sleep/control does not count; death before first action and later revive permanently cancels (0.473103ms)
✔ ally: absorbed death count is unique, shared, capped and does not heal (3.340715ms)
✔ ally: dead absorber gets no simultaneous batch; captures and summons excluded (0.647496ms)
✔ ally: paper body stays HP100; all shields rejected; opening and actions share quota (4.322385ms)
✔ ally: automatic rescue precedes pact/growth/hibernation cancellation (0.461055ms)
✔ enemy: atkDown converts before resistance, without derived stun (0.289406ms)
✔ enemy: defDown converts before resistance, without derived stun (0.195074ms)
✔ enemy: spdDown converts before resistance, without derived stun (0.16591ms)
✔ enemy: accuracyDown converts before resistance, without derived stun (0.253492ms)
✔ enemy: evasionDown converts before resistance, without derived stun (0.488456ms)
✔ enemy: vulnerable converts before resistance, without derived stun (0.264699ms)
✔ enemy: healDown converts before resistance, without derived stun (0.201013ms)
✔ enemy: mpRecoveryDown converts before resistance, without derived stun (0.257287ms)
✔ enemy: reviveSeal converts before resistance, without derived stun (0.170126ms)
✔ enemy: curse converts before resistance, without derived stun (0.307293ms)
✔ enemy: poison converts before resistance, without derived stun (0.290898ms)
✔ enemy: burn converts before resistance, without derived stun (0.205941ms)
✔ enemy: bleed converts before resistance, without derived stun (0.492672ms)
✔ enemy: sleep converts before resistance, without derived stun (0.222385ms)
✔ enemy: freeze converts before resistance, without derived stun (0.162144ms)
✔ enemy: paralysis converts before resistance, without derived stun (0.150667ms)
✔ enemy: shock converts before resistance, without derived stun (0.143467ms)
✔ enemy: stun converts before resistance, without derived stun (0.213903ms)
✔ enemy: charm converts before resistance, without derived stun (0.445221ms)
✔ enemy: confusion converts before resistance, without derived stun (0.330498ms)
✔ enemy: fear converts before resistance, without derived stun (0.189866ms)
✔ enemy: pact once per species across revival; secondary pact cannot chain (0.50478ms)
✔ enemy: pact ignores self, ally, reflection, costs and followups (1.249794ms)
✔ enemy: pact killer selection and protected MATK coefficient (0.481376ms)
✔ enemy: hibernation skips ten actions, discharges on eleven, no extra ticks (0.688758ms)
✔ enemy: sleep/control does not count; death before first action and later revive permanently cancels (0.302095ms)
✔ enemy: absorbed death count is unique, shared, capped and does not heal (0.472592ms)
✔ enemy: dead absorber gets no simultaneous batch; captures and summons excluded (0.758698ms)
✔ enemy: paper body stays HP100; all shields rejected; opening and actions share quota (0.580375ms)
✔ enemy: automatic rescue precedes pact/growth/hibernation cancellation (0.3648ms)
✔ inversion requires actual hostile landing; no self costs, reflection or authority conversion (0.602158ms)
✔ native DoT records hostile killer on both sides (3.805767ms)
✔ terminal protection covers boss catalog, gods, abyss, raids and online (0.221384ms)
✔ trait state + HP JSON reload preserves spent pact, sleep ticks, growth and shield duration (1.825862ms)
✔ calculated weak bodies apply after gear; growth is removed without permanent stat mutations (1.181841ms)
✔ legacy control-as-stun keeps the original ailment mapping (0.884614ms)
✔ strong ordinary regeneration and conversion regeneration use the maximum, not a sum (0.648337ms)
✔ battle cleanup removes growth and clamps excess HP without granting healing (0.589619ms)
✔ an already fallen opening party member is not a new death to absorb (0.392001ms)
✔ legacy hostile status insertion retains its origin for lethal DoT after save (1.148571ms)
✔ equipment normalization before resume preserves grown HP rather than clamping to weak entry HP (0.564331ms)
✔ favorite-only gear is visible in protection filter after lock removal (3.317159ms)
✔ explicit combined release makes eligible materials available, retaining equipped/permanent protection (2.466278ms)
✔ lock-only release keeps favorites; failed combined release restores exact flags (1.169513ms)
✔ released material can be consumed once; selected base and protected items survive (1.523887ms)
✔ skill menu opens repeatedly without random-circle, hero quota or turn hooks (4.151848ms)
✔ item menu opens repeatedly without random-circle, hero quota or turn hooks (3.196979ms)
✔ picker rejects busy battle state (1.15468ms)
✔ picker rejects auto battle state (1.038736ms)
✔ picker rejects actionCommitted battle state (1.968197ms)
✔ enemy turn and intro block menu; switching pickers closes the other one (1.835476ms)
✔ actual submitted skill and attack still enter action pipeline (2.97856ms)
✔ summon [data-modal-primary] closes during intro and preserves all rewards (16.860394ms)
✔ summon [data-modal-primary] closes during premium and preserves all rewards (1.304717ms)
✔ summon [data-modal-primary] closes during transition and preserves all rewards (1.000718ms)
✔ summon [data-modal-primary] closes during complete and preserves all rewards (1.066929ms)
✔ summon [data-modal-dismiss] closes during intro and preserves all rewards (1.116713ms)
✔ summon [data-modal-dismiss] closes during premium and preserves all rewards (0.903692ms)
✔ summon [data-modal-dismiss] closes during transition and preserves all rewards (0.837363ms)
✔ summon [data-modal-dismiss] closes during complete and preserves all rewards (1.050033ms)
✔ beginner early dismissal uses correct return destination (1.006487ms)
✔ chapterTwo397 early dismissal uses correct return destination (0.808749ms)
✔ boot cache retains operation modules and the current config target (2.000365ms)
✔ item selection commits one inventory item and hero action; duplicate taps and invalid targets consume nothing (2.236ms)
✔ protection manager renders an explicit combined release and favorites filter (1.951191ms)
✔ one-frame chapter-two and raid circles receive stable-frame treatment; three-frame animation remains (0.972486ms)
✔ visible art and circle fit at 320px, including narrow/tall artwork (1.334632ms)
✔ visible art and circle fit at 390px, including narrow/tall artwork (0.187943ms)
✔ visible art and circle fit at 430px, including narrow/tall artwork (0.1126ms)
✔ visible art and circle fit at 768px, including narrow/tall artwork (0.712444ms)
✔ visible art and circle fit at 1280px, including narrow/tall artwork (0.124407ms)
✔ real fitting positions ally visible feet above HP and labels above art; repeat fitting is stable (0.927087ms)
✔ latest cache targets and CSS ordering preserve Build412 logic (5.576906ms)
✔ UI distinguishes spent followups from synergy and restores the next round (2.398735ms)
✔ hard sleep immunity produces a consumable half-bonus, not sleep or full damage (1.04841ms)
✔ dual conditions require their own types; one mark never satisfies two debuffs (0.359472ms)
✔ marks expire, survive checkpoints, and are not generated by chance failure/resistance/cost (0.433253ms)
✔ trial HP stays out of the normal roster save; resume and repeated binding do not multiply (4.680225ms)
✔ paper body remains HP100; endgame and online receive no adaptation (1.271317ms)
✔ protected traits use bounded defense penetration; online-compatible legacy plan remains unchanged (0.523939ms)
✔ ordinary support recommendation includes a party heal, preserving manual loadouts (2.764637ms)
✔ online profiles and HP transfer never export chapter/trial multipliers (5.555654ms)
✔ all modified browser modules, including old importer aliases, resolve to the current code (6.165282ms)
✔ online combat cannot acquire trial stats; role condition is explicit (20.922795ms)
✔ enemy-side preparation belongs to its side, pair, target and status type (1.819142ms)
✔ protected damage caps final HP loss after shield absorption (3.669701ms)
✔ full outgoing online profile stays at its ordinary stats while local battle uses adaptation (15.287668ms)
✔ primary healing support has MP for at least three casts at benchmark levels (23.228902ms)
✔ Deep Abyss and Ten Gods preserve all 68 golden stat, MP and skill profiles (57.739007ms)
✔ team: actual resolver casts canonical ultimate once, preserves MP and rejects early reuse (2.647661ms)
✔ raid: actual resolver casts canonical ultimate once, preserves MP and rejects early reuse (0.413003ms)
✔ raid and 4v4 ordinary item recovery is intercepted by active enemy healing theft (2.300668ms)
✔ 411 shared ultimate damage cannot attach HP100 body rules to legacy online enemies (1.261942ms)
✔ first chapter: real checkpoint → SaveService migration → resume preserves HP, MP, effects and turn ownership (false) (112.033221ms)
✔ first chapter: real checkpoint → SaveService migration → resume preserves HP, MP, effects and turn ownership (true) (23.614643ms)
✔ chapter two: real checkpoint → SaveService migration → resume preserves HP, MP, effects and turn ownership (false) (50.332784ms)
✔ chapter two: real checkpoint → SaveService migration → resume preserves HP, MP, effects and turn ownership (true) (15.081321ms)
✔ manual trial: real checkpoint → SaveService migration → resume preserves HP, MP, effects and turn ownership (false) (14.451392ms)
✔ manual trial: real checkpoint → SaveService migration → resume preserves HP, MP, effects and turn ownership (true) (15.885253ms)
✔ normal victory grants gold, EXP, kills and history only once while its result remains open (475.057693ms)
✔ victory result HP and level gains use ordinary post-battle stats (12.212447ms)
✔ storage quota failure keeps the last valid save and retry writes the current state once (7.527781ms)
✔ 1 battle HP remains alive through serialization and removing large trial multipliers; KO remains zero (8.628986ms)
✔ native manual skill picker waits; choosing an authored skill consumes MP and exactly one turn (50.741404ms)
✔ native auto wait honors switching to manual before committing the queued action (15.237266ms)
✔ memory defeat rescues every member at HP1 and does not charge a second loss (16.057122ms)
✔ chapter victory saves the same normal HP displayed after rewards, including storage retry (false) (374.61792ms)
✔ chapter victory saves the same normal HP displayed after rewards, including storage retry (true) (16.355802ms)
✔ defeat at floor100 stays on its result when the biome collapse callback arrives late (71.651286ms)
✔ pagehide checkpoint after defeat cannot resurrect a settled battle or its exploration snapshot (41.343664ms)
✔ loading an old orphaned normal battle preserves rescue state and drops only inactive encounter data (20.330623ms)
✔ runtime resume refuses an ordinary checkpoint belonging to an ended run (12.09454ms)
✔ an ended field cannot start a transition and leave encountering/paused stuck (7.222556ms)
✔ cancelling an encounter transition releases its own field lock (7.579865ms)
✔ native cancellation during a transition releases pause even when it already cleared encountering (8.423736ms)
✔ cancelled transition cannot release a newer encounter or another screen modal (19.723138ms)
✔ normal floor100 encounters still start with HP1 / MP0 and the selected floor is retained (27.393593ms)
✔ HP1 / MP0 / poison at floor100 completes enemy turns and defeat once, including late timers (42.580379ms)
✔ late turn completion after settlement cannot advance the queue or modify saved rescue HP (7.154704ms)
✔ legitimate memory and special battle saves remain resumable outside a normal expedition (36.819396ms)
✔ reported Serene / Fairy / Shade Cat / Thorn Bud encounter uses native AI and exits at low HP (10 seeds) (697.109373ms)
✔ area 0: tap through spring, preserve route, heal once and rearm after leaving (133.133033ms)
✔ area 1: tap through spring, preserve route, heal once and rearm after leaving (140.05762ms)
✔ area 2: tap through spring, preserve route, heal once and rearm after leaving (59.06142ms)
✔ area 3: tap through spring, preserve route, heal once and rearm after leaving (140.957147ms)
✔ area 4: tap through spring, preserve route, heal once and rearm after leaving (48.736778ms)
✔ auto exploration continues through the spring to its intended treasure (10.60932ms)
✔ pause/modal suspends contact; resuming preserves the route and performs one recovery (20.888104ms)
✔ failed recovery save rolls back vitals and does not display success or persist abandoned run (9.911248ms)
✔ first-chapter spring keeps its one-use recovery and movement path (6.542761ms)
✔ legacy checkpoint preparation and both reported pairs: HP×28 is independent of followups; heal and shield use prepared HP (30.465639ms)
✔ legacy checkpoint preparation and both reported pairs: HP×42 is independent of followups; heal and shield use prepared HP (38.768413ms)
✔ detail reports the bound unit, is read-only, and excludes a Ten God in an otherwise eligible party (25.132571ms)
✔ HP100 fixed ability is explained as an exception; online has no preparation detail (12.210094ms)
✔ same regular enemies render identical name, rank, HP and magic-circle card markup in both chapters (12.59226ms)
✔ chapter-two bosses retain rank and full escaped names in the HP card, including long names (9.331765ms)
✔ battle display aliases retain their verified build and config resolves to the current release (1.485439ms)
✔ real exit contact transfers 99→100 once and survives SaveService reload with a fresh floor100 map (406.359868ms)
✔ actual floor100 map, player position and HP1/MP0 survive field save/hydration; old floor99 snapshot is rejected (166.586197ms)
✔ departure selection re-enters floor100 from rescue floor1 and clears the old field snapshot before saving (100.88643ms)
✔ chapter 1: skill picker is removed before the banner; a second tap cannot spend MP twice (62.47136ms)
✔ chapter 2: skill picker is removed before the banner; a second tap cannot spend MP twice (45.908075ms)
✔ rejected MP/cooldown choices keep the picker open and do not consume the turn (15.338309ms)
✔ hero and ultimate presentation paths also close the picker before presenting events (15.062683ms)
✔ fresh second chapter and mother battles use natural stats for every party size (12.017493ms)
✔ cleared second chapter unlocks the sanctum without replaying or changing chapter one (9.295751ms)
✔ attempt IDs, defeat, retreat-equivalent settlement and first rewards are idempotent (36.657952ms)
✔ dead parties cannot begin; partial dialogue and independent progression survive actual save reload (21.454537ms)
✔ both enemy and allied glass pairs use two followups, 10% healing and the same round reset (24.768993ms)
✔ mother uses registered native authored skills, complete atlas frames and existing battle markup (26.058246ms)
✔ all mother dialogue is authored, ending stays replayable and leaves an optional continuation (0.275526ms)
✔ mother native command reaches real enemy AI and can finish without a progress stall (143.782255ms)
✔ native mother result persists restored supplies/vitals before revealing contribution and cannot award twice (7.755469ms)
✔ native mother save checkpoint resumes in sanctum with its attempt and action commit preserved (10.62146ms)
✔ native mother dialogue preserves index on dismiss and only completes after final confirmation (12.614443ms)
✔ destination navigates section 4 -> 5 -> 4; primary enters the sanctum, never region 5 (87.463653ms)
✔ locked core cannot route to final battle; old cleared saves default to section 5 (25.09876ms)
✔ existing and new endings appear in chronological archive; counts and home agree without editing saves (7.667526ms)
✔ unseen stories remain locked; optional defeat is counted only when read (5.379138ms)
✔ all mother scenes use native cast presentation; ending has lines for all seven characters (6.377051ms)
✔ legacy partial scenes restart safely, new partial scenes resume and completed replay writes nothing (13.129229ms)
✔ mother cadence respects cooldowns and mana, and leaves old encounters unchanged (0.503369ms)
✔ native mother veil is a removable guard and HP shield, without extra divineBarrier (11.158639ms)
✔ all-enemy gold thread damages each survivor and applies recovery suppression through native effects (32.279474ms)
✔ mother decoration is absent in other battles and never changes sprite/card ordering (10.912297ms)
✔ native cue delegates to the in-arena animation and publishes phases only to this battle (45.445117ms)
✔ manual command waits until the round law ends, then spends exactly one normal skill turn (51.396126ms)
✔ ten Roman laws map to the actual ten signatures without mutating the characters (1.819222ms)
✔ all ten laws occur once per cycle; rematches and reloads use the same preview (0.462978ms)
✔ dial fires once despite zero MP, sealed skill cooldown and action-stopping effects; does not spend a natural turn (7.599835ms)
✔ two callbacks during the spin cannot trigger twice, and the overlay finishes before the attack (6.129388ms)
✔ ordinary, older active mother, dead mother and settled battles do not receive the new dial (4.729809ms)
✔ native turn flow resolves the round law before the enemy natural action (5.351176ms)
✔ native projection damage passes through defensive shields and damages the real party (14.490741ms)
✔ mother healing projection uses native heal suppression and expiring, removable guard/regen (6.297441ms)
✔ native checkpoint includes the completed round receipt; reopening does not repeat its law (8.033889ms)
✔ exclusive home skin stays locked until a real victory and selection rejects forged settings (5.375382ms)
✔ old cleared saves unlock the skin on read without migration, extra currency or a rematch (4.368865ms)
✔ skin selection and completion survive SaveService reload; failed skin saves roll back (22.26626ms)
✔ completion is gated by victory and ending; viewing grants no additional rewards (7.161574ms)
✔ completion dismiss waits for its receipt to save and exclusive skin is only equipped by its button (6.750064ms)
✔ pixel dial contains all ten pixel-drawn Roman numerals and no thin circle primitives (0.279461ms)
✔ field halo center follows the actual sprite body and zoom rather than an unrelated tile offset (0.453243ms)
✔ shared visible-pixel fitter lifts the mother entirely above her HP card (0.853106ms)
✔ HP barrier reuses the shield meter, remembers capacity after absorption, and preserves zero (42.949976ms)
✔ native mother shield grants remember the full value before it can be consumed (32.665976ms)
✔ mother art seeks triple ordinary size, respecting width and card/status headroom (0.262826ms)
✔ challenge center uses visible atlas bounds and the battle supplies a dedicated solo mother target (8.783058ms)
✔ upcoming result is absent until stopping, including a new round after checkpoint resume (0.311539ms)
✔ all ten stops point to the selected numeral after multiple full revolutions (0.273473ms)
✔ expanded dial stays inside the arena at narrow and wide viewports (0.289737ms)
✔ in-arena spin at x1 reveals only at stop, then releases the existing backdrop (1.387842ms)
✔ in-arena spin at x2 reveals only at stop, then releases the existing backdrop (0.402858ms)
✔ in-arena spin at x4 reveals only at stop, then releases the existing backdrop (0.436728ms)
✔ rerender during spin joins the same elapsed animation without a result preview (0.373803ms)
✔ reduced motion does not rotate before reveal; interrupted battles clean up without revealing (0.627846ms)
ℹ tests 312
ℹ suites 0
ℹ pass 312
ℹ fail 0
ℹ cancelled 0
ℹ skipped 0
ℹ todo 0
ℹ duration_ms 2597.801183
