✔ catalogue covers all 40 items, 28 persistent pieces and 12 one-shot choices (2.548046ms)
✔ item dash: promised initial metres and persistence (5.246919ms)
✔ item rocket: promised initial metres and persistence (1.845978ms)
✔ item turbo: promised initial metres and persistence (2.526663ms)
✔ item shell: promised initial metres and persistence (1.449282ms)
✔ item lightning: promised initial metres and persistence (1.257283ms)
✔ item shield: promised initial metres and persistence (1.080977ms)
✔ item mirror: promised initial metres and persistence (1.027116ms)
✔ item engine: promised initial metres and persistence (0.658101ms)
✔ item magnet: promised initial metres and persistence (0.901947ms)
✔ item banana: promised initial metres and persistence (0.656228ms)
✔ item pit: promised initial metres and persistence (0.659072ms)
✔ item swap: promised initial metres and persistence (0.524359ms)
✔ item dice: promised initial metres and persistence (0.751391ms)
✔ item spring: promised initial metres and persistence (0.440283ms)
✔ item comet: promised initial metres and persistence (0.608395ms)
✔ item battery: promised initial metres and persistence (0.685452ms)
✔ item turbine: promised initial metres and persistence (0.639914ms)
✔ item seed: promised initial metres and persistence (0.495456ms)
✔ item bond: promised initial metres and persistence (0.422796ms)
✔ item coil: promised initial metres and persistence (0.448756ms)
✔ item ward: promised initial metres and persistence (0.862147ms)
✔ item revenge: promised initial metres and persistence (0.580714ms)
✔ item product: promised initial metres and persistence (0.530619ms)
✔ item mega: promised initial metres and persistence (0.507985ms)
✔ item jackpot: promised initial metres and persistence (0.463007ms)
✔ item breaker: promised initial metres and persistence (0.477419ms)
✔ item sniper: promised initial metres and persistence (0.586143ms)
✔ item wrench: promised initial metres and persistence (0.47805ms)
✔ item doubling: promised initial metres and persistence (0.630038ms)
✔ item bank: promised initial metres and persistence (0.415515ms)
✔ item solar: promised initial metres and persistence (0.605421ms)
✔ item forge: promised initial metres and persistence (0.680645ms)
✔ item echo: promised initial metres and persistence (0.41833ms)
✔ item focus: promised initial metres and persistence (0.543739ms)
✔ item crown: promised initial metres and persistence (0.736638ms)
✔ item overdrive: promised initial metres and persistence (0.514695ms)
✔ item triple: promised initial metres and persistence (0.40483ms)
✔ item harvest: promised initial metres and persistence (0.442346ms)
✔ item nova: promised initial metres and persistence (0.393402ms)
✔ item dragon: promised initial metres and persistence (0.420824ms)
✔ stack dash: 1, 2 and 3 copies with elapsed rounds (1.338004ms)
✔ stack shell: 1, 2 and 3 copies with elapsed rounds (1.601982ms)
✔ stack lightning: 1, 2 and 3 copies with elapsed rounds (1.332235ms)
✔ stack shield: 1, 2 and 3 copies with elapsed rounds (1.718236ms)
✔ stack mirror: 1, 2 and 3 copies with elapsed rounds (1.191303ms)
✔ stack engine: 1, 2 and 3 copies with elapsed rounds (1.429792ms)
✔ stack magnet: 1, 2 and 3 copies with elapsed rounds (1.393117ms)
✔ stack banana: 1, 2 and 3 copies with elapsed rounds (1.308239ms)
✔ stack pit: 1, 2 and 3 copies with elapsed rounds (1.739438ms)
✔ stack spring: 1, 2 and 3 copies with elapsed rounds (1.100086ms)
✔ stack battery: 1, 2 and 3 copies with elapsed rounds (1.254428ms)
✔ stack turbine: 1, 2 and 3 copies with elapsed rounds (1.073787ms)
✔ stack seed: 1, 2 and 3 copies with elapsed rounds (1.067927ms)
✔ stack bond: 1, 2 and 3 copies with elapsed rounds (1.314288ms)
✔ stack coil: 1, 2 and 3 copies with elapsed rounds (1.073085ms)
✔ stack ward: 1, 2 and 3 copies with elapsed rounds (1.163912ms)
✔ stack revenge: 1, 2 and 3 copies with elapsed rounds (1.13566ms)
✔ stack breaker: 1, 2 and 3 copies with elapsed rounds (1.140256ms)
✔ stack sniper: 1, 2 and 3 copies with elapsed rounds (1.389902ms)
✔ stack wrench: 1, 2 and 3 copies with elapsed rounds (1.266898ms)
✔ stack doubling: 1, 2 and 3 copies with elapsed rounds (1.176751ms)
✔ stack bank: 1, 2 and 3 copies with elapsed rounds (1.04307ms)
✔ stack solar: 1, 2 and 3 copies with elapsed rounds (1.094227ms)
✔ stack forge: 1, 2 and 3 copies with elapsed rounds (1.38154ms)
✔ stack echo: 1, 2 and 3 copies with elapsed rounds (1.064703ms)
✔ stack focus: 1, 2 and 3 copies with elapsed rounds (1.037281ms)
✔ stack crown: 1, 2 and 3 copies with elapsed rounds (1.118804ms)
✔ stack overdrive: 1, 2 and 3 copies with elapsed rounds (1.081808ms)
✔ ward adds all unused guards, stacks, consumes only a guarded hit, and survives JSON restart (2.917982ms)
✔ seed, periodic bond and individual forge ages activate on the promised rounds (7.611007ms)
✔ new turbine, coil, doubling, overdrive, echo and revenge wait until the next round (2.322826ms)
✔ echo sums copies before rounding and preserves half-metres through amplification (1.457924ms)
✔ big rocket: consumes today's coil, bank and sun; permanent gear remains (0.740305ms)
✔ big turbo: consumes today's coil, bank and sun; permanent gear remains (0.385661ms)
✔ big comet: consumes today's coil, bank and sun; permanent gear remains (0.686773ms)
✔ big dice: consumes today's coil, bank and sun; permanent gear remains (0.379872ms)
✔ big product: consumes today's coil, bank and sun; permanent gear remains (0.398089ms)
✔ big mega: consumes today's coil, bank and sun; permanent gear remains (0.368805ms)
✔ big jackpot: consumes today's coil, bank and sun; permanent gear remains (0.363687ms)
✔ big triple: consumes today's coil, bank and sun; permanent gear remains (0.507735ms)
✔ big harvest: consumes today's coil, bank and sun; permanent gear remains (0.374734ms)
✔ big nova: consumes today's coil, bank and sun; permanent gear remains (0.507875ms)
✔ big dragon: consumes today's coil, bank and sun; permanent gear remains (0.39191ms)
✔ gate is not a big move; accumulated resources remain and continue charging (0.515877ms)
✔ all dice faces and 0..6 focus copies respect the cap, product and cannon odds (2040.015486ms)
✔ crown fires only on the selected 8- or 16-round final; copies multiply (5.517275ms)
✔ mixed multipliers and huge distances use exact integers without a distance ceiling (1.118904ms)
✔ attack shell: target, stacking and strength (1.258815ms)
✔ attack lightning: target, stacking and strength (1.095238ms)
✔ attack magnet: target, stacking and strength (1.367349ms)
✔ attack banana: target, stacking and strength (1.119215ms)
✔ attack pit: target, stacking and strength (0.977081ms)
✔ attack breaker: target, stacking and strength (1.126345ms)
✔ attack sniper: target, stacking and strength (0.986545ms)
✔ attack wrench: target, stacking and strength (1.23557ms)
✔ shell/breaker exclude a sole leading self; adjacent attacks ignore equal positions (2.375546ms)
✔ sniper threshold is 2000, uses the largest original plan and a stack stays one attack (1.803385ms)
✔ wrench retargets after an earlier theft, excludes new gear, and starts stolen effects next round (1.434179ms)
✔ defense priority and stacked volleys consume one per hit; blocked hits do not charge revenge (0.604961ms)
✔ spring blocks unlimited banana/pit volleys without consuming other defense (1.316762ms)
✔ mirror returns the same attack strength once; a second mirror blocks instead of looping (0.808758ms)
✔ revenge charges on each unblocked hit including reflection, is carried, and is not spent by this round’s big (0.796709ms)
✔ turbo/mega lose all forward gains on an unblocked hit; a guard preserves the boost (1.502271ms)
✔ a stop cannot be undone by a later magnet and no negative distance is possible (0.743129ms)
✔ gate swaps start positions, targets the front opponent even from first, and can be guarded (1.709924ms)
✔ full 8- and 16-round progression preserves every unused ward and does not replenish twice (19.085345ms)
✔ equipment panel spends guards at impact, reflected guards at return, and uses the actual round (1.404084ms)
✔ equipment panel theft and revenge follow the broadcast and agree with the final server state (1.085884ms)
✔ lobby rejects old clients, wrong actor/game and mixed builds; public server capability is explicit (5.967162ms)
✔ sealed hands and future draw/dice stay private; duplicate messages do not resolve twice (7.252453ms)
✔ 8 rounds through real server handlers: ward carry, restart and repeated tick (9.834725ms)
✔ 16 rounds through real server handlers: ward carry, restart and repeated tick (18.813005ms)
ℹ tests 113
ℹ suites 0
ℹ pass 113
ℹ fail 0
ℹ cancelled 0
ℹ skipped 0
ℹ todo 0
ℹ duration_ms 2303.040804
