[
  {
    team: 'myth_enami/myth_yori/myth_hide/myth_rion',
    seed: 1,
    rounds: 10,
    damage: 3745068,
    result: 'limit'
  },
  {
    team: 'myth_enami/myth_yori/myth_hide/myth_rion',
    seed: 19,
    rounds: 10,
    damage: 3817915,
    result: 'limit'
  },
  {
    team: 'myth_enami/myth_yori/myth_hide/myth_rion',
    seed: 47,
    rounds: 10,
    damage: 3740122,
    result: 'limit'
  },
  {
    team: 'ten_time/ten_life/abyss_wrath/abyss_gluttony',
    seed: 1,
    rounds: 10,
    damage: 1623619,
    result: 'limit'
  },
  {
    team: 'ten_time/ten_life/abyss_wrath/abyss_gluttony',
    seed: 19,
    rounds: 10,
    damage: 1752079,
    result: 'limit'
  },
  {
    team: 'ten_time/ten_life/abyss_wrath/abyss_gluttony',
    seed: 47,
    rounds: 10,
    damage: 1716721,
    result: 'limit'
  },
  {
    team: 'ten_death/ten_end/ten_divinity/abyss_envy',
    seed: 1,
    rounds: 10,
    damage: 4536850,
    result: 'limit'
  },
  {
    team: 'ten_death/ten_end/ten_divinity/abyss_envy',
    seed: 19,
    rounds: 10,
    damage: 4403264,
    result: 'limit'
  },
  {
    team: 'ten_death/ten_end/ten_divinity/abyss_envy',
    seed: 47,
    rounds: 10,
    damage: 4231651,
    result: 'limit'
  },
  {
    team: 'slime/wolf/ghost/goblin',
    seed: 1,
    rounds: 10,
    damage: 471130,
    result: 'limit'
  },
  {
    team: 'slime/wolf/ghost/goblin',
    seed: 19,
    rounds: 10,
    damage: 626076,
    result: 'limit'
  },
  {
    team: 'slime/wolf/ghost/goblin',
    seed: 47,
    rounds: 10,
    damage: 463401,
    result: 'limit'
  }
]
