✔ build305 keeps the first 4v4 reward useful (1.83883ms)
✔ build305 4v4 rewards are monotonic and economically capped through stage 10000 (7.217773ms)
✔ build305 grants 4v4 equipment only at the intended first-clear milestones (5.157679ms)
✔ build305 safeCurrencyGrant saturates without exceeding MAX_SAFE_INTEGER (0.171418ms)
✔ build308 offline campaign trophy uses the boss chest economy and reveals its currency (25.204246ms)
✔ build305 offline mimic crystals use the converted economy depth (13.14513ms)
✔ Build308 normal reentry merges per-boss receipts even when run identifiers differ (3.672382ms)
✔ Build308 local replay resets run receipts while retaining lifetime mythic ownership (0.475666ms)
✔ Build308 an explicit server replay is authoritative over a stale local replay (0.459031ms)
✔ Build308 legacy claimedBossIds safely seeds both split receipt ledgers (0.239421ms)
✔ Build308 save normalization preserves split ledgers and clears only explicit replay runs (83.711216ms)
✔ Build311 accepts every historical schema entry point and converges idempotently (438.173324ms)
✔ Build311 carries retired storyDaysSeen receipts through save migration exactly once (4.970708ms)
▶ Build311 owned multi-boss trophy equipment repairs the exact receipt without minting a duplicate
  ✔ equipment (2.994761ms)
  ✔ reserveEquipment (0.809279ms)
  ✔ bossEquipmentVault (0.715188ms)
✔ Build311 owned multi-boss trophy equipment repairs the exact receipt without minting a duplicate (5.118109ms)
✔ Build311 protects malformed save JSON from constructor and later save writes (6.415094ms)
✔ Build311 also protects syntactically valid primitive save payloads (2.287386ms)
✔ Build311 drops a malformed active battle while preserving the loaded player (48.547473ms)
✔ original scenes retain their URLs and the new scene loads only its own image (1.995657ms)
✔ motion has a fixed budget of at most 23 groups and 17 on small or constrained devices (1.081589ms)
✔ each scene and preview owns all gradient, mask and crop references (0.769859ms)
✔ motion OFF, reduced motion and image failure remove all enhanced layers and preserve the static image (2.577563ms)
✔ hidden tabs, offscreen previews, shared modals and page restoration pause and resume together (1.289362ms)
✔ settings preview does not watch unrelated page mutations and scene replacement releases every observer (0.401475ms)
✔ resource-constrained devices reduce optional details, including after a live data-saving change (0.671662ms)
✔ all unlocked homes retain formation controls, menu actions and untouched party stats (58.100859ms)
✔ current entry preserves guide/name and motion module aliases (3.607173ms)
✔ 100 home/preview replacements leave no listeners or observers after disposal (1.944569ms)
✔ ally: mirrors triggers its actual shared resonance effect (5.144319ms)
✔ ally: talismans triggers its actual shared resonance effect (1.451145ms)
✔ ally: wings triggers its actual shared resonance effect (0.602607ms)
✔ ally: garden triggers its actual shared resonance effect (1.06208ms)
✔ ally: foxmoon triggers its actual shared resonance effect (1.11549ms)
✔ ally: starthread triggers its actual shared resonance effect (1.177303ms)
✔ ally: stitch triggers its actual shared resonance effect (0.698803ms)
✔ ally: glassaria triggers its actual shared resonance effect (1.126086ms)
✔ ally: eclipsecrown triggers its actual shared resonance effect (0.933866ms)
✔ ally: oathguard triggers its actual shared resonance effect (0.804733ms)
✔ ally: rosevow triggers its actual shared resonance effect (0.791072ms)
✔ ally: twinclock triggers its actual shared resonance effect (0.56418ms)
✔ ally: wisteria triggers its actual shared resonance effect (0.531641ms)
✔ ally: twinthunder triggers its actual shared resonance effect (1.143002ms)
✔ ally: twinkeys triggers its actual shared resonance effect (0.492112ms)
✔ ally: frostshatter triggers its actual shared resonance effect (0.529438ms)
✔ ally: oathreturn triggers its actual shared resonance effect (0.872555ms)
✔ ally: starconfluence triggers its actual shared resonance effect (0.837291ms)
✔ ally: crimsonwings triggers its actual shared resonance effect (0.335346ms)
✔ ally: absolutionbells triggers its actual shared resonance effect (0.395445ms)
✔ ally: eclipserenewal triggers its actual shared resonance effect (0.382877ms)
✔ ally: dreamharvest triggers its actual shared resonance effect (0.177698ms)
✔ ally: dragonliberation triggers its actual shared resonance effect (0.202695ms)
✔ ally: crownsfinale triggers its actual shared resonance effect (0.832554ms)
✔ enemy: mirrors triggers its actual shared resonance effect (0.633314ms)
✔ enemy: talismans triggers its actual shared resonance effect (0.25222ms)
✔ enemy: wings triggers its actual shared resonance effect (0.110786ms)
✔ enemy: garden triggers its actual shared resonance effect (0.29252ms)
✔ enemy: foxmoon triggers its actual shared resonance effect (1.388682ms)
✔ enemy: starthread triggers its actual shared resonance effect (0.751713ms)
✔ enemy: stitch triggers its actual shared resonance effect (0.272911ms)
✔ enemy: glassaria triggers its actual shared resonance effect (0.429657ms)
✔ enemy: eclipsecrown triggers its actual shared resonance effect (0.294613ms)
✔ enemy: oathguard triggers its actual shared resonance effect (0.301724ms)
✔ enemy: rosevow triggers its actual shared resonance effect (0.303568ms)
✔ enemy: twinclock triggers its actual shared resonance effect (0.337738ms)
✔ enemy: wisteria triggers its actual shared resonance effect (0.553984ms)
✔ enemy: twinthunder triggers its actual shared resonance effect (0.383768ms)
✔ enemy: twinkeys triggers its actual shared resonance effect (0.35235ms)
✔ enemy: frostshatter triggers its actual shared resonance effect (0.177187ms)
✔ enemy: oathreturn triggers its actual shared resonance effect (0.511521ms)
✔ enemy: starconfluence triggers its actual shared resonance effect (0.219951ms)
✔ enemy: crimsonwings triggers its actual shared resonance effect (0.271779ms)
✔ enemy: absolutionbells triggers its actual shared resonance effect (0.32528ms)
✔ enemy: eclipserenewal triggers its actual shared resonance effect (0.271769ms)
✔ enemy: dreamharvest triggers its actual shared resonance effect (0.251068ms)
✔ enemy: dragonliberation triggers its actual shared resonance effect (0.196627ms)
✔ enemy: crownsfinale triggers its actual shared resonance effect (4.19537ms)
✔ 24 pairs stop on partner control, death, capture and isolation; copies do not add activations (3.648225ms)
✔ no false conditional benefits from misses, plain targets, empty cleansing or empty dispel (3.051857ms)
✔ only natural attacks record focus; effects use maximum rather than sum (3.572041ms)
✔ defensive event attribution, one battle rescue, lethal hits and DoT crossing (1.701563ms)
✔ save and restore keeps quotas, focus, charge and consumption without copying cues (1.132987ms)
✔ cutins have 24 themes, two escaped names, distinct phases and no input controls (1.386479ms)
✔ lowest-HP aid may heal a sleeping third member; no late perk after a partner falls mid-hit (0.506664ms)
✔ pair discount agrees between MP affordability, battle skill buttons and enemy native AI (196.536652ms)
✔ ally: atkDown converts before resistance, without derived stun (9.119527ms)
✔ ally: defDown converts before resistance, without derived stun (0.677631ms)
✔ ally: spdDown converts before resistance, without derived stun (0.762959ms)
✔ ally: accuracyDown converts before resistance, without derived stun (0.575557ms)
✔ ally: evasionDown converts before resistance, without derived stun (0.55774ms)
✔ ally: vulnerable converts before resistance, without derived stun (0.431891ms)
✔ ally: healDown converts before resistance, without derived stun (0.370638ms)
✔ ally: mpRecoveryDown converts before resistance, without derived stun (0.34516ms)
✔ ally: reviveSeal converts before resistance, without derived stun (0.379842ms)
✔ ally: curse converts before resistance, without derived stun (0.719214ms)
✔ ally: poison converts before resistance, without derived stun (0.296116ms)
✔ ally: burn converts before resistance, without derived stun (0.285119ms)
✔ ally: bleed converts before resistance, without derived stun (0.290698ms)
✔ ally: sleep converts before resistance, without derived stun (0.230937ms)
✔ ally: freeze converts before resistance, without derived stun (0.251128ms)
✔ ally: paralysis converts before resistance, without derived stun (0.289246ms)
✔ ally: shock converts before resistance, without derived stun (0.23224ms)
✔ ally: stun converts before resistance, without derived stun (0.254193ms)
✔ ally: charm converts before resistance, without derived stun (0.304679ms)
✔ ally: confusion converts before resistance, without derived stun (0.308765ms)
✔ ally: fear converts before resistance, without derived stun (0.245079ms)
✔ ally: pact once per species across revival; secondary pact cannot chain (11.502045ms)
✔ ally: pact ignores self, ally, reflection, costs and followups (6.788656ms)
✔ ally: pact killer selection and protected MATK coefficient (0.589628ms)
✔ ally: hibernation skips ten actions, discharges on eleven, no extra ticks (1.8921ms)
✔ ally: sleep/control does not count; death before first action and later revive permanently cancels (0.532883ms)
✔ ally: absorbed death count is unique, shared, capped and does not heal (2.232322ms)
✔ ally: dead absorber gets no simultaneous batch; captures and summons excluded (0.852745ms)
✔ ally: paper body stays HP100; all shields rejected; opening and actions share quota (2.189508ms)
✔ ally: automatic rescue precedes pact/growth/hibernation cancellation (0.656129ms)
✔ enemy: atkDown converts before resistance, without derived stun (0.355125ms)
✔ enemy: defDown converts before resistance, without derived stun (0.355605ms)
✔ enemy: spdDown converts before resistance, without derived stun (0.250367ms)
✔ enemy: accuracyDown converts before resistance, without derived stun (0.25208ms)
✔ enemy: evasionDown converts before resistance, without derived stun (0.368946ms)
✔ enemy: vulnerable converts before resistance, without derived stun (0.453063ms)
✔ enemy: healDown converts before resistance, without derived stun (0.292581ms)
✔ enemy: mpRecoveryDown converts before resistance, without derived stun (0.327794ms)
✔ enemy: reviveSeal converts before resistance, without derived stun (0.25882ms)
✔ enemy: curse converts before resistance, without derived stun (0.642537ms)
✔ enemy: poison converts before resistance, without derived stun (0.303817ms)
✔ enemy: burn converts before resistance, without derived stun (0.279691ms)
✔ enemy: bleed converts before resistance, without derived stun (0.267053ms)
✔ enemy: sleep converts before resistance, without derived stun (0.259341ms)
✔ enemy: freeze converts before resistance, without derived stun (0.227883ms)
✔ enemy: paralysis converts before resistance, without derived stun (0.227693ms)
✔ enemy: shock converts before resistance, without derived stun (0.284138ms)
✔ enemy: stun converts before resistance, without derived stun (0.323197ms)
✔ enemy: charm converts before resistance, without derived stun (0.256386ms)
✔ enemy: confusion converts before resistance, without derived stun (0.322025ms)
✔ enemy: fear converts before resistance, without derived stun (0.283226ms)
✔ enemy: pact once per species across revival; secondary pact cannot chain (0.774727ms)
✔ enemy: pact ignores self, ally, reflection, costs and followups (1.247439ms)
✔ enemy: pact killer selection and protected MATK coefficient (3.819374ms)
✔ enemy: hibernation skips ten actions, discharges on eleven, no extra ticks (0.657731ms)
✔ enemy: sleep/control does not count; death before first action and later revive permanently cancels (0.333703ms)
✔ enemy: absorbed death count is unique, shared, capped and does not heal (0.793014ms)
✔ enemy: dead absorber gets no simultaneous batch; captures and summons excluded (0.649308ms)
✔ enemy: paper body stays HP100; all shields rejected; opening and actions share quota (0.610299ms)
✔ enemy: automatic rescue precedes pact/growth/hibernation cancellation (0.452361ms)
✔ inversion requires actual hostile landing; no self costs, reflection or authority conversion (0.635577ms)
✔ native DoT records hostile killer on both sides (4.590074ms)
✔ terminal protection covers boss catalog, gods, abyss, raids and online (0.211418ms)
✔ trait state + HP JSON reload preserves spent pact, sleep ticks, growth and shield duration (2.447116ms)
✔ calculated weak bodies apply after gear; growth is removed without permanent stat mutations (1.15521ms)
✔ legacy control-as-stun keeps the original ailment mapping (1.014849ms)
✔ strong ordinary regeneration and conversion regeneration use the maximum, not a sum (0.693585ms)
✔ battle cleanup removes growth and clamps excess HP without granting healing (0.845373ms)
✔ an already fallen opening party member is not a new death to absorb (0.623178ms)
✔ legacy hostile status insertion retains its origin for lethal DoT after save (0.911754ms)
✔ equipment normalization before resume preserves grown HP rather than clamping to weak entry HP (0.58396ms)
✔ favorite-only gear is visible in protection filter after lock removal (2.689391ms)
✔ explicit combined release makes eligible materials available, retaining equipped/permanent protection (1.555713ms)
✔ lock-only release keeps favorites; failed combined release restores exact flags (0.841768ms)
✔ released material can be consumed once; selected base and protected items survive (1.032846ms)
✔ skill menu opens repeatedly without random-circle, hero quota or turn hooks (5.044629ms)
✔ item menu opens repeatedly without random-circle, hero quota or turn hooks (1.008699ms)
✔ picker rejects busy battle state (1.018404ms)
✔ picker rejects auto battle state (1.312307ms)
✔ picker rejects actionCommitted battle state (0.829049ms)
✔ enemy turn and intro block menu; switching pickers closes the other one (1.902105ms)
✔ actual submitted skill and attack still enter action pipeline (2.578774ms)
✔ summon [data-modal-primary] closes during intro and preserves all rewards (13.511492ms)
✔ summon [data-modal-primary] closes during premium and preserves all rewards (1.690537ms)
✔ summon [data-modal-primary] closes during transition and preserves all rewards (1.236102ms)
✔ summon [data-modal-primary] closes during complete and preserves all rewards (0.830862ms)
✔ summon [data-modal-dismiss] closes during intro and preserves all rewards (0.689889ms)
✔ summon [data-modal-dismiss] closes during premium and preserves all rewards (0.741637ms)
✔ summon [data-modal-dismiss] closes during transition and preserves all rewards (0.715928ms)
✔ summon [data-modal-dismiss] closes during complete and preserves all rewards (0.641356ms)
✔ beginner early dismissal uses correct return destination (0.805313ms)
✔ chapterTwo397 early dismissal uses correct return destination (0.666604ms)
✔ boot cache retains operation modules and the current config target (1.482293ms)
✔ item selection commits one inventory item and hero action; duplicate taps and invalid targets consume nothing (1.869186ms)
✔ protection manager renders an explicit combined release and favorites filter (1.547521ms)
✔ one-frame chapter-two and raid circles receive stable-frame treatment; three-frame animation remains (1.101209ms)
✔ visible art and circle fit at 320px, including narrow/tall artwork (0.521746ms)
✔ visible art and circle fit at 390px, including narrow/tall artwork (0.228104ms)
✔ visible art and circle fit at 430px, including narrow/tall artwork (0.124378ms)
✔ visible art and circle fit at 768px, including narrow/tall artwork (0.134953ms)
✔ visible art and circle fit at 1280px, including narrow/tall artwork (0.103897ms)
✔ real fitting positions ally visible feet above HP and labels above art; repeat fitting is stable (0.780506ms)
✔ latest cache targets and CSS ordering preserve Build412 logic (4.551006ms)
✔ UI distinguishes spent followups from synergy and restores the next round (2.313004ms)
✔ hard sleep immunity produces a consumable half-bonus, not sleep or full damage (1.180588ms)
✔ dual conditions require their own types; one mark never satisfies two debuffs (0.29169ms)
✔ marks expire, survive checkpoints, and are not generated by chance failure/resistance/cost (0.473963ms)
✔ trial HP stays out of the normal roster save; resume and repeated binding do not multiply (3.776418ms)
✔ paper body remains HP100; endgame and online receive no adaptation (0.721697ms)
✔ protected traits use bounded defense penetration; online-compatible legacy plan remains unchanged (2.331943ms)
✔ ordinary support recommendation includes a party heal, preserving manual loadouts (1.856517ms)
✔ online profiles and HP transfer never export chapter/trial multipliers (2.706136ms)
✔ all modified browser modules, including old importer aliases, resolve to the current code (6.08777ms)
✔ online combat cannot acquire trial stats; role condition is explicit (21.913179ms)
✔ enemy-side preparation belongs to its side, pair, target and status type (1.017292ms)
✔ protected damage caps final HP loss after shield absorption (2.114254ms)
✔ full outgoing online profile stays at its ordinary stats while local battle uses adaptation (21.051184ms)
✔ primary healing support has MP for at least three casts at benchmark levels (30.716358ms)
✔ Deep Abyss and Ten Gods preserve all 68 golden stat, MP and skill profiles (76.39203ms)
✔ team: actual resolver casts canonical ultimate once, preserves MP and rejects early reuse (3.068482ms)
✔ raid: actual resolver casts canonical ultimate once, preserves MP and rejects early reuse (0.6572ms)
✔ raid and 4v4 ordinary item recovery is intercepted by active enemy healing theft (2.306013ms)
✔ 411 shared ultimate damage cannot attach HP100 body rules to legacy online enemies (1.205746ms)
✔ first chapter: real checkpoint → SaveService migration → resume preserves HP, MP, effects and turn ownership (false) (102.657549ms)
✔ first chapter: real checkpoint → SaveService migration → resume preserves HP, MP, effects and turn ownership (true) (13.761579ms)
✔ chapter two: real checkpoint → SaveService migration → resume preserves HP, MP, effects and turn ownership (false) (41.581685ms)
✔ chapter two: real checkpoint → SaveService migration → resume preserves HP, MP, effects and turn ownership (true) (11.032598ms)
✔ manual trial: real checkpoint → SaveService migration → resume preserves HP, MP, effects and turn ownership (false) (20.098324ms)
✔ manual trial: real checkpoint → SaveService migration → resume preserves HP, MP, effects and turn ownership (true) (11.249525ms)
✔ normal victory grants gold, EXP, kills and history only once while its result remains open (311.292513ms)
✔ victory result HP and level gains use ordinary post-battle stats (13.426175ms)
✔ storage quota failure keeps the last valid save and retry writes the current state once (3.509686ms)
✔ 1 battle HP remains alive through serialization and removing large trial multipliers; KO remains zero (7.946018ms)
✔ native manual skill picker waits; choosing an authored skill consumes MP and exactly one turn (20.233788ms)
✔ native auto wait honors switching to manual before committing the queued action (15.607971ms)
✔ memory defeat rescues every member at HP1 and does not charge a second loss (17.361001ms)
✔ chapter victory saves the same normal HP displayed after rewards, including storage retry (false) (471.499675ms)
✔ chapter victory saves the same normal HP displayed after rewards, including storage retry (true) (11.684039ms)
✔ defeat at floor100 stays on its result when the biome collapse callback arrives late (57.891763ms)
✔ pagehide checkpoint after defeat cannot resurrect a settled battle or its exploration snapshot (33.812352ms)
✔ loading an old orphaned normal battle preserves rescue state and drops only inactive encounter data (16.144088ms)
✔ runtime resume refuses an ordinary checkpoint belonging to an ended run (8.979727ms)
✔ an ended field cannot start a transition and leave encountering/paused stuck (6.46648ms)
✔ cancelling an encounter transition releases its own field lock (6.035711ms)
✔ native cancellation during a transition releases pause even when it already cleared encountering (5.475478ms)
✔ cancelled transition cannot release a newer encounter or another screen modal (18.141596ms)
✔ normal floor100 encounters still start with HP1 / MP0 and the selected floor is retained (26.84697ms)
✔ HP1 / MP0 / poison at floor100 completes enemy turns and defeat once, including late timers (62.173828ms)
✔ late turn completion after settlement cannot advance the queue or modify saved rescue HP (11.178718ms)
✔ legitimate memory and special battle saves remain resumable outside a normal expedition (50.132435ms)
✔ reported Serene / Fairy / Shade Cat / Thorn Bud encounter uses native AI and exits at low HP (10 seeds) (864.070372ms)
✔ area 0: tap through spring, preserve route, heal once and rearm after leaving (98.491298ms)
✔ area 1: tap through spring, preserve route, heal once and rearm after leaving (65.626004ms)
✔ area 2: tap through spring, preserve route, heal once and rearm after leaving (35.465212ms)
✔ area 3: tap through spring, preserve route, heal once and rearm after leaving (44.699691ms)
✔ area 4: tap through spring, preserve route, heal once and rearm after leaving (43.887238ms)
✔ auto exploration continues through the spring to its intended treasure (7.955043ms)
✔ pause/modal suspends contact; resuming preserves the route and performs one recovery (8.581807ms)
✔ failed recovery save rolls back vitals and does not display success or persist abandoned run (7.690114ms)
✔ first-chapter spring keeps its one-use recovery and movement path (4.995945ms)
✔ legacy checkpoint preparation and both reported pairs: HP×28 is independent of followups; heal and shield use prepared HP (33.339699ms)
✔ legacy checkpoint preparation and both reported pairs: HP×42 is independent of followups; heal and shield use prepared HP (37.44216ms)
✔ detail reports the bound unit, is read-only, and excludes a Ten God in an otherwise eligible party (11.898433ms)
✔ HP100 fixed ability is explained as an exception; online has no preparation detail (12.964348ms)
✔ same regular enemies render identical name, rank, HP and magic-circle card markup in both chapters (12.292516ms)
✔ chapter-two bosses retain rank and full escaped names in the HP card, including long names (6.255823ms)
✔ battle display aliases retain their verified build and config resolves to the current release (1.480991ms)
✔ real exit contact transfers 99→100 once and survives SaveService reload with a fresh floor100 map (246.884995ms)
✔ actual floor100 map, player position and HP1/MP0 survive field save/hydration; old floor99 snapshot is rejected (137.601305ms)
✔ departure selection re-enters floor100 from rescue floor1 and clears the old field snapshot before saving (120.908185ms)
✔ chapter 1: skill picker is removed before the banner; a second tap cannot spend MP twice (73.484281ms)
✔ chapter 2: skill picker is removed before the banner; a second tap cannot spend MP twice (66.740723ms)
✔ rejected MP/cooldown choices keep the picker open and do not consume the turn (21.256979ms)
✔ hero and ultimate presentation paths also close the picker before presenting events (18.014606ms)
✔ fresh second chapter and mother battles use natural stats for every party size (21.360315ms)
✔ cleared second chapter unlocks the sanctum without replaying or changing chapter one (16.869301ms)
✔ attempt IDs, defeat, retreat-equivalent settlement and first rewards are idempotent (61.916956ms)
✔ dead parties cannot begin; partial dialogue and independent progression survive actual save reload (26.507178ms)
✔ both enemy and allied glass pairs use two followups, 10% healing and the same round reset (24.163307ms)
✔ mother uses registered native authored skills, complete atlas frames and existing battle markup (36.576866ms)
✔ all mother dialogue is authored, ending stays replayable and leaves an optional continuation (0.332821ms)
✔ mother native command reaches real enemy AI and can finish without a progress stall (204.197961ms)
✔ native mother result persists restored supplies/vitals before revealing contribution and cannot award twice (14.089363ms)
✔ native mother save checkpoint resumes in sanctum with its attempt and action commit preserved (23.738978ms)
✔ native mother dialogue preserves index on dismiss and only completes after final confirmation (32.763252ms)
✔ destination navigates section 4 -> 5 -> 4; primary enters the sanctum, never region 5 (77.264941ms)
✔ locked core cannot route to final battle; old cleared saves default to section 5 (20.090853ms)
✔ existing and new endings appear in chronological archive; counts and home agree without editing saves (22.448945ms)
✔ unseen stories remain locked; optional defeat is counted only when read (5.96794ms)
✔ all mother scenes use native cast presentation; ending has lines for all seven characters (6.776758ms)
✔ legacy partial scenes restart safely, new partial scenes resume and completed replay writes nothing (11.92296ms)
✔ mother cadence respects cooldowns and mana, and leaves old encounters unchanged (0.456368ms)
✔ native mother veil is a removable guard and HP shield, without extra divineBarrier (8.407874ms)
✔ all-enemy gold thread damages each survivor and applies recovery suppression through native effects (22.946093ms)
✔ mother decoration is absent in other battles and never changes sprite/card ordering (14.396065ms)
✔ native cue delegates to the in-arena animation and publishes phases only to this battle (45.207156ms)
✔ manual command waits until the round law ends, then spends exactly one normal skill turn (47.776306ms)
✔ ten Roman laws map to the actual ten signatures without mutating the characters (1.9386ms)
✔ all ten laws occur once per cycle; rematches and reloads use the same preview (0.750089ms)
✔ dial fires once despite zero MP, sealed skill cooldown and action-stopping effects; does not spend a natural turn (8.607876ms)
✔ two callbacks during the spin cannot trigger twice, and the overlay finishes before the attack (5.592704ms)
✔ ordinary, older active mother, dead mother and settled battles do not receive the new dial (4.760821ms)
✔ native turn flow resolves the round law before the enemy natural action (11.439212ms)
✔ native projection damage passes through defensive shields and damages the real party (11.177236ms)
✔ mother healing projection uses native heal suppression and expiring, removable guard/regen (5.387835ms)
✔ native checkpoint includes the completed round receipt; reopening does not repeat its law (7.623863ms)
✔ exclusive home skin stays locked until a real victory and selection rejects forged settings (5.56355ms)
✔ old cleared saves unlock the skin on read without migration, extra currency or a rematch (4.327769ms)
✔ skin selection and completion survive SaveService reload; failed skin saves roll back (20.323364ms)
✔ completion is gated by victory and ending; viewing grants no additional rewards (7.058042ms)
✔ completion dismiss waits for its receipt to save and exclusive skin is only equipped by its button (6.919723ms)
✔ pixel dial contains all ten pixel-drawn Roman numerals and no thin circle primitives (0.257578ms)
✔ field halo center follows the actual sprite body and zoom rather than an unrelated tile offset (0.432932ms)
✔ shared visible-pixel fitter lifts the mother entirely above her HP card (0.829921ms)
✔ HP barrier reuses the shield meter, remembers capacity after absorption, and preserves zero (62.362657ms)
✔ native mother shield grants remember the full value before it can be consumed (23.083821ms)
✔ mother art seeks triple ordinary size, respecting width and card/status headroom (0.217547ms)
✔ challenge center uses visible atlas bounds and the battle supplies a dedicated solo mother target (16.003036ms)
✔ upcoming result is absent until stopping, including a new round after checkpoint resume (0.263217ms)
✔ all ten stops point to the selected numeral after multiple full revolutions (0.280593ms)
✔ expanded dial stays inside the arena at narrow and wide viewports (0.329005ms)
✔ in-arena spin at x1 reveals only at stop, then releases the existing backdrop (1.371706ms)
✔ in-arena spin at x2 reveals only at stop, then releases the existing backdrop (0.257819ms)
✔ in-arena spin at x4 reveals only at stop, then releases the existing backdrop (0.332211ms)
✔ rerender during spin joins the same elapsed animation without a result preview (0.289897ms)
✔ reduced motion does not rotate before reveal; interrupted battles clean up without revealing (0.308265ms)
✔ ordinary hits summon once per attack, use at most three slots, and join next round (53.527278ms)
✔ poison, counters, reflection, echoes and guarded hits do not summon (59.111711ms)
✔ one battle-local guts works through native damage and direct ultimate HP writers (29.762841ms)
✔ countdown starts after death round, survives five complete rounds, then returns exactly 30% once (7.422491ms)
✔ last child defeated on the fifth round prevents revival; native flow awards victory (9.921596ms)
✔ generic healing/revive cannot bring back the mother early or mint a second revival (7.593218ms)
✔ checkpoint serialization carries roster, rolled equipment, guts and exact remaining rounds (7.248398ms)
✔ old active 425 mothers do not gain new abilities in the middle of a fight (6.789577ms)
✔ real automatic command follows native multi-target and turn flow with dynamic summons (112.956798ms)
✔ actual resume path preserves a fallen mother and does not replay an already committed summon (10.527277ms)
✔ poison from a named player can consume guts but cannot trigger a summon (5.527807ms)
✔ summon death before the mother does not arm a revival countdown (5.745614ms)
✔ a partner follow-up can trigger the one summon even when the first attacker missed (4.805528ms)
✔ native endRound itself advances the full death grace period and revives before the next queue (10.705916ms)
ℹ tests 326
ℹ suites 0
ℹ pass 326
ℹ fail 0
ℹ cancelled 0
ℹ skipped 0
ℹ todo 0
ℹ duration_ms 2975.698783
