{"level":4500,"party":0,"ids":["ch2_seria","ch2_carmia","ch2_rostia","ch2_althea"],"seed":1,"won":false,"lost":true,"rounds":10,"remaining":0,"damage":1090401,"taken":320560,"healing":143546,"mpSpent":447,"mpDrained":0,"shieldAbsorbed":184948,"firstRoundDeaths":0,"firstMpShortageRound":null}
{"level":4500,"party":0,"ids":["ch2_seria","ch2_carmia","ch2_rostia","ch2_althea"],"seed":7,"won":false,"lost":true,"rounds":11,"remaining":0,"damage":693270,"taken":273918,"healing":96904,"mpSpent":431,"mpDrained":0,"shieldAbsorbed":189515,"firstRoundDeaths":0,"firstMpShortageRound":null}
{"level":4500,"party":0,"ids":["ch2_seria","ch2_carmia","ch2_rostia","ch2_althea"],"seed":29,"won":false,"lost":true,"rounds":14,"remaining":0,"damage":1164070,"taken":325123,"healing":148109,"mpSpent":601,"mpDrained":0,"shieldAbsorbed":257826,"firstRoundDeaths":0,"firstMpShortageRound":null}
{"level":4500,"party":1,"ids":["ch2_ryune","ch2_rose","ch2_mirea","ch2_viola"],"seed":1,"won":false,"lost":true,"rounds":4,"remaining":0,"damage":178940,"taken":139234,"healing":25421,"mpSpent":60,"mpDrained":0,"shieldAbsorbed":70561,"firstRoundDeaths":0,"firstMpShortageRound":null}
{"level":4500,"party":1,"ids":["ch2_ryune","ch2_rose","ch2_mirea","ch2_viola"],"seed":7,"won":false,"lost":true,"rounds":5,"remaining":0,"damage":176987,"taken":141413,"healing":27600,"mpSpent":88,"mpDrained":0,"shieldAbsorbed":70561,"firstRoundDeaths":0,"firstMpShortageRound":null}
{"level":4500,"party":1,"ids":["ch2_ryune","ch2_rose","ch2_mirea","ch2_viola"],"seed":29,"won":false,"lost":true,"rounds":4,"remaining":0,"damage":92606,"taken":140271,"healing":26458,"mpSpent":88,"mpDrained":0,"shieldAbsorbed":73927,"firstRoundDeaths":0,"firstMpShortageRound":null}
{"level":4500,"party":2,"ids":["ch2_dracia","ch2_rucie","ch2_tillea","ch2_grant"],"seed":1,"won":false,"lost":true,"rounds":11,"remaining":0,"damage":976207,"taken":251114,"healing":67524,"mpSpent":447,"mpDrained":0,"shieldAbsorbed":248205,"firstRoundDeaths":0,"firstMpShortageRound":null}
{"level":4500,"party":2,"ids":["ch2_dracia","ch2_rucie","ch2_tillea","ch2_grant"],"seed":7,"won":false,"lost":true,"rounds":14,"remaining":0,"damage":936756,"taken":288613,"healing":105023,"mpSpent":519,"mpDrained":0,"shieldAbsorbed":287383,"firstRoundDeaths":0,"firstMpShortageRound":null}
{"level":4500,"party":2,"ids":["ch2_dracia","ch2_rucie","ch2_tillea","ch2_grant"],"seed":29,"won":false,"lost":true,"rounds":14,"remaining":0,"damage":813805,"taken":286377,"healing":102787,"mpSpent":488,"mpDrained":0,"shieldAbsorbed":263620,"firstRoundDeaths":0,"firstMpShortageRound":null}
{"level":4500,"party":3,"ids":["ch2_nemesia","ch2_everia","ch2_aeriel","ch2_vespera"],"seed":1,"won":true,"lost":false,"rounds":4,"remaining":0.9171393634138009,"damage":1463000,"taken":153640,"healing":136758,"mpSpent":443,"mpDrained":0,"shieldAbsorbed":170106,"firstRoundDeaths":0,"firstMpShortageRound":null}
{"level":4500,"party":3,"ids":["ch2_nemesia","ch2_everia","ch2_aeriel","ch2_vespera"],"seed":7,"won":true,"lost":false,"rounds":5,"remaining":0.4731725874868523,"damage":1400000,"taken":252050,"healing":142690,"mpSpent":473,"mpDrained":0,"shieldAbsorbed":213638,"firstRoundDeaths":0,"firstMpShortageRound":null}
{"level":4500,"party":3,"ids":["ch2_nemesia","ch2_everia","ch2_aeriel","ch2_vespera"],"seed":29,"won":true,"lost":false,"rounds":4,"remaining":0.7971475819067746,"damage":1463000,"taken":144846,"healing":102839,"mpSpent":444,"mpDrained":0,"shieldAbsorbed":175950,"firstRoundDeaths":0,"firstMpShortageRound":null}
{"level":4500,"party":4,"ids":["ch2_noelle","ch2_aure","ch2_ione","ch2_noctia"],"seed":1,"won":true,"lost":false,"rounds":14,"remaining":0.7107110689178618,"damage":1484000,"taken":456750,"healing":438623,"mpSpent":740,"mpDrained":0,"shieldAbsorbed":338470,"firstRoundDeaths":1,"firstMpShortageRound":null}
{"level":4500,"party":4,"ids":["ch2_noelle","ch2_aure","ch2_ione","ch2_noctia"],"seed":7,"won":true,"lost":false,"rounds":14,"remaining":0.5728666360405064,"damage":1484000,"taken":440605,"healing":394998,"mpSpent":739,"mpDrained":0,"shieldAbsorbed":327917,"firstRoundDeaths":1,"firstMpShortageRound":null}
{"level":4500,"party":4,"ids":["ch2_noelle","ch2_aure","ch2_ione","ch2_noctia"],"seed":29,"won":true,"lost":false,"rounds":14,"remaining":0.5728666360405064,"damage":1484000,"taken":439886,"healing":394279,"mpSpent":714,"mpDrained":0,"shieldAbsorbed":337632,"firstRoundDeaths":1,"firstMpShortageRound":null}
{"level":5500,"party":0,"ids":["ch2_seria","ch2_carmia","ch2_rostia","ch2_althea"],"seed":1,"won":true,"lost":false,"rounds":8,"remaining":0.419808170025756,"damage":1484000,"taken":296950,"healing":198759,"mpSpent":532,"mpDrained":0,"shieldAbsorbed":211646,"firstRoundDeaths":0,"firstMpShortageRound":null}
{"level":5500,"party":0,"ids":["ch2_seria","ch2_carmia","ch2_rostia","ch2_althea"],"seed":7,"won":true,"lost":false,"rounds":10,"remaining":0.40556251576367935,"damage":1484000,"taken":294920,"healing":193051,"mpSpent":600,"mpDrained":0,"shieldAbsorbed":220684,"firstRoundDeaths":0,"firstMpShortageRound":null}
{"level":5500,"party":0,"ids":["ch2_seria","ch2_carmia","ch2_rostia","ch2_althea"],"seed":29,"won":true,"lost":false,"rounds":10,"remaining":0.3589267973556561,"damage":1484000,"taken":325424,"healing":211580,"mpSpent":597,"mpDrained":0,"shieldAbsorbed":240396,"firstRoundDeaths":0,"firstMpShortageRound":null}
{"level":5500,"party":1,"ids":["ch2_ryune","ch2_rose","ch2_mirea","ch2_viola"],"seed":1,"won":false,"lost":true,"rounds":7,"remaining":0,"damage":322206,"taken":260675,"healing":129919,"mpSpent":169,"mpDrained":0,"shieldAbsorbed":85266,"firstRoundDeaths":0,"firstMpShortageRound":null}
{"level":5500,"party":1,"ids":["ch2_ryune","ch2_rose","ch2_mirea","ch2_viola"],"seed":7,"won":false,"lost":true,"rounds":7,"remaining":0,"damage":375984,"taken":239051,"healing":108295,"mpSpent":185,"mpDrained":0,"shieldAbsorbed":85266,"firstRoundDeaths":0,"firstMpShortageRound":null}
{"level":5500,"party":1,"ids":["ch2_ryune","ch2_rose","ch2_mirea","ch2_viola"],"seed":29,"won":false,"lost":true,"rounds":7,"remaining":0,"damage":531815,"taken":281393,"healing":150637,"mpSpent":226,"mpDrained":0,"shieldAbsorbed":104690,"firstRoundDeaths":0,"firstMpShortageRound":null}
{"level":5500,"party":2,"ids":["ch2_dracia","ch2_rucie","ch2_tillea","ch2_grant"],"seed":1,"won":false,"lost":true,"rounds":19,"remaining":0,"damage":1353885,"taken":292441,"healing":80784,"mpSpent":624,"mpDrained":0,"shieldAbsorbed":333340,"firstRoundDeaths":0,"firstMpShortageRound":null}
{"level":5500,"party":2,"ids":["ch2_dracia","ch2_rucie","ch2_tillea","ch2_grant"],"seed":7,"won":false,"lost":true,"rounds":14,"remaining":0,"damage":1469482,"taken":317701,"healing":106044,"mpSpent":591,"mpDrained":0,"shieldAbsorbed":312802,"firstRoundDeaths":0,"firstMpShortageRound":null}
{"level":5500,"party":2,"ids":["ch2_dracia","ch2_rucie","ch2_tillea","ch2_grant"],"seed":29,"won":false,"lost":true,"rounds":14,"remaining":0,"damage":1063509,"taken":304156,"healing":92499,"mpSpent":497,"mpDrained":0,"shieldAbsorbed":277325,"firstRoundDeaths":0,"firstMpShortageRound":null}
{"level":5500,"party":3,"ids":["ch2_nemesia","ch2_everia","ch2_aeriel","ch2_vespera"],"seed":1,"won":true,"lost":false,"rounds":4,"remaining":0.8474361864367141,"damage":1463000,"taken":127024,"healing":90818,"mpSpent":385,"mpDrained":0,"shieldAbsorbed":187734,"firstRoundDeaths":0,"firstMpShortageRound":null}
{"level":5500,"party":3,"ids":["ch2_nemesia","ch2_everia","ch2_aeriel","ch2_vespera"],"seed":7,"won":true,"lost":false,"rounds":4,"remaining":0.8474361864367141,"damage":1463000,"taken":121422,"healing":85216,"mpSpent":383,"mpDrained":0,"shieldAbsorbed":190199,"firstRoundDeaths":0,"firstMpShortageRound":null}
{"level":5500,"party":3,"ids":["ch2_nemesia","ch2_everia","ch2_aeriel","ch2_vespera"],"seed":29,"won":true,"lost":false,"rounds":3,"remaining":0.9887857079685151,"damage":1463000,"taken":88022,"healing":85486,"mpSpent":354,"mpDrained":0,"shieldAbsorbed":146727,"firstRoundDeaths":0,"firstMpShortageRound":null}
{"level":5500,"party":4,"ids":["ch2_noelle","ch2_aure","ch2_ione","ch2_noctia"],"seed":1,"won":true,"lost":false,"rounds":11,"remaining":0.75,"damage":1484000,"taken":308931,"healing":296693,"mpSpent":586,"mpDrained":0,"shieldAbsorbed":311541,"firstRoundDeaths":1,"firstMpShortageRound":null}
{"level":5500,"party":4,"ids":["ch2_noelle","ch2_aure","ch2_ione","ch2_noctia"],"seed":7,"won":true,"lost":false,"rounds":11,"remaining":0.75,"damage":1484000,"taken":297999,"healing":285761,"mpSpent":576,"mpDrained":0,"shieldAbsorbed":296153,"firstRoundDeaths":1,"firstMpShortageRound":null}
{"level":5500,"party":4,"ids":["ch2_noelle","ch2_aure","ch2_ione","ch2_noctia"],"seed":29,"won":true,"lost":false,"rounds":11,"remaining":0.6931133288897731,"damage":1484000,"taken":295960,"healing":270475,"mpSpent":576,"mpDrained":0,"shieldAbsorbed":307349,"firstRoundDeaths":1,"firstMpShortageRound":null}
{"level":6000,"party":0,"ids":["ch2_seria","ch2_carmia","ch2_rostia","ch2_althea"],"seed":1,"won":true,"lost":false,"rounds":8,"remaining":0.44255694727064776,"damage":1484000,"taken":290322,"healing":191592,"mpSpent":508,"mpDrained":0,"shieldAbsorbed":221831,"firstRoundDeaths":0,"firstMpShortageRound":null}
{"level":6000,"party":0,"ids":["ch2_seria","ch2_carmia","ch2_rostia","ch2_althea"],"seed":7,"won":true,"lost":false,"rounds":8,"remaining":0.44336851187576254,"damage":1484000,"taken":281871,"healing":183354,"mpSpent":532,"mpDrained":0,"shieldAbsorbed":206522,"firstRoundDeaths":0,"firstMpShortageRound":null}
{"level":6000,"party":0,"ids":["ch2_seria","ch2_carmia","ch2_rostia","ch2_althea"],"seed":29,"won":true,"lost":false,"rounds":8,"remaining":0.40425008659994255,"damage":1484000,"taken":310156,"healing":200853,"mpSpent":529,"mpDrained":0,"shieldAbsorbed":228327,"firstRoundDeaths":0,"firstMpShortageRound":null}
{"level":6000,"party":1,"ids":["ch2_ryune","ch2_rose","ch2_mirea","ch2_viola"],"seed":1,"won":false,"lost":true,"rounds":7,"remaining":0,"damage":638244,"taken":298537,"healing":159070,"mpSpent":213,"mpDrained":0,"shieldAbsorbed":107543,"firstRoundDeaths":0,"firstMpShortageRound":null}
{"level":6000,"party":1,"ids":["ch2_ryune","ch2_rose","ch2_mirea","ch2_viola"],"seed":7,"won":false,"lost":true,"rounds":7,"remaining":0,"damage":667049,"taken":279787,"healing":140320,"mpSpent":213,"mpDrained":0,"shieldAbsorbed":107543,"firstRoundDeaths":0,"firstMpShortageRound":null}
{"level":6000,"party":1,"ids":["ch2_ryune","ch2_rose","ch2_mirea","ch2_viola"],"seed":29,"won":false,"lost":true,"rounds":7,"remaining":0,"damage":578429,"taken":284199,"healing":144732,"mpSpent":226,"mpDrained":0,"shieldAbsorbed":111665,"firstRoundDeaths":0,"firstMpShortageRound":null}
{"level":6000,"party":2,"ids":["ch2_dracia","ch2_rucie","ch2_tillea","ch2_grant"],"seed":1,"won":true,"lost":false,"rounds":9,"remaining":0.18367570498309668,"damage":1484000,"taken":209414,"healing":35387,"mpSpent":474,"mpDrained":0,"shieldAbsorbed":257653,"firstRoundDeaths":0,"firstMpShortageRound":null}
{"level":6000,"party":2,"ids":["ch2_dracia","ch2_rucie","ch2_tillea","ch2_grant"],"seed":7,"won":true,"lost":false,"rounds":10,"remaining":0.1848074056212402,"damage":1484000,"taken":208244,"healing":35386,"mpSpent":520,"mpDrained":0,"shieldAbsorbed":300427,"firstRoundDeaths":0,"firstMpShortageRound":null}
{"level":6000,"party":2,"ids":["ch2_dracia","ch2_rucie","ch2_tillea","ch2_grant"],"seed":29,"won":true,"lost":false,"rounds":11,"remaining":0.11113568491825321,"damage":1484000,"taken":277092,"healing":83287,"mpSpent":524,"mpDrained":0,"shieldAbsorbed":331882,"firstRoundDeaths":0,"firstMpShortageRound":null}
{"level":6000,"party":3,"ids":["ch2_nemesia","ch2_everia","ch2_aeriel","ch2_vespera"],"seed":1,"won":true,"lost":false,"rounds":3,"remaining":1,"damage":1463000,"taken":85658,"healing":85658,"mpSpent":354,"mpDrained":0,"shieldAbsorbed":148768,"firstRoundDeaths":0,"firstMpShortageRound":null}
{"level":6000,"party":3,"ids":["ch2_nemesia","ch2_everia","ch2_aeriel","ch2_vespera"],"seed":7,"won":true,"lost":false,"rounds":3,"remaining":1,"damage":1463000,"taken":81820,"healing":81820,"mpSpent":354,"mpDrained":0,"shieldAbsorbed":149498,"firstRoundDeaths":0,"firstMpShortageRound":null}
