TAP version 13
# Subtest: all fifteen boundaries are exact, including decimal strings beyond safe Number range
ok 1 - all fifteen boundaries are exact, including decimal strings beyond safe Number range
  ---
  duration_ms: 7.696535
  type: 'test'
  ...
# Subtest: every viewer follows their own distance, independently of the leader and the minimap
ok 2 - every viewer follows their own distance, independently of the leader and the minimap
  ---
  duration_ms: 7.09672
  type: 'test'
  ...
# Subtest: the user screenshot distances enter the stratosphere and space, not stadium
ok 3 - the user screenshot distances enter the stratosphere and space, not stadium
  ---
  duration_ms: 1.370122
  type: 'test'
  ...
# Subtest: ordinary crossings begin at their actual marker crossing and fade for at most 180ms
ok 4 - ordinary crossings begin at their actual marker crossing and fade for at most 180ms
  ---
  duration_ms: 45.063711
  type: 'test'
  ...
# Subtest: a huge jump reveals every intermediate world without adding run time
ok 5 - a huge jump reveals every intermediate world without adding run time
  ---
  duration_ms: 4.571503
  type: 'test'
  ...
# Subtest: scenery never leads physical distance during a forward run
ok 6 - scenery never leads physical distance during a forward run
  ---
  duration_ms: 54.036784
  type: 'test'
  ...
# Subtest: reverse travel descends through worlds, handles exact boundaries, and ends at the real destination
ok 7 - reverse travel descends through worlds, handles exact boundaries, and ends at the real destination
  ---
  duration_ms: 1.092588
  type: 'test'
  ...
# Subtest: very late crossings, stationary scores and already-galactic scores cannot queue transitions after the run
ok 8 - very late crossings, stationary scores and already-galactic scores cannot queue transitions after the run
  ---
  duration_ms: 2.999542
  type: 'test'
  ...
# Subtest: late join is derived from shared run time without replay state; reduced motion jumps directly
ok 9 - late join is derived from shared run time without replay state; reduced motion jumps directly
  ---
  duration_ms: 2.331139
  type: 'test'
  ...
# Subtest: all presentation phases keep exact camera, flowing markers, offsets and distance gaps untouched
ok 10 - all presentation phases keep exact camera, flowing markers, offsets and distance gaps untouched
  ---
  duration_ms: 3.478988
  type: 'test'
  ...
# Subtest: background loader caps downloads at two, prioritizes the current world and caches completed images
ok 11 - background loader caps downloads at two, prioritizes the current world and caches completed images
  ---
  duration_ms: 2.219107
  type: 'test'
  ...
# Subtest: failed and timed-out scenery uses fallback, allows remaining downloads and retries explicitly
ok 12 - failed and timed-out scenery uses fallback, allows remaining downloads and retries explicitly
  ---
  duration_ms: 0.332528
  type: 'test'
  ...
# Subtest: leaving the game cancels downloads, timers and callbacks; reopening resumes only missing assets
ok 13 - leaving the game cancels downloads, timers and callbacks; reopening resumes only missing assets
  ---
  duration_ms: 0.34198
  type: 'test'
  ...
# Subtest: async decode completion after disposal cannot repaint a dead game
ok 14 - async decode completion after disposal cannot repaint a dead game
  ---
  duration_ms: 0.374732
  type: 'test'
  ...
# Subtest: only two three-depth world slots are used; existing markers, runners and controls remain separate
ok 15 - only two three-depth world slots are used; existing markers, runners and controls remain separate
  ---
  duration_ms: 0.607428
  type: 'test'
  ...
# Subtest: crossfade retains continuous world offsets for both worlds, falls back on failure and caches writes
ok 16 - crossfade retains continuous world offsets for both worlds, falls back on failure and caches writes
  ---
  duration_ms: 5.799555
  type: 'test'
  ...
# Subtest: generated assets fully decode with documented hashes and a consistent panoramic aspect
ok 17 - generated assets fully decode with documented hashes and a consistent panoramic aspect
  ---
  duration_ms: 1076.609045
  type: 'test'
  ...
# Subtest: the victory background uses the winning distance and safely falls back to the original stadium
ok 18 - the victory background uses the winning distance and safely falls back to the original stadium
  ---
  duration_ms: 0.558644
  type: 'test'
  ...
# Subtest: live View511 paints the local space world, preserves ±1000m camera, stops idle writes and cleans up
ok 19 - live View511 paints the local space world, preserves ±1000m camera, stops idle writes and cleans up
  ---
  duration_ms: 33.802051
  type: 'test'
  ...
# Subtest: integrated render crosses all worlds while retaining the existing finite RAF and hidden-tab suspension
ok 20 - integrated render crosses all worlds while retaining the existing finite RAF and hidden-tab suspension
  ---
  duration_ms: 24.006139
  type: 'test'
  ...
# Subtest: all five new worlds use exact BigInt boundaries and reverse through chaos
ok 21 - all five new worlds use exact BigInt boundaries and reverse through chaos
  ---
  duration_ms: 9.116698
  type: 'test'
  ...
# Subtest: all five new backgrounds decode at native aspect and stay below 700KB each
ok 22 - all five new backgrounds decode at native aspect and stay below 700KB each
  ---
  duration_ms: 685.701018
  type: 'test'
  ...
# Subtest: current importmap and offline assets refresh scenery, CSS and worker together
ok 23 - current importmap and offline assets refresh scenery, CSS and worker together
  ---
  duration_ms: 85.368956
  type: 'test'
  ...
1..23
# tests 23
# suites 0
# pass 23
# fail 0
# cancelled 0
# skipped 0
# todo 0
# duration_ms 1535.760361
