{"party":0,"ids":["ch2_seria","ch2_carmia","ch2_rostia","ch2_althea"],"level":4500,"seed":1,"won":false,"lost":true,"rounds":8,"remaining":0,"damage":403966,"taken":279427,"healing":102413,"mpSpent":362,"mpDrained":0,"shieldAbsorbed":166216,"firstRoundDeaths":0,"firstMpShortageRound":null}
{"party":0,"ids":["ch2_seria","ch2_carmia","ch2_rostia","ch2_althea"],"level":4500,"seed":7,"won":false,"lost":true,"rounds":8,"remaining":0,"damage":317396,"taken":283560,"healing":106546,"mpSpent":289,"mpDrained":0,"shieldAbsorbed":163768,"firstRoundDeaths":0,"firstMpShortageRound":null}
{"party":0,"ids":["ch2_seria","ch2_carmia","ch2_rostia","ch2_althea"],"level":4500,"seed":29,"won":false,"lost":true,"rounds":8,"remaining":0,"damage":447598,"taken":281383,"healing":104369,"mpSpent":385,"mpDrained":0,"shieldAbsorbed":201366,"firstRoundDeaths":0,"firstMpShortageRound":null}
{"party":1,"ids":["ch2_ryune","ch2_rose","ch2_mirea","ch2_viola"],"level":4500,"seed":1,"won":false,"lost":true,"rounds":3,"remaining":0,"damage":92940,"taken":114812,"healing":999,"mpSpent":60,"mpDrained":0,"shieldAbsorbed":67638,"firstRoundDeaths":0,"firstMpShortageRound":null}
{"party":1,"ids":["ch2_ryune","ch2_rose","ch2_mirea","ch2_viola"],"level":4500,"seed":7,"won":false,"lost":true,"rounds":3,"remaining":0,"damage":90987,"taken":117425,"healing":3612,"mpSpent":60,"mpDrained":0,"shieldAbsorbed":70561,"firstRoundDeaths":0,"firstMpShortageRound":null}
{"party":1,"ids":["ch2_ryune","ch2_rose","ch2_mirea","ch2_viola"],"level":4500,"seed":29,"won":false,"lost":true,"rounds":3,"remaining":0,"damage":0,"taken":117425,"healing":3612,"mpSpent":60,"mpDrained":0,"shieldAbsorbed":70561,"firstRoundDeaths":0,"firstMpShortageRound":null}
{"party":2,"ids":["ch2_dracia","ch2_rucie","ch2_tillea","ch2_grant"],"level":4500,"seed":1,"won":false,"lost":true,"rounds":7,"remaining":0,"damage":374207,"taken":235735,"healing":52145,"mpSpent":246,"mpDrained":0,"shieldAbsorbed":184273,"firstRoundDeaths":0,"firstMpShortageRound":null}
{"party":2,"ids":["ch2_dracia","ch2_rucie","ch2_tillea","ch2_grant"],"level":4500,"seed":7,"won":false,"lost":true,"rounds":7,"remaining":0,"damage":265181,"taken":235735,"healing":52145,"mpSpent":225,"mpDrained":0,"shieldAbsorbed":157289,"firstRoundDeaths":0,"firstMpShortageRound":null}
{"party":2,"ids":["ch2_dracia","ch2_rucie","ch2_tillea","ch2_grant"],"level":4500,"seed":29,"won":false,"lost":true,"rounds":8,"remaining":0,"damage":344938,"taken":235735,"healing":52145,"mpSpent":248,"mpDrained":0,"shieldAbsorbed":185559,"firstRoundDeaths":0,"firstMpShortageRound":null}
{"party":3,"ids":["ch2_nemesia","ch2_everia","ch2_aeriel","ch2_vespera"],"level":4500,"seed":1,"won":false,"lost":true,"rounds":9,"remaining":0,"damage":1480024,"taken":606797,"healing":397408,"mpSpent":642,"mpDrained":0,"shieldAbsorbed":241720,"firstRoundDeaths":0,"firstMpShortageRound":null}
{"party":3,"ids":["ch2_nemesia","ch2_everia","ch2_aeriel","ch2_vespera"],"level":4500,"seed":7,"won":false,"lost":true,"rounds":8,"remaining":0,"damage":1186147,"taken":532819,"healing":323430,"mpSpent":593,"mpDrained":0,"shieldAbsorbed":245610,"firstRoundDeaths":0,"firstMpShortageRound":null}
{"party":3,"ids":["ch2_nemesia","ch2_everia","ch2_aeriel","ch2_vespera"],"level":4500,"seed":29,"won":false,"lost":true,"rounds":8,"remaining":0,"damage":1004272,"taken":348979,"healing":139590,"mpSpent":446,"mpDrained":0,"shieldAbsorbed":199286,"firstRoundDeaths":0,"firstMpShortageRound":null}
{"party":4,"ids":["ch2_noelle","ch2_aure","ch2_ione","ch2_noctia"],"level":4500,"seed":1,"won":false,"lost":true,"rounds":7,"remaining":0,"damage":98100,"taken":288100,"healing":126529,"mpSpent":238,"mpDrained":0,"shieldAbsorbed":110966,"firstRoundDeaths":1,"firstMpShortageRound":null}
{"party":4,"ids":["ch2_noelle","ch2_aure","ch2_ione","ch2_noctia"],"level":4500,"seed":7,"won":false,"lost":true,"rounds":10,"remaining":0,"damage":414899,"taken":461271,"healing":299700,"mpSpent":429,"mpDrained":0,"shieldAbsorbed":248021,"firstRoundDeaths":1,"firstMpShortageRound":null}
{"party":4,"ids":["ch2_noelle","ch2_aure","ch2_ione","ch2_noctia"],"level":4500,"seed":29,"won":false,"lost":true,"rounds":10,"remaining":0,"damage":305449,"taken":330429,"healing":168858,"mpSpent":360,"mpDrained":0,"shieldAbsorbed":177597,"firstRoundDeaths":1,"firstMpShortageRound":null}
{"party":5,"ids":["ten_life","ten_time","abyss_wrath","abyss_gluttony"],"level":4500,"seed":1,"won":false,"lost":true,"rounds":6,"remaining":0,"damage":217485,"taken":209578,"healing":77004,"mpSpent":432,"mpDrained":0,"shieldAbsorbed":78511,"firstRoundDeaths":0,"firstMpShortageRound":null}
{"party":5,"ids":["ten_life","ten_time","abyss_wrath","abyss_gluttony"],"level":4500,"seed":7,"won":false,"lost":true,"rounds":6,"remaining":0,"damage":217485,"taken":219026,"healing":86452,"mpSpent":432,"mpDrained":0,"shieldAbsorbed":83217,"firstRoundDeaths":0,"firstMpShortageRound":null}
{"party":5,"ids":["ten_life","ten_time","abyss_wrath","abyss_gluttony"],"level":4500,"seed":29,"won":false,"lost":true,"rounds":6,"remaining":0,"damage":200936,"taken":217105,"healing":84531,"mpSpent":432,"mpDrained":0,"shieldAbsorbed":83217,"firstRoundDeaths":0,"firstMpShortageRound":null}
{"party":6,"ids":["ch2_ferne","ch2_clarisse","ch2_nemesia","ch2_everia"],"level":4500,"seed":1,"won":false,"lost":true,"rounds":10,"remaining":0,"damage":1415470,"taken":660557,"healing":446585,"mpSpent":743,"mpDrained":0,"shieldAbsorbed":314519,"firstRoundDeaths":0,"firstMpShortageRound":null}
{"party":6,"ids":["ch2_ferne","ch2_clarisse","ch2_nemesia","ch2_everia"],"level":4500,"seed":7,"won":false,"lost":true,"rounds":10,"remaining":0,"damage":1260810,"taken":663901,"healing":449929,"mpSpent":739,"mpDrained":0,"shieldAbsorbed":277289,"firstRoundDeaths":0,"firstMpShortageRound":null}
{"party":6,"ids":["ch2_ferne","ch2_clarisse","ch2_nemesia","ch2_everia"],"level":4500,"seed":29,"won":false,"lost":true,"rounds":10,"remaining":0,"damage":1304545,"taken":632654,"healing":418682,"mpSpent":675,"mpDrained":0,"shieldAbsorbed":269416,"firstRoundDeaths":0,"firstMpShortageRound":null}
{"party":7,"ids":["ch2_dracia","ch2_rucie","ch2_meliora","ch2_elyselle"],"level":4500,"seed":1,"won":false,"lost":true,"rounds":10,"remaining":0,"damage":1167839,"taken":529222,"healing":289668,"mpSpent":665,"mpDrained":0,"shieldAbsorbed":374983,"firstRoundDeaths":0,"firstMpShortageRound":null}
{"party":7,"ids":["ch2_dracia","ch2_rucie","ch2_meliora","ch2_elyselle"],"level":4500,"seed":7,"won":false,"lost":true,"rounds":10,"remaining":0,"damage":1374611,"taken":587795,"healing":348241,"mpSpent":590,"mpDrained":0,"shieldAbsorbed":326469,"firstRoundDeaths":0,"firstMpShortageRound":null}
{"party":7,"ids":["ch2_dracia","ch2_rucie","ch2_meliora","ch2_elyselle"],"level":4500,"seed":29,"won":false,"lost":true,"rounds":10,"remaining":0,"damage":1754192,"taken":619098,"healing":379544,"mpSpent":700,"mpDrained":0,"shieldAbsorbed":384337,"firstRoundDeaths":0,"firstMpShortageRound":null}
{"party":8,"ids":["ch2_sephira","ch2_astrelle","ch2_aeriel","ch2_vespera"],"level":4500,"seed":1,"won":false,"lost":true,"rounds":10,"remaining":0,"damage":1237275,"taken":463700,"healing":257113,"mpSpent":725,"mpDrained":0,"shieldAbsorbed":312797,"firstRoundDeaths":0,"firstMpShortageRound":null}
{"party":8,"ids":["ch2_sephira","ch2_astrelle","ch2_aeriel","ch2_vespera"],"level":4500,"seed":7,"won":true,"lost":false,"rounds":8,"remaining":1,"damage":1924000,"taken":489497,"healing":489497,"mpSpent":773,"mpDrained":0,"shieldAbsorbed":276190,"firstRoundDeaths":0,"firstMpShortageRound":null}
{"party":8,"ids":["ch2_sephira","ch2_astrelle","ch2_aeriel","ch2_vespera"],"level":4500,"seed":29,"won":false,"lost":true,"rounds":10,"remaining":0,"damage":1534317,"taken":683225,"healing":476638,"mpSpent":629,"mpDrained":0,"shieldAbsorbed":320637,"firstRoundDeaths":0,"firstMpShortageRound":null}
{"party":0,"ids":["ch2_seria","ch2_carmia","ch2_rostia","ch2_althea"],"level":6000,"seed":1,"won":false,"lost":true,"rounds":9,"remaining":0,"damage":762162,"taken":382510,"healing":164528,"mpSpent":386,"mpDrained":0,"shieldAbsorbed":210157,"firstRoundDeaths":0,"firstMpShortageRound":null}
{"party":0,"ids":["ch2_seria","ch2_carmia","ch2_rostia","ch2_althea"],"level":6000,"seed":7,"won":false,"lost":true,"rounds":9,"remaining":0,"damage":742086,"taken":358873,"healing":140891,"mpSpent":391,"mpDrained":0,"shieldAbsorbed":227573,"firstRoundDeaths":0,"firstMpShortageRound":null}
{"party":0,"ids":["ch2_seria","ch2_carmia","ch2_rostia","ch2_althea"],"level":6000,"seed":29,"won":false,"lost":true,"rounds":10,"remaining":0,"damage":965923,"taken":414299,"healing":196317,"mpSpent":502,"mpDrained":0,"shieldAbsorbed":270965,"firstRoundDeaths":0,"firstMpShortageRound":null}
{"party":1,"ids":["ch2_ryune","ch2_rose","ch2_mirea","ch2_viola"],"level":6000,"seed":1,"won":false,"lost":true,"rounds":3,"remaining":0,"damage":122972,"taken":139468,"healing":1,"mpSpent":60,"mpDrained":0,"shieldAbsorbed":71900,"firstRoundDeaths":0,"firstMpShortageRound":null}
{"party":1,"ids":["ch2_ryune","ch2_rose","ch2_mirea","ch2_viola"],"level":6000,"seed":7,"won":false,"lost":true,"rounds":3,"remaining":0,"damage":120180,"taken":139468,"healing":1,"mpSpent":60,"mpDrained":0,"shieldAbsorbed":74892,"firstRoundDeaths":0,"firstMpShortageRound":null}
{"party":1,"ids":["ch2_ryune","ch2_rose","ch2_mirea","ch2_viola"],"level":6000,"seed":29,"won":false,"lost":true,"rounds":4,"remaining":0,"damage":22853,"taken":173750,"healing":34283,"mpSpent":103,"mpDrained":0,"shieldAbsorbed":74892,"firstRoundDeaths":0,"firstMpShortageRound":null}
{"party":2,"ids":["ch2_dracia","ch2_rucie","ch2_tillea","ch2_grant"],"level":6000,"seed":1,"won":false,"lost":true,"rounds":9,"remaining":0,"damage":636111,"taken":334015,"healing":107850,"mpSpent":335,"mpDrained":0,"shieldAbsorbed":272234,"firstRoundDeaths":0,"firstMpShortageRound":null}
{"party":2,"ids":["ch2_dracia","ch2_rucie","ch2_tillea","ch2_grant"],"level":6000,"seed":7,"won":false,"lost":true,"rounds":10,"remaining":0,"damage":748639,"taken":342112,"healing":115947,"mpSpent":406,"mpDrained":0,"shieldAbsorbed":345476,"firstRoundDeaths":0,"firstMpShortageRound":null}
{"party":2,"ids":["ch2_dracia","ch2_rucie","ch2_tillea","ch2_grant"],"level":6000,"seed":29,"won":false,"lost":true,"rounds":10,"remaining":0,"damage":488505,"taken":339430,"healing":113265,"mpSpent":328,"mpDrained":0,"shieldAbsorbed":273722,"firstRoundDeaths":0,"firstMpShortageRound":null}
{"party":3,"ids":["ch2_nemesia","ch2_everia","ch2_aeriel","ch2_vespera"],"level":6000,"seed":1,"won":true,"lost":false,"rounds":4,"remaining":0.8731721828641136,"damage":1600000,"taken":204208,"healing":168903,"mpSpent":419,"mpDrained":0,"shieldAbsorbed":180387,"firstRoundDeaths":0,"firstMpShortageRound":null}
{"party":3,"ids":["ch2_nemesia","ch2_everia","ch2_aeriel","ch2_vespera"],"level":6000,"seed":7,"won":true,"lost":false,"rounds":5,"remaining":0.6899046498824053,"damage":1792000,"taken":254185,"healing":173000,"mpSpent":477,"mpDrained":0,"shieldAbsorbed":215805,"firstRoundDeaths":0,"firstMpShortageRound":null}
{"party":3,"ids":["ch2_nemesia","ch2_everia","ch2_aeriel","ch2_vespera"],"level":6000,"seed":29,"won":true,"lost":false,"rounds":4,"remaining":0.8132080420035567,"damage":1672000,"taken":184684,"healing":136408,"mpSpent":419,"mpDrained":0,"shieldAbsorbed":182938,"firstRoundDeaths":0,"firstMpShortageRound":null}
{"party":4,"ids":["ch2_noelle","ch2_aure","ch2_ione","ch2_noctia"],"level":6000,"seed":1,"won":false,"lost":true,"rounds":12,"remaining":0,"damage":613428,"taken":535717,"healing":336806,"mpSpent":464,"mpDrained":0,"shieldAbsorbed":309342,"firstRoundDeaths":0,"firstMpShortageRound":null}
{"party":4,"ids":["ch2_noelle","ch2_aure","ch2_ione","ch2_noctia"],"level":6000,"seed":7,"won":false,"lost":true,"rounds":11,"remaining":0,"damage":677925,"taken":433209,"healing":234298,"mpSpent":397,"mpDrained":0,"shieldAbsorbed":304192,"firstRoundDeaths":0,"firstMpShortageRound":null}
{"party":4,"ids":["ch2_noelle","ch2_aure","ch2_ione","ch2_noctia"],"level":6000,"seed":29,"won":false,"lost":true,"rounds":11,"remaining":0,"damage":791995,"taken":495896,"healing":296985,"mpSpent":436,"mpDrained":0,"shieldAbsorbed":324199,"firstRoundDeaths":0,"firstMpShortageRound":null}
{"party":5,"ids":["ten_life","ten_time","abyss_wrath","abyss_gluttony"],"level":6000,"seed":1,"won":false,"lost":true,"rounds":6,"remaining":0,"damage":532111,"taken":268319,"healing":105532,"mpSpent":486,"mpDrained":0,"shieldAbsorbed":92400,"firstRoundDeaths":0,"firstMpShortageRound":null}
{"party":5,"ids":["ten_life","ten_time","abyss_wrath","abyss_gluttony"],"level":6000,"seed":7,"won":false,"lost":true,"rounds":7,"remaining":0,"damage":630756,"taken":304199,"healing":141412,"mpSpent":540,"mpDrained":0,"shieldAbsorbed":94119,"firstRoundDeaths":0,"firstMpShortageRound":null}
{"party":5,"ids":["ten_life","ten_time","abyss_wrath","abyss_gluttony"],"level":6000,"seed":29,"won":false,"lost":true,"rounds":7,"remaining":0,"damage":501650,"taken":266136,"healing":103349,"mpSpent":464,"mpDrained":0,"shieldAbsorbed":94119,"firstRoundDeaths":0,"firstMpShortageRound":null}
{"party":6,"ids":["ch2_ferne","ch2_clarisse","ch2_nemesia","ch2_everia"],"level":6000,"seed":1,"won":true,"lost":false,"rounds":10,"remaining":0.10360875268018668,"damage":1897600,"taken":724178,"healing":488404,"mpSpent":800,"mpDrained":0,"shieldAbsorbed":433459,"firstRoundDeaths":0,"firstMpShortageRound":null}
{"party":6,"ids":["ch2_ferne","ch2_clarisse","ch2_nemesia","ch2_everia"],"level":6000,"seed":7,"won":true,"lost":false,"rounds":8,"remaining":0.4635598357964315,"damage":1936000,"taken":437898,"healing":297964,"mpSpent":694,"mpDrained":0,"shieldAbsorbed":339020,"firstRoundDeaths":0,"firstMpShortageRound":null}
{"party":6,"ids":["ch2_ferne","ch2_clarisse","ch2_nemesia","ch2_everia"],"level":6000,"seed":29,"won":true,"lost":false,"rounds":7,"remaining":0.9609543689361538,"damage":1984000,"taken":207091,"healing":197090,"mpSpent":667,"mpDrained":0,"shieldAbsorbed":333877,"firstRoundDeaths":0,"firstMpShortageRound":null}
{"party":7,"ids":["ch2_dracia","ch2_rucie","ch2_meliora","ch2_elyselle"],"level":6000,"seed":1,"won":true,"lost":false,"rounds":8,"remaining":0.3805895517675892,"damage":1936000,"taken":440666,"healing":258699,"mpSpent":585,"mpDrained":0,"shieldAbsorbed":376437,"firstRoundDeaths":0,"firstMpShortageRound":null}
{"party":7,"ids":["ch2_dracia","ch2_rucie","ch2_meliora","ch2_elyselle"],"level":6000,"seed":7,"won":true,"lost":false,"rounds":5,"remaining":0.9295057078783141,"damage":1792000,"taken":195370,"healing":173217,"mpSpent":429,"mpDrained":0,"shieldAbsorbed":259781,"firstRoundDeaths":0,"firstMpShortageRound":null}
{"party":7,"ids":["ch2_dracia","ch2_rucie","ch2_meliora","ch2_elyselle"],"level":6000,"seed":29,"won":true,"lost":false,"rounds":5,"remaining":0.8489001706447492,"damage":1792000,"taken":199251,"healing":155310,"mpSpent":429,"mpDrained":0,"shieldAbsorbed":276195,"firstRoundDeaths":0,"firstMpShortageRound":null}
{"party":8,"ids":["ch2_sephira","ch2_astrelle","ch2_aeriel","ch2_vespera"],"level":6000,"seed":1,"won":true,"lost":false,"rounds":6,"remaining":0.8206660452826706,"damage":1888000,"taken":237414,"healing":190469,"mpSpent":574,"mpDrained":0,"shieldAbsorbed":263485,"firstRoundDeaths":0,"firstMpShortageRound":null}
{"party":8,"ids":["ch2_sephira","ch2_astrelle","ch2_aeriel","ch2_vespera"],"level":6000,"seed":7,"won":true,"lost":false,"rounds":7,"remaining":0.8181703680397783,"damage":1888000,"taken":276459,"healing":232829,"mpSpent":638,"mpDrained":0,"shieldAbsorbed":316339,"firstRoundDeaths":0,"firstMpShortageRound":null}
{"party":8,"ids":["ch2_sephira","ch2_astrelle","ch2_aeriel","ch2_vespera"],"level":6000,"seed":29,"won":true,"lost":false,"rounds":7,"remaining":0.6399742701056186,"damage":1888000,"taken":309023,"healing":220284,"mpSpent":636,"mpDrained":0,"shieldAbsorbed":270680,"firstRoundDeaths":0,"firstMpShortageRound":null}
{"party":0,"ids":["ch2_seria","ch2_carmia","ch2_rostia","ch2_althea"],"level":8000,"seed":1,"won":false,"lost":true,"rounds":19,"remaining":0,"damage":2384201,"taken":526617,"healing":258976,"mpSpent":779,"mpDrained":0,"shieldAbsorbed":548950,"firstRoundDeaths":0,"firstMpShortageRound":null}
{"party":0,"ids":["ch2_seria","ch2_carmia","ch2_rostia","ch2_althea"],"level":8000,"seed":7,"won":false,"lost":true,"rounds":18,"remaining":0,"damage":2452181,"taken":531717,"healing":264076,"mpSpent":740,"mpDrained":0,"shieldAbsorbed":497263,"firstRoundDeaths":0,"firstMpShortageRound":null}
{"party":0,"ids":["ch2_seria","ch2_carmia","ch2_rostia","ch2_althea"],"level":8000,"seed":29,"won":false,"lost":true,"rounds":16,"remaining":0,"damage":2456282,"taken":484965,"healing":217324,"mpSpent":696,"mpDrained":0,"shieldAbsorbed":473234,"firstRoundDeaths":0,"firstMpShortageRound":null}
{"party":1,"ids":["ch2_ryune","ch2_rose","ch2_mirea","ch2_viola"],"level":8000,"seed":1,"won":false,"lost":true,"rounds":5,"remaining":0,"damage":363409,"taken":279854,"healing":108812,"mpSpent":141,"mpDrained":0,"shieldAbsorbed":105876,"firstRoundDeaths":0,"firstMpShortageRound":null}
{"party":1,"ids":["ch2_ryune","ch2_rose","ch2_mirea","ch2_viola"],"level":8000,"seed":7,"won":false,"lost":true,"rounds":5,"remaining":0,"damage":194818,"taken":255999,"healing":84957,"mpSpent":113,"mpDrained":0,"shieldAbsorbed":85520,"firstRoundDeaths":0,"firstMpShortageRound":null}
{"party":1,"ids":["ch2_ryune","ch2_rose","ch2_mirea","ch2_viola"],"level":8000,"seed":29,"won":false,"lost":true,"rounds":6,"remaining":0,"damage":79972,"taken":251384,"healing":80342,"mpSpent":126,"mpDrained":0,"shieldAbsorbed":85520,"firstRoundDeaths":0,"firstMpShortageRound":null}
{"party":2,"ids":["ch2_dracia","ch2_rucie","ch2_tillea","ch2_grant"],"level":8000,"seed":1,"won":false,"lost":true,"rounds":13,"remaining":0,"damage":1529467,"taken":370890,"healing":93163,"mpSpent":488,"mpDrained":0,"shieldAbsorbed":405501,"firstRoundDeaths":0,"firstMpShortageRound":null}
{"party":2,"ids":["ch2_dracia","ch2_rucie","ch2_tillea","ch2_grant"],"level":8000,"seed":7,"won":false,"lost":true,"rounds":13,"remaining":0,"damage":964405,"taken":390518,"healing":112791,"mpSpent":422,"mpDrained":0,"shieldAbsorbed":399235,"firstRoundDeaths":0,"firstMpShortageRound":null}
{"party":2,"ids":["ch2_dracia","ch2_rucie","ch2_tillea","ch2_grant"],"level":8000,"seed":29,"won":false,"lost":true,"rounds":13,"remaining":0,"damage":1503411,"taken":369365,"healing":91638,"mpSpent":498,"mpDrained":0,"shieldAbsorbed":430597,"firstRoundDeaths":0,"firstMpShortageRound":null}
{"party":3,"ids":["ch2_nemesia","ch2_everia","ch2_aeriel","ch2_vespera"],"level":8000,"seed":1,"won":true,"lost":false,"rounds":3,"remaining":0.9909826093179703,"damage":1672000,"taken":120855,"healing":117831,"mpSpent":327,"mpDrained":0,"shieldAbsorbed":173596,"firstRoundDeaths":0,"firstMpShortageRound":null}
{"party":3,"ids":["ch2_nemesia","ch2_everia","ch2_aeriel","ch2_vespera"],"level":8000,"seed":7,"won":true,"lost":false,"rounds":3,"remaining":0.9282783463345977,"damage":1672000,"taken":146113,"healing":122061,"mpSpent":327,"mpDrained":0,"shieldAbsorbed":173596,"firstRoundDeaths":0,"firstMpShortageRound":null}
{"party":3,"ids":["ch2_nemesia","ch2_everia","ch2_aeriel","ch2_vespera"],"level":8000,"seed":29,"won":true,"lost":false,"rounds":3,"remaining":0.9170205022443285,"damage":1672000,"taken":100318,"healing":75694,"mpSpent":324,"mpDrained":0,"shieldAbsorbed":171859,"firstRoundDeaths":0,"firstMpShortageRound":null}
{"party":4,"ids":["ch2_noelle","ch2_aure","ch2_ione","ch2_noctia"],"level":8000,"seed":1,"won":false,"lost":true,"rounds":20,"remaining":0,"damage":1483771,"taken":750864,"healing":506657,"mpSpent":712,"mpDrained":0,"shieldAbsorbed":502197,"firstRoundDeaths":0,"firstMpShortageRound":null}
{"party":4,"ids":["ch2_noelle","ch2_aure","ch2_ione","ch2_noctia"],"level":8000,"seed":7,"won":false,"lost":true,"rounds":23,"remaining":0,"damage":2326391,"taken":857358,"healing":613151,"mpSpent":786,"mpDrained":0,"shieldAbsorbed":728303,"firstRoundDeaths":0,"firstMpShortageRound":null}
{"party":4,"ids":["ch2_noelle","ch2_aure","ch2_ione","ch2_noctia"],"level":8000,"seed":29,"won":false,"lost":true,"rounds":20,"remaining":0,"damage":2179593,"taken":1056014,"healing":811807,"mpSpent":857,"mpDrained":0,"shieldAbsorbed":707232,"firstRoundDeaths":0,"firstMpShortageRound":null}
{"party":5,"ids":["ten_life","ten_time","abyss_wrath","abyss_gluttony"],"level":8000,"seed":1,"won":false,"lost":true,"rounds":8,"remaining":0,"damage":852515,"taken":369736,"healing":169984,"mpSpent":534,"mpDrained":0,"shieldAbsorbed":106456,"firstRoundDeaths":0,"firstMpShortageRound":null}
{"party":5,"ids":["ten_life","ten_time","abyss_wrath","abyss_gluttony"],"level":8000,"seed":7,"won":false,"lost":true,"rounds":8,"remaining":0,"damage":813232,"taken":336204,"healing":136452,"mpSpent":560,"mpDrained":0,"shieldAbsorbed":106456,"firstRoundDeaths":0,"firstMpShortageRound":null}
{"party":5,"ids":["ten_life","ten_time","abyss_wrath","abyss_gluttony"],"level":8000,"seed":29,"won":false,"lost":true,"rounds":7,"remaining":0,"damage":677657,"taken":323109,"healing":123357,"mpSpent":486,"mpDrained":0,"shieldAbsorbed":106456,"firstRoundDeaths":0,"firstMpShortageRound":null}
{"party":6,"ids":["ch2_ferne","ch2_clarisse","ch2_nemesia","ch2_everia"],"level":8000,"seed":1,"won":true,"lost":false,"rounds":4,"remaining":0.9083087554450928,"damage":1600000,"taken":113499,"healing":85026,"mpSpent":390,"mpDrained":0,"shieldAbsorbed":215445,"firstRoundDeaths":0,"firstMpShortageRound":null}
{"party":6,"ids":["ch2_ferne","ch2_clarisse","ch2_nemesia","ch2_everia"],"level":8000,"seed":7,"won":true,"lost":false,"rounds":4,"remaining":0.8882882795625958,"damage":1600000,"taken":130099,"healing":95921,"mpSpent":390,"mpDrained":0,"shieldAbsorbed":229206,"firstRoundDeaths":0,"firstMpShortageRound":null}
{"party":6,"ids":["ch2_ferne","ch2_clarisse","ch2_nemesia","ch2_everia"],"level":8000,"seed":29,"won":true,"lost":false,"rounds":4,"remaining":0.9175627556056973,"damage":1696000,"taken":101296,"healing":73237,"mpSpent":368,"mpDrained":0,"shieldAbsorbed":220846,"firstRoundDeaths":0,"firstMpShortageRound":null}
{"party":7,"ids":["ch2_dracia","ch2_rucie","ch2_meliora","ch2_elyselle"],"level":8000,"seed":1,"won":true,"lost":false,"rounds":4,"remaining":0.9495427695103942,"damage":1600000,"taken":125269,"healing":107502,"mpSpent":344,"mpDrained":0,"shieldAbsorbed":255529,"firstRoundDeaths":0,"firstMpShortageRound":null}
{"party":7,"ids":["ch2_dracia","ch2_rucie","ch2_meliora","ch2_elyselle"],"level":8000,"seed":7,"won":true,"lost":false,"rounds":4,"remaining":0.9629777590174973,"damage":1696000,"taken":117369,"healing":102634,"mpSpent":345,"mpDrained":0,"shieldAbsorbed":244338,"firstRoundDeaths":0,"firstMpShortageRound":null}
{"party":7,"ids":["ch2_dracia","ch2_rucie","ch2_meliora","ch2_elyselle"],"level":8000,"seed":29,"won":true,"lost":false,"rounds":4,"remaining":0.9281538153147133,"damage":1696000,"taken":112755,"healing":86949,"mpSpent":345,"mpDrained":0,"shieldAbsorbed":259544,"firstRoundDeaths":0,"firstMpShortageRound":null}
{"party":8,"ids":["ch2_sephira","ch2_astrelle","ch2_aeriel","ch2_vespera"],"level":8000,"seed":1,"won":true,"lost":false,"rounds":4,"remaining":0.942343041775606,"damage":1600000,"taken":94516,"healing":74316,"mpSpent":404,"mpDrained":0,"shieldAbsorbed":212168,"firstRoundDeaths":0,"firstMpShortageRound":null}
{"party":8,"ids":["ch2_sephira","ch2_astrelle","ch2_aeriel","ch2_vespera"],"level":8000,"seed":7,"won":true,"lost":false,"rounds":4,"remaining":0.8705057642605376,"damage":1696000,"taken":107904,"healing":70735,"mpSpent":404,"mpDrained":0,"shieldAbsorbed":204989,"firstRoundDeaths":0,"firstMpShortageRound":null}
{"party":8,"ids":["ch2_sephira","ch2_astrelle","ch2_aeriel","ch2_vespera"],"level":8000,"seed":29,"won":true,"lost":false,"rounds":4,"remaining":0.8708386725970143,"damage":1696000,"taken":94474,"healing":57531,"mpSpent":347,"mpDrained":0,"shieldAbsorbed":223555,"firstRoundDeaths":0,"firstMpShortageRound":null}
