✔ build305 keeps the first 4v4 reward useful (1.98616ms)
✔ build305 4v4 rewards are monotonic and economically capped through stage 10000 (28.828231ms)
✔ build305 grants 4v4 equipment only at the intended first-clear milestones (3.576194ms)
✔ build305 safeCurrencyGrant saturates without exceeding MAX_SAFE_INTEGER (0.249145ms)
✔ build308 offline campaign trophy uses the boss chest economy and reveals its currency (57.64927ms)
✔ build305 offline mimic crystals use the converted economy depth (26.132842ms)
✔ Build308 normal reentry merges per-boss receipts even when run identifiers differ (18.688916ms)
✔ Build308 local replay resets run receipts while retaining lifetime mythic ownership (0.327653ms)
✔ Build308 an explicit server replay is authoritative over a stale local replay (0.321484ms)
✔ Build308 legacy claimedBossIds safely seeds both split receipt ledgers (0.17218ms)
✔ Build308 save normalization preserves split ledgers and clears only explicit replay runs (167.90478ms)
✔ Build311 accepts every historical schema entry point and converges idempotently (703.760773ms)
✔ Build311 carries retired storyDaysSeen receipts through save migration exactly once (12.070923ms)
▶ Build311 owned multi-boss trophy equipment repairs the exact receipt without minting a duplicate
  ✔ equipment (15.098921ms)
  ✔ reserveEquipment (2.887517ms)
  ✔ bossEquipmentVault (0.523048ms)
✔ Build311 owned multi-boss trophy equipment repairs the exact receipt without minting a duplicate (22.469027ms)
✔ Build311 protects malformed save JSON from constructor and later save writes (7.792341ms)
✔ Build311 also protects syntactically valid primitive save payloads (9.035342ms)
✔ Build311 drops a malformed active battle while preserving the loaded player (71.741446ms)
✔ original scenes retain their URLs and the new scene loads only its own image (2.11241ms)
✔ motion has a fixed budget of at most 23 groups and 17 on small or constrained devices (0.992284ms)
✔ each scene and preview owns all gradient, mask and crop references (5.607752ms)
✔ motion OFF, reduced motion and image failure remove all enhanced layers and preserve the static image (1.525507ms)
✔ hidden tabs, offscreen previews, shared modals and page restoration pause and resume together (6.514428ms)
✔ settings preview does not watch unrelated page mutations and scene replacement releases every observer (0.723469ms)
✔ resource-constrained devices reduce optional details, including after a live data-saving change (0.281083ms)
✔ all unlocked homes retain formation controls, menu actions and untouched party stats (126.851404ms)
✔ current entry preserves guide/name and motion module aliases (6.89471ms)
✔ 100 home/preview replacements leave no listeners or observers after disposal (9.615937ms)
✔ ally: mirrors triggers its actual shared resonance effect (18.127591ms)
✔ ally: talismans triggers its actual shared resonance effect (1.238585ms)
✔ ally: wings triggers its actual shared resonance effect (0.441985ms)
✔ ally: garden triggers its actual shared resonance effect (0.571741ms)
✔ ally: foxmoon triggers its actual shared resonance effect (3.511767ms)
✔ ally: starthread triggers its actual shared resonance effect (0.673134ms)
✔ ally: stitch triggers its actual shared resonance effect (2.111329ms)
✔ ally: glassaria triggers its actual shared resonance effect (0.688436ms)
✔ ally: eclipsecrown triggers its actual shared resonance effect (0.609348ms)
✔ ally: oathguard triggers its actual shared resonance effect (0.661916ms)
✔ ally: rosevow triggers its actual shared resonance effect (0.547674ms)
✔ ally: twinclock triggers its actual shared resonance effect (0.882158ms)
✔ ally: wisteria triggers its actual shared resonance effect (0.41163ms)
✔ ally: twinthunder triggers its actual shared resonance effect (0.553503ms)
✔ ally: twinkeys triggers its actual shared resonance effect (0.281514ms)
✔ ally: frostshatter triggers its actual shared resonance effect (0.298219ms)
✔ ally: oathreturn triggers its actual shared resonance effect (0.731902ms)
✔ ally: starconfluence triggers its actual shared resonance effect (0.297768ms)
✔ ally: crimsonwings triggers its actual shared resonance effect (0.291488ms)
✔ ally: absolutionbells triggers its actual shared resonance effect (0.299261ms)
✔ ally: eclipserenewal triggers its actual shared resonance effect (0.243046ms)
✔ ally: dreamharvest triggers its actual shared resonance effect (0.166861ms)
✔ ally: dragonliberation triggers its actual shared resonance effect (0.456317ms)
✔ ally: crownsfinale triggers its actual shared resonance effect (0.560384ms)
✔ enemy: mirrors triggers its actual shared resonance effect (0.385871ms)
✔ enemy: talismans triggers its actual shared resonance effect (0.19976ms)
✔ enemy: wings triggers its actual shared resonance effect (0.081192ms)
✔ enemy: garden triggers its actual shared resonance effect (0.255564ms)
✔ enemy: foxmoon triggers its actual shared resonance effect (0.367694ms)
✔ enemy: starthread triggers its actual shared resonance effect (0.247693ms)
✔ enemy: stitch triggers its actual shared resonance effect (0.244568ms)
✔ enemy: glassaria triggers its actual shared resonance effect (0.314884ms)
✔ enemy: eclipsecrown triggers its actual shared resonance effect (0.199961ms)
✔ enemy: oathguard triggers its actual shared resonance effect (0.236196ms)
✔ enemy: rosevow triggers its actual shared resonance effect (0.335114ms)
✔ enemy: twinclock triggers its actual shared resonance effect (0.284749ms)
✔ enemy: wisteria triggers its actual shared resonance effect (0.245219ms)
✔ enemy: twinthunder triggers its actual shared resonance effect (0.288234ms)
✔ enemy: twinkeys triggers its actual shared resonance effect (0.227573ms)
✔ enemy: frostshatter triggers its actual shared resonance effect (0.15968ms)
✔ enemy: oathreturn triggers its actual shared resonance effect (0.280973ms)
✔ enemy: starconfluence triggers its actual shared resonance effect (0.204188ms)
✔ enemy: crimsonwings triggers its actual shared resonance effect (0.146771ms)
✔ enemy: absolutionbells triggers its actual shared resonance effect (0.247673ms)
✔ enemy: eclipserenewal triggers its actual shared resonance effect (0.161082ms)
✔ enemy: dreamharvest triggers its actual shared resonance effect (0.118628ms)
✔ enemy: dragonliberation triggers its actual shared resonance effect (3.59973ms)
✔ enemy: crownsfinale triggers its actual shared resonance effect (0.405281ms)
✔ 24 pairs stop on partner control, death, capture and isolation; copies do not add activations (7.066368ms)
✔ no false conditional benefits from misses, plain targets, empty cleansing or empty dispel (2.222947ms)
✔ only natural attacks record focus; effects use maximum rather than sum (5.122892ms)
✔ defensive event attribution, one battle rescue, lethal hits and DoT crossing (1.377233ms)
✔ save and restore keeps quotas, focus, charge and consumption without copying cues (0.943901ms)
✔ cutins have 24 themes, two escaped names, distinct phases and no input controls (1.088699ms)
✔ lowest-HP aid may heal a sleeping third member; no late perk after a partner falls mid-hit (0.977451ms)
✔ pair discount agrees between MP affordability, battle skill buttons and enemy native AI (239.493967ms)
✔ ally: atkDown converts before resistance, without derived stun (17.358613ms)
✔ ally: defDown converts before resistance, without derived stun (13.390179ms)
✔ ally: spdDown converts before resistance, without derived stun (0.798993ms)
✔ ally: accuracyDown converts before resistance, without derived stun (0.576118ms)
✔ ally: evasionDown converts before resistance, without derived stun (0.483808ms)
✔ ally: vulnerable converts before resistance, without derived stun (0.37196ms)
✔ ally: healDown converts before resistance, without derived stun (0.306992ms)
✔ ally: mpRecoveryDown converts before resistance, without derived stun (0.328194ms)
✔ ally: reviveSeal converts before resistance, without derived stun (0.388785ms)
✔ ally: curse converts before resistance, without derived stun (5.199689ms)
✔ ally: poison converts before resistance, without derived stun (0.386622ms)
✔ ally: burn converts before resistance, without derived stun (0.279501ms)
✔ ally: bleed converts before resistance, without derived stun (0.261774ms)
✔ ally: sleep converts before resistance, without derived stun (0.262715ms)
✔ ally: freeze converts before resistance, without derived stun (0.248735ms)
✔ ally: paralysis converts before resistance, without derived stun (0.240632ms)
✔ ally: shock converts before resistance, without derived stun (0.276406ms)
✔ ally: stun converts before resistance, without derived stun (0.235725ms)
✔ ally: charm converts before resistance, without derived stun (0.277017ms)
✔ ally: confusion converts before resistance, without derived stun (4.565503ms)
✔ ally: fear converts before resistance, without derived stun (0.273192ms)
✔ ally: pact once per species across revival; secondary pact cannot chain (28.102328ms)
✔ ally: pact ignores self, ally, reflection, costs and followups (2.23136ms)
✔ ally: pact killer selection and protected MATK coefficient (10.10946ms)
✔ ally: hibernation skips ten actions, discharges on eleven, no extra ticks (6.619255ms)
✔ ally: sleep/control does not count; death before first action and later revive permanently cancels (0.574785ms)
✔ ally: absorbed death count is unique, shared, capped and does not heal (5.936147ms)
✔ ally: dead absorber gets no simultaneous batch; captures and summons excluded (2.226622ms)
✔ ally: paper body stays HP100; all shields rejected; opening and actions share quota (7.398468ms)
✔ ally: automatic rescue precedes pact/growth/hibernation cancellation (0.620474ms)
✔ enemy: atkDown converts before resistance, without derived stun (0.41841ms)
✔ enemy: defDown converts before resistance, without derived stun (0.306611ms)
✔ enemy: spdDown converts before resistance, without derived stun (0.39866ms)
✔ enemy: accuracyDown converts before resistance, without derived stun (0.283376ms)
✔ enemy: evasionDown converts before resistance, without derived stun (0.457308ms)
✔ enemy: vulnerable converts before resistance, without derived stun (0.371198ms)
✔ enemy: healDown converts before resistance, without derived stun (0.291468ms)
✔ enemy: mpRecoveryDown converts before resistance, without derived stun (0.324759ms)
✔ enemy: reviveSeal converts before resistance, without derived stun (0.186631ms)
✔ enemy: curse converts before resistance, without derived stun (0.323147ms)
✔ enemy: poison converts before resistance, without derived stun (0.241964ms)
✔ enemy: burn converts before resistance, without derived stun (0.171338ms)
✔ enemy: bleed converts before resistance, without derived stun (0.168554ms)
✔ enemy: sleep converts before resistance, without derived stun (0.165529ms)
✔ enemy: freeze converts before resistance, without derived stun (0.152199ms)
✔ enemy: paralysis converts before resistance, without derived stun (14.318597ms)
✔ enemy: shock converts before resistance, without derived stun (0.261704ms)
✔ enemy: stun converts before resistance, without derived stun (0.24615ms)
✔ enemy: charm converts before resistance, without derived stun (0.318189ms)
✔ enemy: confusion converts before resistance, without derived stun (1.68051ms)
✔ enemy: fear converts before resistance, without derived stun (0.276186ms)
✔ enemy: pact once per species across revival; secondary pact cannot chain (0.558831ms)
✔ enemy: pact ignores self, ally, reflection, costs and followups (0.828868ms)
✔ enemy: pact killer selection and protected MATK coefficient (0.401304ms)
✔ enemy: hibernation skips ten actions, discharges on eleven, no extra ticks (0.374314ms)
✔ enemy: sleep/control does not count; death before first action and later revive permanently cancels (4.681098ms)
✔ enemy: absorbed death count is unique, shared, capped and does not heal (0.548796ms)
✔ enemy: dead absorber gets no simultaneous batch; captures and summons excluded (0.671952ms)
✔ enemy: paper body stays HP100; all shields rejected; opening and actions share quota (2.339953ms)
✔ enemy: automatic rescue precedes pact/growth/hibernation cancellation (0.314784ms)
✔ inversion requires actual hostile landing; no self costs, reflection or authority conversion (4.745534ms)
✔ native DoT records hostile killer on both sides (3.258065ms)
✔ terminal protection covers boss catalog, gods, abyss, raids and online (0.148033ms)
✔ trait state + HP JSON reload preserves spent pact, sleep ticks, growth and shield duration (10.626448ms)
✔ calculated weak bodies apply after gear; growth is removed without permanent stat mutations (0.977241ms)
✔ legacy control-as-stun keeps the original ailment mapping (0.647915ms)
✔ strong ordinary regeneration and conversion regeneration use the maximum, not a sum (0.502527ms)
✔ battle cleanup removes growth and clamps excess HP without granting healing (0.499732ms)
✔ an already fallen opening party member is not a new death to absorb (5.789095ms)
✔ legacy hostile status insertion retains its origin for lethal DoT after save (0.852784ms)
✔ equipment normalization before resume preserves grown HP rather than clamping to weak entry HP (0.530909ms)
✔ favorite-only gear is visible in protection filter after lock removal (2.87646ms)
✔ explicit combined release makes eligible materials available, retaining equipped/permanent protection (2.113933ms)
✔ lock-only release keeps favorites; failed combined release restores exact flags (2.454074ms)
✔ released material can be consumed once; selected base and protected items survive (1.320579ms)
✔ skill menu opens repeatedly without random-circle, hero quota or turn hooks (3.033597ms)
✔ item menu opens repeatedly without random-circle, hero quota or turn hooks (3.796735ms)
✔ picker rejects busy battle state (2.911754ms)
✔ picker rejects auto battle state (0.911392ms)
✔ picker rejects actionCommitted battle state (3.966331ms)
✔ enemy turn and intro block menu; switching pickers closes the other one (2.32488ms)
✔ actual submitted skill and attack still enter action pipeline (2.064118ms)
✔ summon [data-modal-primary] closes during intro and preserves all rewards (35.030939ms)
✔ summon [data-modal-primary] closes during premium and preserves all rewards (5.894193ms)
✔ summon [data-modal-primary] closes during transition and preserves all rewards (14.485088ms)
✔ summon [data-modal-primary] closes during complete and preserves all rewards (1.277924ms)
✔ summon [data-modal-dismiss] closes during intro and preserves all rewards (0.750941ms)
✔ summon [data-modal-dismiss] closes during premium and preserves all rewards (4.214034ms)
✔ summon [data-modal-dismiss] closes during transition and preserves all rewards (0.995629ms)
✔ summon [data-modal-dismiss] closes during complete and preserves all rewards (0.714015ms)
✔ beginner early dismissal uses correct return destination (0.729658ms)
✔ chapterTwo397 early dismissal uses correct return destination (0.651411ms)
✔ boot cache retains operation modules and the current config target (1.111975ms)
✔ item selection commits one inventory item and hero action; duplicate taps and invalid targets consume nothing (5.446639ms)
✔ protection manager renders an explicit combined release and favorites filter (3.913412ms)
✔ one-frame chapter-two and raid circles receive stable-frame treatment; three-frame animation remains (1.037722ms)
✔ visible art and circle fit at 320px, including narrow/tall artwork (0.460944ms)
✔ visible art and circle fit at 390px, including narrow/tall artwork (0.170838ms)
✔ visible art and circle fit at 430px, including narrow/tall artwork (0.106671ms)
✔ visible art and circle fit at 768px, including narrow/tall artwork (0.127061ms)
✔ visible art and circle fit at 1280px, including narrow/tall artwork (0.160091ms)
✔ real fitting positions ally visible feet above HP and labels above art; repeat fitting is stable (0.794747ms)
✔ latest cache targets and CSS ordering preserve Build412 logic (6.743582ms)
✔ UI distinguishes spent followups from synergy and restores the next round (2.377609ms)
✔ hard sleep immunity produces a consumable half-bonus, not sleep or full damage (1.164854ms)
✔ dual conditions require their own types; one mark never satisfies two debuffs (0.357218ms)
✔ marks expire, survive checkpoints, and are not generated by chance failure/resistance/cost (0.429076ms)
✔ trial HP stays out of the normal roster save; resume and repeated binding do not multiply (11.082695ms)
✔ paper body remains HP100; endgame and online receive no adaptation (3.184364ms)
✔ protected traits use bounded defense penetration; online-compatible legacy plan remains unchanged (0.333603ms)
✔ ordinary support recommendation includes a party heal, preserving manual loadouts (6.417532ms)
✔ online profiles and HP transfer never export chapter/trial multipliers (6.511603ms)
✔ all modified browser modules, including old importer aliases, resolve to the current code (15.474412ms)
✔ online combat cannot acquire trial stats; role condition is explicit (20.736198ms)
✔ enemy-side preparation belongs to its side, pair, target and status type (0.995919ms)
✔ protected damage caps final HP loss after shield absorption (18.842862ms)
✔ full outgoing online profile stays at its ordinary stats while local battle uses adaptation (39.206625ms)
✔ primary healing support has MP for at least three casts at benchmark levels (114.816456ms)
✔ Deep Abyss and Ten Gods preserve all 68 golden stat, MP and skill profiles (348.860202ms)
✔ team: actual resolver casts canonical ultimate once, preserves MP and rejects early reuse (3.735023ms)
✔ raid: actual resolver casts canonical ultimate once, preserves MP and rejects early reuse (0.581686ms)
✔ raid and 4v4 ordinary item recovery is intercepted by active enemy healing theft (5.309353ms)
✔ 411 shared ultimate damage cannot attach HP100 body rules to legacy online enemies (1.831357ms)
✔ first chapter: real checkpoint → SaveService migration → resume preserves HP, MP, effects and turn ownership (false) (389.851427ms)
✔ first chapter: real checkpoint → SaveService migration → resume preserves HP, MP, effects and turn ownership (true) (54.563745ms)
✔ chapter two: real checkpoint → SaveService migration → resume preserves HP, MP, effects and turn ownership (false) (99.581889ms)
✔ chapter two: real checkpoint → SaveService migration → resume preserves HP, MP, effects and turn ownership (true) (21.145794ms)
✔ manual trial: real checkpoint → SaveService migration → resume preserves HP, MP, effects and turn ownership (false) (25.250274ms)
✔ manual trial: real checkpoint → SaveService migration → resume preserves HP, MP, effects and turn ownership (true) (41.921117ms)
✔ normal victory grants gold, EXP, kills and history only once while its result remains open (456.325748ms)
✔ victory result HP and level gains use ordinary post-battle stats (33.82955ms)
✔ storage quota failure keeps the last valid save and retry writes the current state once (4.067423ms)
✔ 1 battle HP remains alive through serialization and removing large trial multipliers; KO remains zero (9.356836ms)
✔ native manual skill picker waits; choosing an authored skill consumes MP and exactly one turn (44.549219ms)
✔ native auto wait honors switching to manual before committing the queued action (26.366795ms)
✔ memory defeat rescues every member at HP1 and does not charge a second loss (30.958748ms)
✔ chapter victory saves the same normal HP displayed after rewards, including storage retry (false) (493.296582ms)
✔ chapter victory saves the same normal HP displayed after rewards, including storage retry (true) (14.14829ms)
✔ defeat at floor100 stays on its result when the biome collapse callback arrives late (132.445867ms)
✔ pagehide checkpoint after defeat cannot resurrect a settled battle or its exploration snapshot (107.885962ms)
✔ loading an old orphaned normal battle preserves rescue state and drops only inactive encounter data (22.234614ms)
✔ runtime resume refuses an ordinary checkpoint belonging to an ended run (10.292084ms)
✔ an ended field cannot start a transition and leave encountering/paused stuck (28.215317ms)
✔ cancelling an encounter transition releases its own field lock (33.256598ms)
✔ native cancellation during a transition releases pause even when it already cleared encountering (14.399398ms)
✔ cancelled transition cannot release a newer encounter or another screen modal (61.971708ms)
✔ normal floor100 encounters still start with HP1 / MP0 and the selected floor is retained (94.473113ms)
✔ HP1 / MP0 / poison at floor100 completes enemy turns and defeat once, including late timers (153.506492ms)
✔ late turn completion after settlement cannot advance the queue or modify saved rescue HP (28.883624ms)
✔ legitimate memory and special battle saves remain resumable outside a normal expedition (114.6869ms)
✔ reported Serene / Fairy / Shade Cat / Thorn Bud encounter uses native AI and exits at low HP (10 seeds) (1324.599149ms)
✔ area 0: tap through spring, preserve route, heal once and rearm after leaving (366.616782ms)
✔ area 1: tap through spring, preserve route, heal once and rearm after leaving (111.039569ms)
✔ area 2: tap through spring, preserve route, heal once and rearm after leaving (91.458971ms)
✔ area 3: tap through spring, preserve route, heal once and rearm after leaving (89.203741ms)
✔ area 4: tap through spring, preserve route, heal once and rearm after leaving (156.935534ms)
✔ auto exploration continues through the spring to its intended treasure (44.274726ms)
✔ pause/modal suspends contact; resuming preserves the route and performs one recovery (61.347709ms)
✔ failed recovery save rolls back vitals and does not display success or persist abandoned run (60.721396ms)
✔ first-chapter spring keeps its one-use recovery and movement path (42.308315ms)
✔ legacy checkpoint preparation and both reported pairs: HP×28 is independent of followups; heal and shield use prepared HP (127.032146ms)
✔ legacy checkpoint preparation and both reported pairs: HP×42 is independent of followups; heal and shield use prepared HP (109.307131ms)
✔ detail reports the bound unit, is read-only, and excludes a Ten God in an otherwise eligible party (63.997227ms)
✔ HP100 fixed ability is explained as an exception; online has no preparation detail (37.59593ms)
✔ same regular enemies render identical name, rank, HP and magic-circle card markup in both chapters (39.4754ms)
✔ chapter-two bosses retain rank and full escaped names in the HP card, including long names (17.47555ms)
✔ battle display aliases retain their verified build and config resolves to the current release (1.529423ms)
✔ real exit contact transfers 99→100 once and survives SaveService reload with a fresh floor100 map (631.009727ms)
✔ actual floor100 map, player position and HP1/MP0 survive field save/hydration; old floor99 snapshot is rejected (128.899212ms)
✔ departure selection re-enters floor100 from rescue floor1 and clears the old field snapshot before saving (154.768662ms)
✔ chapter 1: skill picker is removed before the banner; a second tap cannot spend MP twice (121.840364ms)
✔ chapter 2: skill picker is removed before the banner; a second tap cannot spend MP twice (83.306357ms)
✔ rejected MP/cooldown choices keep the picker open and do not consume the turn (35.495688ms)
✔ hero and ultimate presentation paths also close the picker before presenting events (59.089249ms)
✔ fresh second chapter and mother battles use natural stats for every party size (36.315202ms)
✔ cleared second chapter unlocks the sanctum without replaying or changing chapter one (13.929822ms)
✔ attempt IDs, defeat, retreat-equivalent settlement and first rewards are idempotent (50.333497ms)
✔ dead parties cannot begin; partial dialogue and independent progression survive actual save reload (52.622923ms)
✔ both enemy and allied glass pairs use two followups, 10% healing and the same round reset (31.291489ms)
✔ mother uses registered native authored skills, complete atlas frames and existing battle markup (18.483626ms)
✔ all mother dialogue is authored, ending stays replayable and leaves an optional continuation (0.26559ms)
✔ mother native command reaches real enemy AI and can finish without a progress stall (192.372399ms)
✔ native mother result persists restored supplies/vitals before revealing contribution and cannot award twice (11.257338ms)
✔ native mother save checkpoint resumes in sanctum with its attempt and action commit preserved (14.829986ms)
✔ native mother dialogue preserves index on dismiss and only completes after final confirmation (16.901295ms)
✔ destination navigates section 4 -> 5 -> 4; primary enters the sanctum, never region 5 (131.078788ms)
✔ locked core cannot route to final battle; old cleared saves default to section 5 (26.381066ms)
✔ existing and new endings appear in chronological archive; counts and home agree without editing saves (9.274563ms)
✔ unseen stories remain locked; optional defeat is counted only when read (17.717944ms)
✔ all mother scenes use native cast presentation; ending has lines for all seven characters (6.453566ms)
✔ legacy partial scenes restart safely, new partial scenes resume and completed replay writes nothing (13.303839ms)
✔ mother cadence respects cooldowns and mana, and leaves old encounters unchanged (0.602136ms)
✔ native mother veil is a removable guard and HP shield, without extra divineBarrier (11.399692ms)
✔ all-enemy gold thread damages each survivor and applies recovery suppression through native effects (23.518877ms)
✔ mother decoration is absent in other battles and never changes sprite/card ordering (13.199191ms)
✔ dial spin finishes before dismissal at every battle speed and reduced motion (46.054044ms)
✔ manual command waits until the round law ends, then spends exactly one normal skill turn (56.174575ms)
✔ ten Roman laws map to the actual ten signatures without mutating the characters (2.063006ms)
✔ all ten laws occur once per cycle; rematches and reloads use the same preview (0.563729ms)
✔ dial fires once despite zero MP, sealed skill cooldown and action-stopping effects; does not spend a natural turn (8.387347ms)
✔ two callbacks during the spin cannot trigger twice, and the overlay finishes before the attack (6.568839ms)
✔ ordinary, older active mother, dead mother and settled battles do not receive the new dial (6.127164ms)
✔ native turn flow resolves the round law before the enemy natural action (6.676902ms)
✔ native projection damage passes through defensive shields and damages the real party (21.579097ms)
✔ mother healing projection uses native heal suppression and expiring, removable guard/regen (7.608204ms)
✔ native checkpoint includes the completed round receipt; reopening does not repeat its law (8.853659ms)
✔ exclusive home skin stays locked until a real victory and selection rejects forged settings (7.838531ms)
✔ old cleared saves unlock the skin on read without migration, extra currency or a rematch (5.150924ms)
✔ skin selection and completion survive SaveService reload; failed skin saves roll back (25.722966ms)
✔ completion is gated by victory and ending; viewing grants no additional rewards (10.102139ms)
✔ completion dismiss waits for its receipt to save and exclusive skin is only equipped by its button (9.471369ms)
✔ pixel dial contains all ten pixel-drawn Roman numerals and no thin circle primitives (0.372401ms)
✔ field halo center follows the actual sprite body and zoom rather than an unrelated tile offset (0.705822ms)
✔ shared visible-pixel fitter lifts the mother entirely above her HP card (1.174288ms)
ℹ tests 300
ℹ suites 0
ℹ pass 300
ℹ fail 0
ℹ cancelled 0
ℹ skipped 0
ℹ todo 0
ℹ duration_ms 4751.246553
