✔ build305 keeps the first 4v4 reward useful (1.539628ms)
✔ build305 4v4 rewards are monotonic and economically capped through stage 10000 (15.950543ms)
✔ build305 grants 4v4 equipment only at the intended first-clear milestones (12.738719ms)
✔ build305 safeCurrencyGrant saturates without exceeding MAX_SAFE_INTEGER (0.216055ms)
✔ build308 offline campaign trophy uses the boss chest economy and reveals its currency (43.293454ms)
✔ build305 offline mimic crystals use the converted economy depth (36.961956ms)
✔ Build308 normal reentry merges per-boss receipts even when run identifiers differ (3.886982ms)
✔ Build308 local replay resets run receipts while retaining lifetime mythic ownership (0.347363ms)
✔ Build308 an explicit server replay is authoritative over a stale local replay (0.327663ms)
✔ Build308 legacy claimedBossIds safely seeds both split receipt ledgers (0.179711ms)
✔ Build308 save normalization preserves split ledgers and clears only explicit replay runs (190.180717ms)
✔ Build311 accepts every historical schema entry point and converges idempotently (919.88401ms)
✔ Build311 carries retired storyDaysSeen receipts through save migration exactly once (25.846096ms)
▶ Build311 owned multi-boss trophy equipment repairs the exact receipt without minting a duplicate
  ✔ equipment (5.416344ms)
  ✔ reserveEquipment (2.660766ms)
  ✔ bossEquipmentVault (0.623059ms)
✔ Build311 owned multi-boss trophy equipment repairs the exact receipt without minting a duplicate (10.02341ms)
✔ Build311 protects malformed save JSON from constructor and later save writes (14.806871ms)
✔ Build311 also protects syntactically valid primitive save payloads (4.238191ms)
✔ Build311 drops a malformed active battle while preserving the loaded player (93.575388ms)
✔ original scenes retain their URLs and the new scene loads only its own image (12.405266ms)
✔ motion has a fixed budget of at most 23 groups and 17 on small or constrained devices (0.745833ms)
✔ each scene and preview owns all gradient, mask and crop references (0.858643ms)
✔ motion OFF, reduced motion and image failure remove all enhanced layers and preserve the static image (0.43206ms)
✔ hidden tabs, offscreen previews, shared modals and page restoration pause and resume together (1.492226ms)
✔ settings preview does not watch unrelated page mutations and scene replacement releases every observer (0.402846ms)
✔ resource-constrained devices reduce optional details, including after a live data-saving change (0.193572ms)
✔ all unlocked homes retain formation controls, menu actions and untouched party stats (88.316139ms)
✔ current entry preserves guide/name and motion module aliases (8.42209ms)
✔ 100 home/preview replacements leave no listeners or observers after disposal (5.492599ms)
✔ ally: mirrors triggers its actual shared resonance effect (11.686454ms)
✔ ally: talismans triggers its actual shared resonance effect (1.352026ms)
✔ ally: wings triggers its actual shared resonance effect (4.913017ms)
✔ ally: garden triggers its actual shared resonance effect (0.93702ms)
✔ ally: foxmoon triggers its actual shared resonance effect (0.801186ms)
✔ ally: starthread triggers its actual shared resonance effect (0.69146ms)
✔ ally: stitch triggers its actual shared resonance effect (5.163253ms)
✔ ally: glassaria triggers its actual shared resonance effect (0.782427ms)
✔ ally: eclipsecrown triggers its actual shared resonance effect (13.189647ms)
✔ ally: oathguard triggers its actual shared resonance effect (0.901127ms)
✔ ally: rosevow triggers its actual shared resonance effect (2.421265ms)
✔ ally: twinclock triggers its actual shared resonance effect (0.499102ms)
✔ ally: wisteria triggers its actual shared resonance effect (0.374163ms)
✔ ally: twinthunder triggers its actual shared resonance effect (0.86354ms)
✔ ally: twinkeys triggers its actual shared resonance effect (7.644519ms)
✔ ally: frostshatter triggers its actual shared resonance effect (0.79073ms)
✔ ally: oathreturn triggers its actual shared resonance effect (1.020677ms)
✔ ally: starconfluence triggers its actual shared resonance effect (0.660985ms)
✔ ally: crimsonwings triggers its actual shared resonance effect (0.37183ms)
✔ ally: absolutionbells triggers its actual shared resonance effect (0.287062ms)
✔ ally: eclipserenewal triggers its actual shared resonance effect (0.414534ms)
✔ ally: dreamharvest triggers its actual shared resonance effect (0.194893ms)
✔ ally: dragonliberation triggers its actual shared resonance effect (0.2322ms)
✔ ally: crownsfinale triggers its actual shared resonance effect (2.88943ms)
✔ enemy: mirrors triggers its actual shared resonance effect (0.813865ms)
✔ enemy: talismans triggers its actual shared resonance effect (0.211058ms)
✔ enemy: wings triggers its actual shared resonance effect (0.240001ms)
✔ enemy: garden triggers its actual shared resonance effect (0.215565ms)
✔ enemy: foxmoon triggers its actual shared resonance effect (0.37884ms)
✔ enemy: starthread triggers its actual shared resonance effect (0.449086ms)
✔ enemy: stitch triggers its actual shared resonance effect (0.266531ms)
✔ enemy: glassaria triggers its actual shared resonance effect (0.448245ms)
✔ enemy: eclipsecrown triggers its actual shared resonance effect (0.226321ms)
✔ enemy: oathguard triggers its actual shared resonance effect (0.259631ms)
✔ enemy: rosevow triggers its actual shared resonance effect (0.264067ms)
✔ enemy: twinclock triggers its actual shared resonance effect (0.364559ms)
✔ enemy: wisteria triggers its actual shared resonance effect (4.533475ms)
✔ enemy: twinthunder triggers its actual shared resonance effect (0.338529ms)
✔ enemy: twinkeys triggers its actual shared resonance effect (0.185039ms)
✔ enemy: frostshatter triggers its actual shared resonance effect (0.170967ms)
✔ enemy: oathreturn triggers its actual shared resonance effect (1.805569ms)
✔ enemy: starconfluence triggers its actual shared resonance effect (0.28567ms)
✔ enemy: crimsonwings triggers its actual shared resonance effect (0.221564ms)
✔ enemy: absolutionbells triggers its actual shared resonance effect (6.851706ms)
✔ enemy: eclipserenewal triggers its actual shared resonance effect (0.286632ms)
✔ enemy: dreamharvest triggers its actual shared resonance effect (0.189676ms)
✔ enemy: dragonliberation triggers its actual shared resonance effect (0.17978ms)
✔ enemy: crownsfinale triggers its actual shared resonance effect (16.635875ms)
✔ 24 pairs stop on partner control, death, capture and isolation; copies do not add activations (12.683345ms)
✔ no false conditional benefits from misses, plain targets, empty cleansing or empty dispel (3.026337ms)
✔ only natural attacks record focus; effects use maximum rather than sum (3.332527ms)
✔ defensive event attribution, one battle rescue, lethal hits and DoT crossing (18.571829ms)
✔ save and restore keeps quotas, focus, charge and consumption without copying cues (7.575044ms)
✔ cutins have 24 themes, two escaped names, distinct phases and no input controls (0.812203ms)
✔ lowest-HP aid may heal a sleeping third member; no late perk after a partner falls mid-hit (0.429547ms)
✔ pair discount agrees between MP affordability, battle skill buttons and enemy native AI (315.765693ms)
✔ ally: atkDown converts before resistance, without derived stun (11.390868ms)
✔ ally: defDown converts before resistance, without derived stun (9.430287ms)
✔ ally: spdDown converts before resistance, without derived stun (0.519302ms)
✔ ally: accuracyDown converts before resistance, without derived stun (0.394964ms)
✔ ally: evasionDown converts before resistance, without derived stun (1.010812ms)
✔ ally: vulnerable converts before resistance, without derived stun (5.216113ms)
✔ ally: healDown converts before resistance, without derived stun (0.345941ms)
✔ ally: mpRecoveryDown converts before resistance, without derived stun (0.258459ms)
✔ ally: reviveSeal converts before resistance, without derived stun (0.337739ms)
✔ ally: curse converts before resistance, without derived stun (7.144125ms)
✔ ally: poison converts before resistance, without derived stun (0.334073ms)
✔ ally: burn converts before resistance, without derived stun (0.224338ms)
✔ ally: bleed converts before resistance, without derived stun (0.173902ms)
✔ ally: sleep converts before resistance, without derived stun (0.155044ms)
✔ ally: freeze converts before resistance, without derived stun (1.116591ms)
✔ ally: paralysis converts before resistance, without derived stun (0.195744ms)
✔ ally: shock converts before resistance, without derived stun (0.201914ms)
✔ ally: stun converts before resistance, without derived stun (4.388717ms)
✔ ally: charm converts before resistance, without derived stun (0.289215ms)
✔ ally: confusion converts before resistance, without derived stun (0.281524ms)
✔ ally: fear converts before resistance, without derived stun (0.171608ms)
✔ ally: pact once per species across revival; secondary pact cannot chain (14.139547ms)
✔ ally: pact ignores self, ally, reflection, costs and followups (5.828535ms)
✔ ally: pact killer selection and protected MATK coefficient (18.071016ms)
✔ ally: hibernation skips ten actions, discharges on eleven, no extra ticks (1.312186ms)
✔ ally: sleep/control does not count; death before first action and later revive permanently cancels (0.383457ms)
✔ ally: absorbed death count is unique, shared, capped and does not heal (2.834497ms)
✔ ally: dead absorber gets no simultaneous batch; captures and summons excluded (0.540163ms)
✔ ally: paper body stays HP100; all shields rejected; opening and actions share quota (3.016321ms)
✔ ally: automatic rescue precedes pact/growth/hibernation cancellation (0.423338ms)
✔ enemy: atkDown converts before resistance, without derived stun (0.249626ms)
✔ enemy: defDown converts before resistance, without derived stun (0.189816ms)
✔ enemy: spdDown converts before resistance, without derived stun (0.205159ms)
✔ enemy: accuracyDown converts before resistance, without derived stun (0.200953ms)
✔ enemy: evasionDown converts before resistance, without derived stun (2.713966ms)
✔ enemy: vulnerable converts before resistance, without derived stun (0.358079ms)
✔ enemy: healDown converts before resistance, without derived stun (0.213251ms)
✔ enemy: mpRecoveryDown converts before resistance, without derived stun (0.247492ms)
✔ enemy: reviveSeal converts before resistance, without derived stun (0.231719ms)
✔ enemy: curse converts before resistance, without derived stun (0.329286ms)
✔ enemy: poison converts before resistance, without derived stun (0.248093ms)
✔ enemy: burn converts before resistance, without derived stun (0.194884ms)
✔ enemy: bleed converts before resistance, without derived stun (0.195124ms)
✔ enemy: sleep converts before resistance, without derived stun (0.164297ms)
✔ enemy: freeze converts before resistance, without derived stun (0.144327ms)
✔ enemy: paralysis converts before resistance, without derived stun (0.14603ms)
✔ enemy: shock converts before resistance, without derived stun (0.141363ms)
✔ enemy: stun converts before resistance, without derived stun (0.320332ms)
✔ enemy: charm converts before resistance, without derived stun (0.181593ms)
✔ enemy: confusion converts before resistance, without derived stun (0.150757ms)
✔ enemy: fear converts before resistance, without derived stun (0.178088ms)
✔ enemy: pact once per species across revival; secondary pact cannot chain (6.292574ms)
✔ enemy: pact ignores self, ally, reflection, costs and followups (0.736379ms)
✔ enemy: pact killer selection and protected MATK coefficient (0.433112ms)
✔ enemy: hibernation skips ten actions, discharges on eleven, no extra ticks (0.37832ms)
✔ enemy: sleep/control does not count; death before first action and later revive permanently cancels (0.209866ms)
✔ enemy: absorbed death count is unique, shared, capped and does not heal (0.479302ms)
✔ enemy: dead absorber gets no simultaneous batch; captures and summons excluded (0.399101ms)
✔ enemy: paper body stays HP100; all shields rejected; opening and actions share quota (0.588587ms)
✔ enemy: automatic rescue precedes pact/growth/hibernation cancellation (0.223377ms)
✔ inversion requires actual hostile landing; no self costs, reflection or authority conversion (0.468145ms)
✔ native DoT records hostile killer on both sides (14.487211ms)
✔ terminal protection covers boss catalog, gods, abyss, raids and online (0.149175ms)
✔ trait state + HP JSON reload preserves spent pact, sleep ticks, growth and shield duration (1.489032ms)
✔ calculated weak bodies apply after gear; growth is removed without permanent stat mutations (0.894276ms)
✔ legacy control-as-stun keeps the original ailment mapping (0.637159ms)
✔ strong ordinary regeneration and conversion regeneration use the maximum, not a sum (0.483678ms)
✔ battle cleanup removes growth and clamps excess HP without granting healing (0.954377ms)
✔ an already fallen opening party member is not a new death to absorb (0.469397ms)
✔ legacy hostile status insertion retains its origin for lethal DoT after save (1.156131ms)
✔ equipment normalization before resume preserves grown HP rather than clamping to weak entry HP (0.436628ms)
✔ favorite-only gear is visible in protection filter after lock removal (4.021804ms)
✔ explicit combined release makes eligible materials available, retaining equipped/permanent protection (1.643024ms)
✔ lock-only release keeps favorites; failed combined release restores exact flags (0.853194ms)
✔ released material can be consumed once; selected base and protected items survive (1.011623ms)
✔ skill menu opens repeatedly without random-circle, hero quota or turn hooks (7.473731ms)
✔ item menu opens repeatedly without random-circle, hero quota or turn hooks (1.581592ms)
✔ picker rejects busy battle state (0.873495ms)
✔ picker rejects auto battle state (0.926545ms)
✔ picker rejects actionCommitted battle state (5.334962ms)
✔ enemy turn and intro block menu; switching pickers closes the other one (2.91661ms)
✔ actual submitted skill and attack still enter action pipeline (3.604597ms)
✔ summon [data-modal-primary] closes during intro and preserves all rewards (33.925765ms)
✔ summon [data-modal-primary] closes during premium and preserves all rewards (1.123922ms)
✔ summon [data-modal-primary] closes during transition and preserves all rewards (4.933617ms)
✔ summon [data-modal-primary] closes during complete and preserves all rewards (0.952564ms)
✔ summon [data-modal-dismiss] closes during intro and preserves all rewards (0.686804ms)
✔ summon [data-modal-dismiss] closes during premium and preserves all rewards (0.61765ms)
✔ summon [data-modal-dismiss] closes during transition and preserves all rewards (0.63077ms)
✔ summon [data-modal-dismiss] closes during complete and preserves all rewards (0.650419ms)
✔ beginner early dismissal uses correct return destination (8.909624ms)
✔ chapterTwo397 early dismissal uses correct return destination (0.791381ms)
✔ boot cache retains operation modules and the current config target (1.517986ms)
✔ item selection commits one inventory item and hero action; duplicate taps and invalid targets consume nothing (2.901989ms)
✔ protection manager renders an explicit combined release and favorites filter (1.725398ms)
✔ one-frame chapter-two and raid circles receive stable-frame treatment; three-frame animation remains (0.97649ms)
✔ visible art and circle fit at 320px, including narrow/tall artwork (0.427724ms)
✔ visible art and circle fit at 390px, including narrow/tall artwork (0.184527ms)
✔ visible art and circle fit at 430px, including narrow/tall artwork (0.117627ms)
✔ visible art and circle fit at 768px, including narrow/tall artwork (0.156896ms)
✔ visible art and circle fit at 1280px, including narrow/tall artwork (0.115364ms)
✔ real fitting positions ally visible feet above HP and labels above art; repeat fitting is stable (0.57116ms)
✔ latest cache targets and CSS ordering preserve Build412 logic (12.109892ms)
✔ UI distinguishes spent followups from synergy and restores the next round (8.241688ms)
✔ hard sleep immunity produces a consumable half-bonus, not sleep or full damage (3.51988ms)
✔ dual conditions require their own types; one mark never satisfies two debuffs (0.375746ms)
✔ marks expire, survive checkpoints, and are not generated by chance failure/resistance/cost (0.448675ms)
✔ trial HP stays out of the normal roster save; resume and repeated binding do not multiply (8.900219ms)
✔ paper body remains HP100; endgame and online receive no adaptation (0.809659ms)
✔ protected traits use bounded defense penetration; online-compatible legacy plan remains unchanged (0.286151ms)
✔ ordinary support recommendation includes a party heal, preserving manual loadouts (6.700868ms)
✔ online profiles and HP transfer never export chapter/trial multipliers (5.49982ms)
✔ all modified browser modules, including old importer aliases, resolve to the current code (10.919589ms)
✔ online combat cannot acquire trial stats; role condition is explicit (41.460178ms)
✔ enemy-side preparation belongs to its side, pair, target and status type (12.067678ms)
✔ protected damage caps final HP loss after shield absorption (2.668037ms)
✔ full outgoing online profile stays at its ordinary stats while local battle uses adaptation (40.126521ms)
✔ primary healing support has MP for at least three casts at benchmark levels (54.385267ms)
✔ Deep Abyss and Ten Gods preserve all 68 golden stat, MP and skill profiles (295.223213ms)
✔ team: actual resolver casts canonical ultimate once, preserves MP and rejects early reuse (3.010803ms)
✔ raid: actual resolver casts canonical ultimate once, preserves MP and rejects early reuse (0.402395ms)
✔ raid and 4v4 ordinary item recovery is intercepted by active enemy healing theft (3.012886ms)
✔ 411 shared ultimate damage cannot attach HP100 body rules to legacy online enemies (2.416989ms)
✔ first chapter: real checkpoint → SaveService migration → resume preserves HP, MP, effects and turn ownership (false) (213.625611ms)
✔ first chapter: real checkpoint → SaveService migration → resume preserves HP, MP, effects and turn ownership (true) (31.607645ms)
✔ chapter two: real checkpoint → SaveService migration → resume preserves HP, MP, effects and turn ownership (false) (88.148076ms)
✔ chapter two: real checkpoint → SaveService migration → resume preserves HP, MP, effects and turn ownership (true) (18.137305ms)
✔ manual trial: real checkpoint → SaveService migration → resume preserves HP, MP, effects and turn ownership (false) (38.490607ms)
✔ manual trial: real checkpoint → SaveService migration → resume preserves HP, MP, effects and turn ownership (true) (24.911463ms)
✔ normal victory grants gold, EXP, kills and history only once while its result remains open (955.93896ms)
✔ victory result HP and level gains use ordinary post-battle stats (74.079256ms)
✔ storage quota failure keeps the last valid save and retry writes the current state once (27.821815ms)
✔ 1 battle HP remains alive through serialization and removing large trial multipliers; KO remains zero (31.592652ms)
✔ native manual skill picker waits; choosing an authored skill consumes MP and exactly one turn (31.543889ms)
✔ native auto wait honors switching to manual before committing the queued action (22.271279ms)
✔ memory defeat rescues every member at HP1 and does not charge a second loss (22.292681ms)
✔ chapter victory saves the same normal HP displayed after rewards, including storage retry (false) (447.462129ms)
✔ chapter victory saves the same normal HP displayed after rewards, including storage retry (true) (17.088686ms)
✔ defeat at floor100 stays on its result when the biome collapse callback arrives late (206.571966ms)
✔ pagehide checkpoint after defeat cannot resurrect a settled battle or its exploration snapshot (141.684675ms)
✔ loading an old orphaned normal battle preserves rescue state and drops only inactive encounter data (47.533812ms)
✔ runtime resume refuses an ordinary checkpoint belonging to an ended run (21.997938ms)
✔ an ended field cannot start a transition and leave encountering/paused stuck (18.71181ms)
✔ cancelling an encounter transition releases its own field lock (21.970176ms)
✔ native cancellation during a transition releases pause even when it already cleared encountering (31.618051ms)
✔ cancelled transition cannot release a newer encounter or another screen modal (41.396923ms)
✔ normal floor100 encounters still start with HP1 / MP0 and the selected floor is retained (90.221412ms)
✔ HP1 / MP0 / poison at floor100 completes enemy turns and defeat once, including late timers (146.783941ms)
✔ late turn completion after settlement cannot advance the queue or modify saved rescue HP (29.114411ms)
✔ legitimate memory and special battle saves remain resumable outside a normal expedition (145.835043ms)
✔ reported Serene / Fairy / Shade Cat / Thorn Bud encounter uses native AI and exits at low HP (10 seeds) (718.115215ms)
✔ area 0: tap through spring, preserve route, heal once and rearm after leaving (198.812875ms)
✔ area 1: tap through spring, preserve route, heal once and rearm after leaving (227.199361ms)
✔ area 2: tap through spring, preserve route, heal once and rearm after leaving (74.765578ms)
✔ area 3: tap through spring, preserve route, heal once and rearm after leaving (168.146724ms)
✔ area 4: tap through spring, preserve route, heal once and rearm after leaving (99.591064ms)
✔ auto exploration continues through the spring to its intended treasure (19.338704ms)
✔ pause/modal suspends contact; resuming preserves the route and performs one recovery (25.552859ms)
✔ failed recovery save rolls back vitals and does not display success or persist abandoned run (32.110752ms)
✔ first-chapter spring keeps its one-use recovery and movement path (16.992662ms)
✔ legacy checkpoint preparation and both reported pairs: HP×28 is independent of followups; heal and shield use prepared HP (66.638423ms)
✔ legacy checkpoint preparation and both reported pairs: HP×42 is independent of followups; heal and shield use prepared HP (120.760704ms)
✔ detail reports the bound unit, is read-only, and excludes a Ten God in an otherwise eligible party (36.113799ms)
✔ HP100 fixed ability is explained as an exception; online has no preparation detail (40.253882ms)
✔ same regular enemies render identical name, rank, HP and magic-circle card markup in both chapters (36.706692ms)
✔ chapter-two bosses retain rank and full escaped names in the HP card, including long names (23.429347ms)
✔ battle display aliases retain their verified build and config resolves to the current release (3.265086ms)
✔ real exit contact transfers 99→100 once and survives SaveService reload with a fresh floor100 map (692.223991ms)
✔ actual floor100 map, player position and HP1/MP0 survive field save/hydration; old floor99 snapshot is rejected (244.567594ms)
✔ departure selection re-enters floor100 from rescue floor1 and clears the old field snapshot before saving (101.475285ms)
✔ chapter 1: skill picker is removed before the banner; a second tap cannot spend MP twice (216.304134ms)
✔ chapter 2: skill picker is removed before the banner; a second tap cannot spend MP twice (137.57745ms)
✔ rejected MP/cooldown choices keep the picker open and do not consume the turn (38.881336ms)
✔ hero and ultimate presentation paths also close the picker before presenting events (39.111582ms)
✔ fresh second chapter and mother battles use natural stats for every party size (25.488683ms)
✔ cleared second chapter unlocks the sanctum without replaying or changing chapter one (14.243493ms)
✔ attempt IDs, defeat, retreat-equivalent settlement and first rewards are idempotent (64.05895ms)
✔ dead parties cannot begin; partial dialogue and independent progression survive actual save reload (68.90721ms)
✔ both enemy and allied glass pairs use two followups, 10% healing and the same round reset (28.818836ms)
✔ mother uses registered native authored skills, complete atlas frames and existing battle markup (17.800749ms)
✔ all mother dialogue is authored, ending stays replayable and leaves an optional continuation (0.259871ms)
✔ mother native command reaches real enemy AI and can finish without a progress stall (133.279761ms)
✔ native mother result persists restored supplies/vitals before revealing contribution and cannot award twice (6.911967ms)
✔ native mother save checkpoint resumes in sanctum with its attempt and action commit preserved (8.382229ms)
✔ native mother dialogue preserves index on dismiss and only completes after final confirmation (9.162084ms)
✔ destination navigates section 4 -> 5 -> 4; primary enters the sanctum, never region 5 (103.458576ms)
✔ locked core cannot route to final battle; old cleared saves default to section 5 (49.004135ms)
✔ existing and new endings appear in chronological archive; counts and home agree without editing saves (12.416984ms)
✔ unseen stories remain locked; optional defeat is counted only when read (11.487284ms)
✔ all mother scenes use native cast presentation; ending has lines for all seven characters (7.76491ms)
✔ legacy partial scenes restart safely, new partial scenes resume and completed replay writes nothing (12.039886ms)
✔ mother cadence respects cooldowns and mana, and leaves old encounters unchanged (0.461284ms)
✔ native mother veil is a removable guard and HP shield, without extra divineBarrier (16.211005ms)
✔ all-enemy gold thread damages each survivor and applies recovery suppression through native effects (40.348965ms)
✔ mother decoration is absent in other battles and never changes sprite/card ordering (13.999235ms)
✔ dial spin finishes before dismissal at every battle speed and reduced motion (42.164304ms)
✔ manual command waits until the round law ends, then spends exactly one normal skill turn (40.727685ms)
✔ ten Roman laws map to the actual ten signatures without mutating the characters (1.91299ms)
✔ all ten laws occur once per cycle; rematches and reloads use the same preview (0.468225ms)
✔ dial fires once despite zero MP, sealed skill cooldown and action-stopping effects; does not spend a natural turn (9.317698ms)
✔ two callbacks during the spin cannot trigger twice, and the overlay finishes before the attack (7.473882ms)
✔ ordinary, older active mother, dead mother and settled battles do not receive the new dial (4.906087ms)
✔ native turn flow resolves the round law before the enemy natural action (6.23028ms)
✔ native projection damage passes through defensive shields and damages the real party (24.473104ms)
✔ mother healing projection uses native heal suppression and expiring, removable guard/regen (13.76924ms)
✔ native checkpoint includes the completed round receipt; reopening does not repeat its law (11.435526ms)
✔ exclusive home skin stays locked until a real victory and selection rejects forged settings (6.33006ms)
✔ old cleared saves unlock the skin on read without migration, extra currency or a rematch (5.201671ms)
✔ skin selection and completion survive SaveService reload; failed skin saves roll back (20.091488ms)
✔ completion is gated by victory and ending; viewing grants no additional rewards (7.39948ms)
✔ completion dismiss waits for its receipt to save and exclusive skin is only equipped by its button (6.564994ms)
✔ pixel dial contains all ten pixel-drawn Roman numerals and no thin circle primitives (0.264549ms)
✔ field halo center follows the actual sprite body and zoom rather than an unrelated tile offset (0.51824ms)
✔ shared visible-pixel fitter lifts the mother entirely above her HP card (1.006906ms)
ℹ tests 300
ℹ suites 0
ℹ pass 300
ℹ fail 0
ℹ cancelled 0
ℹ skipped 0
ℹ todo 0
ℹ duration_ms 4821.971588
